 ylight

 Timestamp is 5aa49e8a (Sun Mar 11 11:12:10 2018)

 Preferred load address is 00400000

 Start         Length     Name                   Class
 0001:00000000 00002fb5H .text$mn                CODE
 0002:00000000 00000000H .idata$5                DATA
 0002:00000000 00000974H .rdata                  DATA
 0002:00000974 00000000H .edata                  DATA
 0002:00000974 000000f4H .rdata$zzzdbg           DATA
 0002:00000a68 00000000H .idata$2                DATA
 0002:00000a68 00000000H .idata$3                DATA
 0002:00000a68 00000000H .idata$4                DATA
 0002:00000a68 00000000H .idata$6                DATA
 0003:00000000 00000098H .data                   DATA
 0003:00000098 00000098H .bss                    DATA
 0004:00000000 00000060H .rsrc$01                DATA
 0004:00000060 00000180H .rsrc$02                DATA

  Address         Publics by Value              Rva+Base       Lib:Object

 0000:00000000       ___guard_fids_count        00000000     <absolute>
 0000:00000000       ___enclave_config          00000000     <absolute>
 0000:00000000       ___guard_longjmp_count     00000000     <absolute>
 0000:00000000       ___guard_iat_table         00000000     <absolute>
 0000:00000000       ___guard_iat_count         00000000     <absolute>
 0000:00000000       ___hybrid_auxiliary_iat    00000000     <absolute>
 0000:00000000       ___guard_longjmp_table     00000000     <absolute>
 0000:00000000       ___hybrid_code_map         00000000     <absolute>
 0000:00000000       ___guard_fids_table        00000000     <absolute>
 0000:00000000       ___hybrid_code_map_count   00000000     <absolute>
 0000:00000000       ___safe_se_handler_table   00000000     <absolute>
 0000:00000000       ___dynamic_value_reloc_table 00000000     <absolute>
 0000:00000000       ___safe_se_handler_count   00000000     <absolute>
 0000:00000100       ___guard_flags             00000100     <absolute>
 0001:00000000       _atol                      004002c0 f   atox.obj
 0001:00000130       __hx_entry                 004003f0 f   cli.obj
 0001:00000400       _getcmd                    004006c0 f   cli.obj
 0001:00000550       _CancelTimer               00400810 f   hellox.obj
 0001:00000570       _ChangeLine                00400830 f   hellox.obj
 0001:00000580       _CreateKernelThread        00400840 f   hellox.obj
 0001:000005c0       _DestroyKernelThread       00400880 f   hellox.obj
 0001:000005e0       _GetCursorPos              004008a0 f   hellox.obj
 0001:00000600       _GetMessage                004008c0 f   hellox.obj
 0001:00000620       _GetSystemTime             004008e0 f   hellox.obj
 0001:00000640       _GotoHome                  00400900 f   hellox.obj
 0001:00000650       _GotoPrev                  00400910 f   hellox.obj
 0001:00000660       _KMemAlloc                 00400920 f   hellox.obj
 0001:00000680       _KMemFree                  00400940 f   hellox.obj
 0001:000006a0       _LogHeader                 00400960 f   hellox.obj
 0001:00000730       _PrintChar                 004009f0 f   hellox.obj
 0001:00000750       _SendMessage               00400a10 f   hellox.obj
 0001:00000770       _SetCursorPos              00400a30 f   hellox.obj
 0001:00000790       _SetTimer                  00400a50 f   hellox.obj
 0001:000007c0       _WaitForThisObject         00400a80 f   hellox.obj
 0001:000007e0       ___BUG                     00400aa0 f   hellox.obj
 0001:00000810       __hx_htonl                 00400ad0 f   inet.obj
 0001:00000850       __hx_htons                 00400b10 f   inet.obj
 0001:00000870       __hx_ntohs                 00400b30 f   inet.obj
 0001:00000890       _ipaddr_addr               00400b50 f   ip_addr.obj
 0001:000008c0       _ipaddr_aton               00400b80 f   ip_addr.obj
 0001:00000ba0       _ipaddr_ntoa               00400e60 f   ip_addr.obj
 0001:00000bc0       _ipaddr_ntoa_r             00400e80 f   ip_addr.obj
 0001:00000cf0       _memcpy                    00400fb0 f   memory.obj
 0001:00000d40       _memset                    00401000 f   memory.obj
 0001:00000d80       _bind                      00401040 f   sockets.obj
 0001:00000db0       _close                     00401070 f   sockets.obj
 0001:00000dd0       _connect                   00401090 f   sockets.obj
 0001:00000e00       _recv                      004010c0 f   sockets.obj
 0001:00000e30       _recvfrom                  004010f0 f   sockets.obj
 0001:00000e70       _send                      00401130 f   sockets.obj
 0001:00000ea0       _sendto                    00401160 f   sockets.obj
 0001:00000ee0       _setsockopt                004011a0 f   sockets.obj
 0001:00000f10       _socket                    004011d0 f   sockets.obj
 0001:00000f40       __hx_printf                00401200 f   stdio.obj
 0001:00001090       __hx_sprintf               00401350 f   stdio.obj
 0001:000014b0       _hx_vsprintf               00401770 f   stdio.obj
 0001:00001d30       _strcmp                    00401ff0 f   string.obj
 0001:00001d90       _strcpy                    00402050 f   string.obj
 0001:00001dd0       _strlen                    00402090 f   string.obj
 0001:00001e00       _strrchr                   004020c0 f   string.obj
 0001:00001e70       _strtok                    00402130 f   string.obj
 0001:00002020       __hx_free                  004022e0 f   sysmem.obj
 0001:00002090       __hx_malloc                00402350 f   sysmem.obj
 0001:00002840       __hx_main                  00402b00 f   yeelight.obj
 0001:00002f00       __ftol2_sse                004031c0 f   MSVCRT:_ftol2_.obj
 0001:00002f09       __ftol2_pentium4           004031c9 f   MSVCRT:_ftol2_.obj
 0001:00002f1c       __ftol2_sse_excpt          004031dc f   MSVCRT:_ftol2_.obj
 0001:00002f40       __ftol2                    00403200 f   MSVCRT:_ftol2_.obj
 0002:00000070       ??_C@_04LIFAFMCE@?$FL?$CFs?$FN?$AA@ 004032f0     cli.obj
 0002:00000078       ??_C@_0CF@IJPEGGNK@Too?5many?5or?5too?5few?5arguments?$FL?$CFd@ 004032f8     cli.obj
 0002:000000a0       ??_C@_0CA@HLNEMOAC@Argument?5should?5not?5be?5empty?4?$AN?6?$AA@ 00403320     cli.obj
 0002:000000c0       ??_C@_0CA@CNNKFALJ@Can?5not?5obtain?5name?5from?$FL?$CFs?$FN?4?$AN?6?$AA@ 00403340     cli.obj
 0002:000000e0       ??_C@_0CH@ONAAHOCI@Application?5file?5name?5too?5short?$FL@ 00403360     cli.obj
 0002:00000108       ??_C@_0DC@FADMLJML@?$AN?6BUG?5oencountered?4?$AN?6File?5name?3?5@ 00403388     hellox.obj
 0002:0000013c       ??_C@_0BE@INJFJMDH@?$FL?$CFd?9?$CFd?9?$CFd?5?$CFd?3?$CFd?3?$CFd?$FN?$AA@ 004033bc     hellox.obj
 0002:00000150       _ip_addr_any               004033d0     ip_addr.obj
 0002:00000154       _ip_addr_broadcast         004033d4     ip_addr.obj
 0002:00000198       ??_C@_0CF@DLEKIKA@0123456789abcdefghijklmnopqrstuv@ 00403418     stdio.obj
 0002:000001c0       ??_C@_0CF@GDODPGFN@0123456789ABCDEFGHIJKLMNOPQRSTUV@ 00403440     stdio.obj
 0002:000001e8       ??_C@_06CBHGEMFM@?$DMNULL?$DO?$AA@ 00403468     stdio.obj
 0002:000001f0       ??_C@_0DJ@JNNEMNGL@c?3?2hellox?2personal?2hellox_os?2app@ 00403470     sysmem.obj
 0002:0000022c       ___dnames                  004034ac     time.obj
 0002:00000244       ___mnames                  004034c4     time.obj
 0002:00000448       ??_C@_0BA@DNNGICBF@HTTP?11?41?5200?5OK?$AA@ 004036c8     yeelight.obj
 0002:00000458       ??_C@_0DJ@DLILGIOL@c?3?2hellox?2personal?2hellox_os?2app@ 004036d8     yeelight.obj
 0002:00000494       ??_C@_08EEABGAIP@yeelight?$AA@ 00403714     yeelight.obj
 0002:000004a0       ??_C@_0BH@HGHOBMCE@?9?9?9?9?9?9?9?9?9?9?9?9?9?9?9?9?9?9?9?9?$AN?6?$AA@ 00403720     yeelight.obj
 0002:000004b8       ??_C@_08DELEFJBK@id?3?5?$CFs?$AN?6?$AA@ 00403738     yeelight.obj
 0002:000004c4       ??_C@_08MMEFGGML@ip?3?5?$CFs?$AN?6?$AA@ 00403744     yeelight.obj
 0002:000004d0       ??_C@_0L@PIBEHDPH@port?3?5?$CFd?$AN?6?$AA@ 00403750     yeelight.obj
 0002:000004dc       ??_C@_0CM@NIFJBDJE@?$HL?$CCid?$CC?3?$CC?$CFs?$CC?0?$CCmethod?$CC?3?$CCtoggle?$CC?0?$CCpa@ 0040375c     yeelight.obj
 0002:00000508       ??_C@_0CA@KLBIHOJL@Can?5not?5create?5socket?5object?4?$AN?6?$AA@ 00403788     yeelight.obj
 0002:00000528       ??_C@_0CN@OAKNKFDD@Can?5not?5connect?5to?5light?5object?$FL@ 004037a8     yeelight.obj
 0002:00000558       ??_C@_0BO@NPJCALFH@Connect?5to?5light?5object?5OK?4?$AN?6?$AA@ 004037d8     yeelight.obj
 0002:00000578       ??_C@_0CB@DDIPKHPP@Failed?5to?5send?5toggle?5command?4?$AN?6@ 004037f8     yeelight.obj
 0002:0000059c       ??_C@_0CB@MBPHKCID@Failed?5to?5recv?5resp?$FLret?5?$DN?5?$CFd?$FN?4?$AN?6@ 0040381c     yeelight.obj
 0002:000005c0       ??_C@_0CN@PHCHOKIN@Received?5status?5update?5message?$FLs@ 00403840     yeelight.obj
 0002:000005f0       ??_C@_0BD@PCKCGHAM@Status?5update?3?$CFs?$AN?6?$AA@ 00403870     yeelight.obj
 0002:00000604       ??_C@_02PCIJFNDE@?$AN?6?$AA@ 00403884     yeelight.obj
 0002:00000608       ??_C@_08KDOEBHGA@Location?$AA@ 00403888     yeelight.obj
 0002:00000614       ??_C@_02EGCJHIOB@id?$AA@   00403894     yeelight.obj
 0002:00000618       ??_C@_04MEMAJGDJ@name?$AA@ 00403898     yeelight.obj
 0002:00000620       ??_C@_0CA@JMCBIEPM@?$AN?6A?5new?5light?5found?$FLid?5?$DN?5?$CFs?$FN?4?$AN?6?$AA@ 004038a0     yeelight.obj
 0002:00000640       ??_C@_0CH@CPEAOEE@Failed?5to?5set?5periodic?5timer?5obj@ 004038c0     yeelight.obj
 0002:00000668       ??_C@_0O@NGDBLNOO@ylight_search?$AA@ 004038e8     yeelight.obj
 0002:00000678       ??_C@_0BO@IGAGLHOP@?$CFs?3failed?5to?5create?5socket?4?$AN?6?$AA@ 004038f8     yeelight.obj
 0002:00000698       ??_C@_0CD@GKFDFANO@?$CFs?3failed?5to?5set?5sock?8s?5timeout?4@ 00403918     yeelight.obj
 0002:000006bc       ??_C@_0O@DPNDNAHN@192?4168?4169?41?$AA@ 0040393c     yeelight.obj
 0002:000006cc       ??_C@_0CI@KJBPHAMN@?$CFs?3failed?5to?5set?5out?5going?5inter@ 0040394c     yeelight.obj
 0002:000006f4       ??_C@_0BA@CBMJEEJH@239?4255?4255?4250?$AA@ 00403974     yeelight.obj
 0002:00000704       ??_C@_0CO@KGNPGLJH@?$CFs?3failed?5to?5join?5multicast?5grou@ 00403984     yeelight.obj
 0002:00000734       ??_C@_0CI@PENFDHGF@?$CFs?3failed?5to?5bind?5to?5local?5inter@ 004039b4     yeelight.obj
 0002:00000760       ??_C@_0FF@FBGGPKPL@M?9SEARCH?5?$CK?5HTTP?11?41?$AN?6HOST?3?5239?42@ 004039e0     yeelight.obj
 0002:000007b8       ??_C@_0BN@FNGCAHAH@?$CFs?3failed?5to?5send?5request?4?$AN?6?$AA@ 00403a38     yeelight.obj
 0002:000007d8       ??_C@_0CK@PBKIGACE@Yeelight?5controller?5for?5HelloX?$FLv@ 00403a58     yeelight.obj
 0002:00000804       ??_C@_08DLKNFOKI@YEELIGHT?$AA@ 00403a84     yeelight.obj
 0002:00000810       ??_C@_0CF@HBGJCFMO@Failed?5to?5create?5searching?5threa@ 00403a90     yeelight.obj
 0002:00000838       ??_C@_04DONFEANM@list?$AA@ 00403ab8     yeelight.obj
 0002:00000840       ??_C@_04MKNBDEPB@exit?$AA@ 00403ac0     yeelight.obj
 0002:00000848       ??_C@_06MBEFLBGA@turnon?$AA@ 00403ac8     yeelight.obj
 0002:00000850       ??_C@_07HAMHLJHA@turnoff?$AA@ 00403ad0     yeelight.obj
 0002:00000858       ??_C@_04PCJFHION@help?$AA@ 00403ad8     yeelight.obj
 0002:00000860       ??_C@_0CK@NGFOKCMD@?5?5list?5?5?5?5?3?5Show?5out?5all?5found?5b@ 00403ae0     yeelight.obj
 0002:0000088c       ??_C@_0CI@BDNJHNCO@?5?5turnon?5?5?3?5Turn?5on?5a?5specified?5@ 00403b0c     yeelight.obj
 0002:000008b4       ??_C@_0CJ@LLFNANIG@?5?5turnoff?5?3?5Turn?5off?5a?5specified@ 00403b34     yeelight.obj
 0002:000008e0       ??_C@_0CE@OOIGHMBB@?5?5exit?5?5?5?5?3?5Exit?5the?5application@ 00403b60     yeelight.obj
 0002:00000904       ??_C@_0BF@MJDKECEM@?5?5Unknown?5command?4?$AN?6?$AA@ 00403b84     yeelight.obj
 0003:00000004       ___ctype                   00403d04     ctype.obj
 0003:00000014       __lpdays                   00403d14     time.obj
 0003:00000048       __days                     00403d48     time.obj
 0003:0000007c       __timezone                 00403d7c     time.obj
 0003:00000080       __daylight                 00403d80     time.obj
 0003:00000084       __dstbias                  00403d84     time.obj
 0003:00000088       _okmsg                     00403d88     yeelight.obj
 0003:0000008c       __fltused                  00403d8c     MSVCRT:fltused.obj
 0003:00000090       ___isa_enabled             00403d90     MSVCRT:_cpu_disp_.obj
 0003:00000098       _errno                     00403d98     errno.obj
 0003:00000128       ___isa_available           00403e28     MSVCRT:_cpu_disp_.obj
 0003:0000012c       ___favor                   00403e2c     MSVCRT:_cpu_disp_.obj

 entry point at        0001:00000130

 Static symbols

 0002:ffffcd80       .idata$6                   00400000     kernel32:KERNEL32.dll
 0000:ffffbe40       .debug$S                   00400000     kernel32:KERNEL32.dll
 0001:000000b0       _isdigit                   00400370 f   atox.obj
 0001:000000d0       _isspace                   00400390 f   atox.obj
 0001:00000110       _ShowPrompt                004003d0 f   cli.obj
 0001:00000280       _get_user_stroke           00400540 f   cli.obj
 0001:00000b8c       $LN40                      00400e4c     ip_addr.obj
 0001:000010d0       __number                   00401390 f   stdio.obj
 0001:00001370       _eaddr                     00401630 f   stdio.obj
 0001:00001a10       $LN75                      00401cd0     stdio.obj
 0001:00001a28       $LN73                      00401ce8     stdio.obj
 0001:00001a3c       $LN76                      00401cfc     stdio.obj
 0001:00001a6c       $LN74                      00401d2c     stdio.obj
 0001:00001ab0       _iaddr                     00401d70 f   stdio.obj
 0001:00001c90       _skip_atoi                 00401f50 f   stdio.obj
 0001:00001ce0       _strnlen                   00401fa0 f   stdio.obj
 0001:00001fa0       __hx_aligned_free          00402260 f   sysmem.obj
 0001:000020e0       _ConstructToggleCmd        004023a0 f   yeelight.obj
 0001:000021a0       _GetSocketFromLocation     00402460 f   yeelight.obj
 0001:00002370       _ParseResponse             00402630 f   yeelight.obj
 0001:00002590       _ShowLight                 00402850 f   yeelight.obj
 0001:00002610       _ToggleYlight              004028d0 f   yeelight.obj
 0001:00002a90       _getvalue                  00402d50 f   yeelight.obj
 0001:00002b70       _ylight_search             00402e30 f   yeelight.obj
 0001:00002f00       $$000000                   004031c0     MSVCRT:_ftol2_.obj
 0002:00000000       _atanhi                    00403280     atan.obj
 0002:00000020       _atanlo                    004032a0     atan.obj
 0002:00000040       _halF                      004032c0     exp.obj
 0002:00000050       _ln2HI                     004032d0     exp.obj
 0002:00000060       _ln2LO                     004032e0     exp.obj
 0002:00000158       _Zero                      004033d8     math.obj
 0002:00000168       _bp                        004033e8     pow.obj
 0002:00000178       _dp_h                      004033f8     pow.obj
 0002:00000188       _dp_l                      00403408     pow.obj
 0002:00000270       _init_jk                   004034f0     trig.obj
 0002:00000280       _PIo2                      00403500     trig.obj
 0002:000002c0       _ipio2                     00403540     trig.obj
 0002:000003c8       _npio2_hw                  00403648     trig.obj
 0003:00000000       __ctype                    00403d00     ctype.obj
 0003:00000008       _next                      00403d08     rand.obj
 0003:0000000c       _digits                    00403d0c     stdio.obj
 0003:00000010       _upper_digits              00403d10     stdio.obj
 0003:000000a0       _cmd_buffer                00403da0     cli.obj
 0003:000000a8       _prompt_string             00403da8     cli.obj
 0003:000000ec       ?str@?1??ipaddr_ntoa@@9@9  00403dec     ip_addr.obj
 0003:000000fc       ?last@?1??strtok@@9@9      00403dfc     string.obj
 0003:00000100       _tb                        00403e00     time.obj
 0003:00000124       _pLightObject              00403e24     yeelight.obj
 0004:00000060       $R000000                   00403ea0     * linker generated manifest res *
