 ylight

 Timestamp is 5aaa72fc (Thu Mar 15 21:19:56 2018)

 Preferred load address is 00400000

 Start         Length     Name                   Class
 0001:00000000 00002fc5H .text$mn                CODE
 0002:00000000 00000000H .idata$5                DATA
 0002:00000000 00000334H .rdata                  DATA
 0002:00000334 00000000H .edata                  DATA
 0002:00000334 000000f4H .rdata$zzzdbg           DATA
 0002:00000428 00000000H .idata$2                DATA
 0002:00000428 00000000H .idata$3                DATA
 0002:00000428 00000000H .idata$4                DATA
 0002:00000428 00000000H .idata$6                DATA
 0003:00000000 00000988H .data                   DATA
 0003:00000988 000000a0H .bss                    DATA
 0004:00000000 00000060H .rsrc$01                DATA
 0004:00000060 00000180H .rsrc$02                DATA

  Address         Publics by Value              Rva+Base       Lib:Object

 0000:00000000       ___guard_iat_table         00000000     <absolute>
 0000:00000000       ___guard_longjmp_table     00000000     <absolute>
 0000:00000000       ___hybrid_auxiliary_iat    00000000     <absolute>
 0000:00000000       ___guard_fids_count        00000000     <absolute>
 0000:00000000       ___guard_fids_table        00000000     <absolute>
 0000:00000000       ___enclave_config          00000000     <absolute>
 0000:00000000       ___guard_iat_count         00000000     <absolute>
 0000:00000000       ___guard_longjmp_count     00000000     <absolute>
 0000:00000000       ___hybrid_code_map_count   00000000     <absolute>
 0000:00000000       ___hybrid_code_map         00000000     <absolute>
 0000:00000000       ___safe_se_handler_table   00000000     <absolute>
 0000:00000000       ___dynamic_value_reloc_table 00000000     <absolute>
 0000:00000000       ___safe_se_handler_count   00000000     <absolute>
 0000:00000100       ___guard_flags             00000100     <absolute>
 0001:00000000       _atol                      004002c0 f   atox.obj
 0001:00000130       __hx_entry                 004003f0 f   cli.obj
 0001:00000400       _getcmd                    004006c0 f   cli.obj
 0001:00000550       _CancelTimer               00400810 f   hellox.obj
 0001:00000570       _ChangeLine                00400830 f   hellox.obj
 0001:00000580       _CreateKernelThread        00400840 f   hellox.obj
 0001:000005c0       _DestroyKernelThread       00400880 f   hellox.obj
 0001:000005e0       _GetCursorPos              004008a0 f   hellox.obj
 0001:00000600       _GetMessage                004008c0 f   hellox.obj
 0001:00000620       _GetSystemTime             004008e0 f   hellox.obj
 0001:00000640       _GotoHome                  00400900 f   hellox.obj
 0001:00000650       _GotoPrev                  00400910 f   hellox.obj
 0001:00000660       _KMemAlloc                 00400920 f   hellox.obj
 0001:00000680       _KMemFree                  00400940 f   hellox.obj
 0001:000006a0       _LogHeader                 00400960 f   hellox.obj
 0001:00000730       _PrintChar                 004009f0 f   hellox.obj
 0001:00000750       _SendMessage               00400a10 f   hellox.obj
 0001:00000770       _SetCursorPos              00400a30 f   hellox.obj
 0001:00000790       _SetTimer                  00400a50 f   hellox.obj
 0001:000007c0       _WaitForThisObject         00400a80 f   hellox.obj
 0001:000007e0       ___BUG                     00400aa0 f   hellox.obj
 0001:00000810       __hx_htonl                 00400ad0 f   inet.obj
 0001:00000850       __hx_htons                 00400b10 f   inet.obj
 0001:00000870       __hx_ntohs                 00400b30 f   inet.obj
 0001:00000890       _ipaddr_addr               00400b50 f   ip_addr.obj
 0001:000008c0       _ipaddr_aton               00400b80 f   ip_addr.obj
 0001:00000ba0       _ipaddr_ntoa               00400e60 f   ip_addr.obj
 0001:00000bc0       _ipaddr_ntoa_r             00400e80 f   ip_addr.obj
 0001:00000cf0       _memcpy                    00400fb0 f   memory.obj
 0001:00000d40       _memset                    00401000 f   memory.obj
 0001:00000d80       _bind                      00401040 f   sockets.obj
 0001:00000db0       _close                     00401070 f   sockets.obj
 0001:00000dd0       _connect                   00401090 f   sockets.obj
 0001:00000e00       _recv                      004010c0 f   sockets.obj
 0001:00000e30       _recvfrom                  004010f0 f   sockets.obj
 0001:00000e70       _send                      00401130 f   sockets.obj
 0001:00000ea0       _sendto                    00401160 f   sockets.obj
 0001:00000ee0       _setsockopt                004011a0 f   sockets.obj
 0001:00000f10       _socket                    004011d0 f   sockets.obj
 0001:00000f40       __hx_printf                00401200 f   stdio.obj
 0001:00001090       __hx_sprintf               00401350 f   stdio.obj
 0001:000014b0       _hx_vsprintf               00401770 f   stdio.obj
 0001:00001d30       _strcmp                    00401ff0 f   string.obj
 0001:00001d90       _strcpy                    00402050 f   string.obj
 0001:00001dd0       _strlen                    00402090 f   string.obj
 0001:00001e00       _strrchr                   004020c0 f   string.obj
 0001:00001e70       _strtok                    00402130 f   string.obj
 0001:00002020       __hx_free                  004022e0 f   sysmem.obj
 0001:00002090       __hx_malloc                00402350 f   sysmem.obj
 0001:00002850       __hx_main                  00402b10 f   yeelight.obj
 0001:00002f10       __ftol2_sse                004031d0 f   MSVCRT:_ftol2_.obj
 0001:00002f19       __ftol2_pentium4           004031d9 f   MSVCRT:_ftol2_.obj
 0001:00002f2c       __ftol2_sse_excpt          004031ec f   MSVCRT:_ftol2_.obj
 0001:00002f50       __ftol2                    00403210 f   MSVCRT:_ftol2_.obj
 0002:00000078       _ip_addr_any               00403338     ip_addr.obj
 0002:0000007c       _ip_addr_broadcast         0040333c     ip_addr.obj
 0002:000000c0       ___dnames                  00403380     time.obj
 0002:000000d8       ___mnames                  00403398     time.obj
 0003:00000064       ___ctype                   00403764     ctype.obj
 0003:00000260       __lpdays                   00403960     time.obj
 0003:00000294       __days                     00403994     time.obj
 0003:000002c8       __timezone                 004039c8     time.obj
 0003:000002cc       __daylight                 004039cc     time.obj
 0003:000002d0       __dstbias                  004039d0     time.obj
 0003:000002d8       _okmsg                     004039d8     yeelight.obj
 0003:00000974       __fltused                  00404074     MSVCRT:fltused.obj
 0003:00000980       ___isa_enabled             00404080     MSVCRT:_cpu_disp_.obj
 0003:00000990       _errno                     00404090     errno.obj
 0003:00000a20       ___isa_available           00404120     MSVCRT:_cpu_disp_.obj
 0003:00000a24       ___favor                   00404124     MSVCRT:_cpu_disp_.obj

 entry point at        0001:00000130

 Static symbols

 0002:ffffcd40       .idata$6                   00400000     kernel32:KERNEL32.dll
 0000:ffffbb40       .debug$S                   00400000     kernel32:KERNEL32.dll
 0001:000000b0       _isdigit                   00400370 f   atox.obj
 0001:000000d0       _isspace                   00400390 f   atox.obj
 0001:00000110       _ShowPrompt                004003d0 f   cli.obj
 0001:00000280       _get_user_stroke           00400540 f   cli.obj
 0001:00000b8c       $LN40                      00400e4c     ip_addr.obj
 0001:000010d0       __number                   00401390 f   stdio.obj
 0001:00001370       _eaddr                     00401630 f   stdio.obj
 0001:00001a10       $LN75                      00401cd0     stdio.obj
 0001:00001a28       $LN73                      00401ce8     stdio.obj
 0001:00001a3c       $LN76                      00401cfc     stdio.obj
 0001:00001a6c       $LN74                      00401d2c     stdio.obj
 0001:00001ab0       _iaddr                     00401d70 f   stdio.obj
 0001:00001c90       _skip_atoi                 00401f50 f   stdio.obj
 0001:00001ce0       _strnlen                   00401fa0 f   stdio.obj
 0001:00001fa0       __hx_aligned_free          00402260 f   sysmem.obj
 0001:000020e0       _ConstructToggleCmd        004023a0 f   yeelight.obj
 0001:000021a0       _GetSocketFromLocation     00402460 f   yeelight.obj
 0001:00002370       _ParseResponse             00402630 f   yeelight.obj
 0001:00002590       _ShowLight                 00402850 f   yeelight.obj
 0001:00002610       _ToggleYlight              004028d0 f   yeelight.obj
 0001:00002aa0       _getvalue                  00402d60 f   yeelight.obj
 0001:00002b80       _ylight_search             00402e40 f   yeelight.obj
 0001:00002f10       $$000000                   004031d0     MSVCRT:_ftol2_.obj
 0002:00000000       _atanhi                    004032c0     atan.obj
 0002:00000020       _atanlo                    004032e0     atan.obj
 0002:00000040       _firstByteMark             00403300     cjson.obj
 0002:00000048       _halF                      00403308     exp.obj
 0002:00000058       _ln2HI                     00403318     exp.obj
 0002:00000068       _ln2LO                     00403328     exp.obj
 0002:00000080       _Zero                      00403340     math.obj
 0002:00000090       _bp                        00403350     pow.obj
 0002:000000a0       _dp_h                      00403360     pow.obj
 0002:000000b0       _dp_l                      00403370     pow.obj
 0002:00000100       _init_jk                   004033c0     trig.obj
 0002:00000110       _PIo2                      004033d0     trig.obj
 0002:00000150       _ipio2                     00403410     trig.obj
 0002:00000258       _npio2_hw                  00403518     trig.obj
 0003:00000000       _cJSON_malloc              00403700     cjson.obj
 0003:00000004       _cJSON_free                00403704     cjson.obj
 0003:00000008       $SG5072                    00403708     cjson.obj
 0003:0000000c       $SG5076                    0040370c     cjson.obj
 0003:00000014       $SG5080                    00403714     cjson.obj
 0003:00000018       $SG5081                    00403718     cjson.obj
 0003:0000001c       $SG5184                    0040371c     cjson.obj
 0003:00000024       $SG5197                    00403724     cjson.obj
 0003:0000002c       $SG5275                    0040372c     cjson.obj
 0003:00000034       $SG5277                    00403734     cjson.obj
 0003:0000003c       $SG5279                    0040373c     cjson.obj
 0003:00000044       $SG5297                    00403744     cjson.obj
 0003:0000004c       $SG5299                    0040374c     cjson.obj
 0003:00000054       $SG5301                    00403754     cjson.obj
 0003:0000005c       $SG5355                    0040375c     cjson.obj
 0003:00000060       __ctype                    00403760     ctype.obj
 0003:00000068       $SG4722                    00403768     cli.obj
 0003:00000070       $SG4816                    00403770     cli.obj
 0003:00000098       $SG4818                    00403798     cli.obj
 0003:000000b8       $SG4820                    004037b8     cli.obj
 0003:000000d8       $SG4822                    004037d8     cli.obj
 0003:00000100       $SG4843                    00403800     hellox.obj
 0003:00000134       $SG4848                    00403834     hellox.obj
 0003:00000148       _next                      00403848     rand.obj
 0003:0000014c       _digits                    0040384c     stdio.obj
 0003:00000150       $SG4685                    00403850     stdio.obj
 0003:00000178       _upper_digits              00403878     stdio.obj
 0003:0000017c       $SG4687                    0040387c     stdio.obj
 0003:000001a4       $SG4987                    004038a4     stdio.obj
 0003:000001ac       $SG4769                    004038ac     sysmem.obj
 0003:000001e8       $SG4831                    004038e8     sysmem.obj
 0003:00000224       $SG4833                    00403924     sysmem.obj
 0003:000002dc       $SG4993                    004039dc     yeelight.obj
 0003:000002ec       $SG5070                    004039ec     yeelight.obj
 0003:00000328       $SG5072                    00403a28     yeelight.obj
 0003:00000364       $SG5073                    00403a64     yeelight.obj
 0003:00000370       $SG5087                    00403a70     yeelight.obj
 0003:00000388       $SG5088                    00403a88     yeelight.obj
 0003:00000394       $SG5089                    00403a94     yeelight.obj
 0003:000003a0       $SG5090                    00403aa0     yeelight.obj
 0003:000003ac       $SG5109                    00403aac     yeelight.obj
 0003:000003e8       $SG5111                    00403ae8     yeelight.obj
 0003:00000424       $SG5113                    00403b24     yeelight.obj
 0003:00000460       $SG5114                    00403b60     yeelight.obj
 0003:0000048c       $SG5116                    00403b8c     yeelight.obj
 0003:000004b8       $SG5135                    00403bb8     yeelight.obj
 0003:000004f4       $SG5138                    00403bf4     yeelight.obj
 0003:00000520       $SG5140                    00403c20     yeelight.obj
 0003:00000550       $SG5141                    00403c50     yeelight.obj
 0003:00000570       $SG5145                    00403c70     yeelight.obj
 0003:00000594       $SG5147                    00403c94     yeelight.obj
 0003:000005b8       $SG5150                    00403cb8     yeelight.obj
 0003:000005e8       $SG5151                    00403ce8     yeelight.obj
 0003:000005fc       $SG5183                    00403cfc     yeelight.obj
 0003:00000600       $SG5186                    00403d00     yeelight.obj
 0003:0000060c       $SG5188                    00403d0c     yeelight.obj
 0003:00000610       $SG5191                    00403d10     yeelight.obj
 0003:00000618       $SG5193                    00403d18     yeelight.obj
 0003:0000061c       $SG5197                    00403d1c     yeelight.obj
 0003:0000063c       $SG5232                    00403d3c     yeelight.obj
 0003:00000664       $SG5234                    00403d64     yeelight.obj
 0003:00000674       $SG5235                    00403d74     yeelight.obj
 0003:00000694       $SG5237                    00403d94     yeelight.obj
 0003:000006a4       $SG5238                    00403da4     yeelight.obj
 0003:000006c8       $SG5239                    00403dc8     yeelight.obj
 0003:000006d8       $SG5241                    00403dd8     yeelight.obj
 0003:000006e8       $SG5242                    00403de8     yeelight.obj
 0003:00000710       $SG5243                    00403e10     yeelight.obj
 0003:00000720       $SG5245                    00403e20     yeelight.obj
 0003:00000730       $SG5246                    00403e30     yeelight.obj
 0003:00000760       $SG5248                    00403e60     yeelight.obj
 0003:00000770       $SG5249                    00403e70     yeelight.obj
 0003:00000798       $SG5253                    00403e98     yeelight.obj
 0003:000007a8       $SG5254                    00403ea8     yeelight.obj
 0003:00000800       $SG5257                    00403f00     yeelight.obj
 0003:00000810       $SG5258                    00403f10     yeelight.obj
 0003:00000830       $SG5288                    00403f30     yeelight.obj
 0003:0000085c       $SG5289                    00403f5c     yeelight.obj
 0003:00000868       $SG5291                    00403f68     yeelight.obj
 0003:00000890       $SG5295                    00403f90     yeelight.obj
 0003:00000898       $SG5298                    00403f98     yeelight.obj
 0003:000008a0       $SG5301                    00403fa0     yeelight.obj
 0003:000008a8       $SG5305                    00403fa8     yeelight.obj
 0003:000008b0       $SG5309                    00403fb0     yeelight.obj
 0003:000008b8       $SG5310                    00403fb8     yeelight.obj
 0003:000008e4       $SG5311                    00403fe4     yeelight.obj
 0003:0000090c       $SG5312                    0040400c     yeelight.obj
 0003:00000938       $SG5313                    00404038     yeelight.obj
 0003:0000095c       $SG5314                    0040405c     yeelight.obj
 0003:00000988       $SG5181                    00404088     cjson.obj
 0003:0000098c       _ep                        0040408c     cjson.obj
 0003:00000998       _cmd_buffer                00404098     cli.obj
 0003:000009a0       _prompt_string             004040a0     cli.obj
 0003:000009e4       ?str@?1??ipaddr_ntoa@@9@9  004040e4     ip_addr.obj
 0003:000009f4       ?last@?1??strtok@@9@9      004040f4     string.obj
 0003:000009f8       _tb                        004040f8     time.obj
 0003:00000a1c       _pLightObject              0040411c     yeelight.obj
 0004:00000060       $R000000                   004041a0     * linker generated manifest res *
