 JerryEngine

 Timestamp is 5cf8f8e4 (Thu Jun  6 19:28:36 2019)

 Preferred load address is 00400000

 Start         Length     Name                   Class
 0001:00000000 00037b55H .text$mn                CODE
 0002:00000000 00000000H .idata$5                DATA
 0002:00000000 00012c30H .rdata                  DATA
 0002:00012c30 00000000H .edata                  DATA
 0002:00012c30 000000f8H .rdata$zzzdbg           DATA
 0002:00012d28 00000000H .idata$2                DATA
 0002:00012d28 00000000H .idata$3                DATA
 0002:00012d28 00000000H .idata$4                DATA
 0002:00012d28 00000000H .idata$6                DATA
 0003:00000000 000000c0H .data                   DATA
 0003:000000c0 00080940H .bss                    DATA
 0004:00000000 00000060H .rsrc$01                DATA
 0004:00000060 00000180H .rsrc$02                DATA

  Address         Publics by Value              Rva+Base       Lib:Object

 0000:00000000       ___guard_fids_table        00000000     <absolute>
 0000:00000000       ___enclave_config          00000000     <absolute>
 0000:00000000       ___guard_longjmp_count     00000000     <absolute>
 0000:00000000       ___dynamic_value_reloc_table 00000000     <absolute>
 0000:00000000       ___safe_se_handler_table   00000000     <absolute>
 0000:00000000       ___hybrid_auxiliary_iat    00000000     <absolute>
 0000:00000000       ___guard_iat_count         00000000     <absolute>
 0000:00000000       ___safe_se_handler_count   00000000     <absolute>
 0000:00000000       ___guard_iat_table         00000000     <absolute>
 0000:00000000       ___hybrid_code_map_count   00000000     <absolute>
 0000:00000000       ___guard_longjmp_table     00000000     <absolute>
 0000:00000000       ___guard_fids_count        00000000     <absolute>
 0000:00000000       ___volatile_metadata       00000000     <absolute>
 0000:00000000       ___hybrid_code_map         00000000     <absolute>
 0000:00000100       ___guard_flags             00000100     <absolute>
 0001:00000000       _ecma_alloc_collection_chunk 004002c0 f   ecma-alloc.obj
 0001:00000024       _ecma_alloc_collection_header 004002e4 f   ecma-alloc.obj
 0001:00000048       _ecma_alloc_extended_object 00400308 f   ecma-alloc.obj
 0001:00000051       _ecma_alloc_number         00400311 f   ecma-alloc.obj
 0001:00000075       _ecma_alloc_object         00400335 f   ecma-alloc.obj
 0001:00000099       _ecma_alloc_property_pair  00400359 f   ecma-alloc.obj
 0001:000000a2       _ecma_alloc_string         00400362 f   ecma-alloc.obj
 0001:000000c6       _ecma_dealloc_object       00400386 f   ecma-alloc.obj
 0001:000000c6       _ecma_dealloc_collection_header 00400386 f   ecma-alloc.obj
 0001:000000c6       _ecma_dealloc_string       00400386 f   ecma-alloc.obj
 0001:000000c6       _ecma_dealloc_collection_chunk 00400386 f   ecma-alloc.obj
 0001:000000c6       _ecma_dealloc_number       00400386 f   ecma-alloc.obj
 0001:000000d7       _parser_free_local         00400397 f   js-parser-mem.obj
 0001:000000d7       _parser_free               00400397 f   js-parser-mem.obj
 0001:000000d7       _ecma_dealloc_extended_object 00400397 f   ecma-alloc.obj
 0001:000000dc       _ecma_dealloc_property_pair 0040039c f   ecma-alloc.obj
 0001:000000ed       _ecma_deref_object         004003ad f   ecma-gc.obj
 0001:0000011d       _ecma_free_unused_memory   004003dd f   ecma-gc.obj
 0001:00000457       _ecma_gc_run               00400717 f   ecma-gc.obj
 0001:00000a0b       _ecma_init_gc_info         00400ccb f   ecma-gc.obj
 0001:00000a88       _ecma_ref_object           00400d48 f   ecma-gc.obj
 0001:00000aab       _ecma_number_to_decimal    00400d6b f   ecma-helpers-conversion.obj
 0001:00000b72       _ecma_number_to_int32      00400e32 f   ecma-helpers-conversion.obj
 0001:00000beb       _ecma_number_to_uint32     00400eab f   ecma-helpers-conversion.obj
 0001:00000d5b       _ecma_number_to_utf8_string 0040101b f   ecma-helpers-conversion.obj
 0001:00001053       _ecma_uint32_to_utf8_string 00401313 f   ecma-helpers-conversion.obj
 0001:000010bb       _ecma_utf8_string_to_number 0040137b f   ecma-helpers-conversion.obj
 0001:000026e1       _ecma_errol0_dtoa          004029a1 f   ecma-helpers-errol.obj
 0001:00002a54       _ecma_free_external_pointer_in_property 00402d14 f   ecma-helpers-external-pointers.obj
 0001:00002a83       _ecma_get_external_pointer_value 00402d43 f   ecma-helpers-external-pointers.obj
 0001:00002ad0       _ecma_number_add           00402d90 f   ecma-helpers-number.obj
 0001:00002adb       _ecma_number_calc_remainder 00402d9b f   ecma-helpers-number.obj
 0001:00002bf6       _ecma_number_divide        00402eb6 f   ecma-helpers-number.obj
 0001:00002c01       _ecma_number_get_fraction_and_exponent 00402ec1 f   ecma-helpers-number.obj
 0001:00002d01       _ecma_number_get_next      00402fc1 f   ecma-helpers-number.obj
 0001:00002e06       _ecma_number_get_prev      004030c6 f   ecma-helpers-number.obj
 0001:00002ede       _ecma_number_is_infinity   0040319e f   ecma-helpers-number.obj
 0001:00002f45       _ecma_number_is_nan        00403205 f   ecma-helpers-number.obj
 0001:00002fae       _ecma_number_is_negative   0040326e f   ecma-helpers-number.obj
 0001:00002fff       _ecma_number_is_zero       004032bf f   ecma-helpers-number.obj
 0001:00003093       _ecma_number_make_from_sign_mantissa_and_exponent 00403353 f   ecma-helpers-number.obj
 0001:000031b1       _ecma_number_make_infinity 00403471 f   ecma-helpers-number.obj
 0001:000031ca       _ecma_number_make_nan      0040348a f   ecma-helpers-number.obj
 0001:000031de       _ecma_number_make_normal_positive_from_fraction_and_exponent 0040349e f   ecma-helpers-number.obj
 0001:00003270       _ecma_number_multiply      00403530 f   ecma-helpers-number.obj
 0001:0000327b       _ecma_number_negate        0040353b f   ecma-helpers-number.obj
 0001:0000337c       _ecma_number_substract     0040363c f   ecma-helpers-number.obj
 0001:00003393       _ecma_number_trunc         00403653 f   ecma-helpers-number.obj
 0001:000034a0       _ecma_compare_ecma_strings 00403760 f   ecma-helpers-string.obj
 0001:000035a3       _ecma_compare_ecma_strings_relational 00403863 f   ecma-helpers-string.obj
 0001:000036fb       _ecma_concat_ecma_strings  004039bb f   ecma-helpers-string.obj
 0001:00003ac8       _ecma_deref_ecma_string    00403d88 f   ecma-helpers-string.obj
 0001:00003bd0       _ecma_get_magic_string     00403e90 f   ecma-helpers-string.obj
 0001:00003bd9       _ecma_get_string_magic     00403e99 f   ecma-helpers-string.obj
 0001:00003bf5       _ecma_init_ecma_string_from_uint32 00403eb5 f   ecma-helpers-string.obj
 0001:00003c0d       _ecma_new_ecma_length_string 00403ecd f   ecma-helpers-string.obj
 0001:00003c23       _ecma_new_ecma_string_from_code_unit 00403ee3 f   ecma-helpers-string.obj
 0001:00003c42       _ecma_new_ecma_string_from_magic_string_ex_id 00403f02 f   ecma-helpers-string.obj
 0001:00003c87       _ecma_new_ecma_string_from_magic_string_id 00403f47 f   ecma-helpers-string.obj
 0001:00003cc5       _ecma_new_ecma_string_from_number 00403f85 f   ecma-helpers-string.obj
 0001:00003e29       _ecma_new_ecma_string_from_uint32 004040e9 f   ecma-helpers-string.obj
 0001:00003e43       _ecma_new_ecma_string_from_utf8 00404103 f   ecma-helpers-string.obj
 0001:00003f95       _ecma_ref_ecma_string      00404255 f   ecma-helpers-string.obj
 0001:00003ff0       _ecma_string_compare_to_property_name 004042b0 f   ecma-helpers-string.obj
 0001:00004055       _ecma_string_copy_to_cesu8_buffer 00404315 f   ecma-helpers-string.obj
 0001:0000419e       _ecma_string_from_property_name 0040445e f   ecma-helpers-string.obj
 0001:0000421a       _ecma_string_get_array_index 004044da f   ecma-helpers-string.obj
 0001:0000422f       _ecma_string_get_char_at_pos 004044ef f   ecma-helpers-string.obj
 0001:0000433c       _ecma_string_get_length    004045fc f   ecma-helpers-string.obj
 0001:0000441f       _ecma_string_get_property_index 004046df f   ecma-helpers-string.obj
 0001:00004451       _ecma_string_get_property_name_hash 00404711 f   ecma-helpers-string.obj
 0001:00004487       _ecma_string_get_size      00404747 f   ecma-helpers-string.obj
 0001:000044f6       _ecma_string_hash          004047b6 f   ecma-helpers-string.obj
 0001:00004502       _ecma_string_is_empty      004047c2 f   ecma-helpers-string.obj
 0001:0000451c       _ecma_string_is_length     004047dc f   ecma-helpers-string.obj
 0001:00004539       _ecma_string_raw_chars     004047f9 f   ecma-helpers-string.obj
 0001:00004664       _ecma_string_substr        00404924 f   ecma-helpers-string.obj
 0001:00004890       _ecma_string_to_number     00404b50 f   ecma-helpers-string.obj
 0001:0000497a       _ecma_string_to_property_name 00404c3a f   ecma-helpers-string.obj
 0001:000049ba       _ecma_string_to_utf8_bytes 00404c7a f   ecma-helpers-string.obj
 0001:000049ef       _ecma_string_trim          00404caf f   ecma-helpers-string.obj
 0001:00004b11       _ecma_are_values_integer_numbers 00404dd1 f   ecma-helpers-value.obj
 0001:00004b24       _ecma_check_value_type_is_spec_defined 00404de4 f   ecma-helpers-value.obj
 0001:00004b79       _ecma_copy_value           00404e39 f   ecma-helpers-value.obj
 0001:00004be2       _ecma_copy_value_if_not_object 00404ea2 f   ecma-helpers-value.obj
 0001:00004c13       _ecma_fast_copy_value      00404ed3 f   ecma-helpers-value.obj
 0001:00004c26       _ecma_fast_free_value      00404ee6 f   ecma-helpers-value.obj
 0001:00004c37       _ecma_free_value           00404ef7 f   ecma-helpers-value.obj
 0001:00004c7a       _ecma_free_value_if_not_object 00404f3a f   ecma-helpers-value.obj
 0001:00004c8f       _ecma_get_float_from_value 00404f4f f   ecma-helpers-value.obj
 0001:00004cbe       _ecma_get_integer_from_value 00404f7e f   ecma-helpers-value.obj
 0001:00004ce7       _ecma_get_number_from_value 00404fa7 f   ecma-helpers-value.obj
 0001:00004d10       _ecma_get_object_from_value 00404fd0 f   ecma-helpers-value.obj
 0001:00004d40       _ecma_get_string_from_value 00405000 f   ecma-helpers-value.obj
 0001:00004d6f       _ecma_get_value_from_error_value 0040502f f   ecma-helpers-value.obj
 0001:00004d98       _ecma_invert_boolean_value 00405058 f   ecma-helpers-value.obj
 0001:00004de1       _ecma_is_value_array_hole  004050a1 f   ecma-helpers-value.obj
 0001:00004df4       _ecma_is_value_boolean     004050b4 f   ecma-helpers-value.obj
 0001:00004e07       _ecma_is_value_direct      004050c7 f   ecma-helpers-value.obj
 0001:00004e16       _ecma_is_value_empty       004050d6 f   ecma-helpers-value.obj
 0001:00004e29       _ecma_is_value_false       004050e9 f   ecma-helpers-value.obj
 0001:00004e3c       _ecma_is_value_float_number 004050fc f   ecma-helpers-value.obj
 0001:00004e4f       _ecma_is_value_found       0040510f f   ecma-helpers-value.obj
 0001:00004e5d       _ecma_is_value_integer_number 0040511d f   ecma-helpers-value.obj
 0001:00004e6c       _ecma_is_value_null        0040512c f   ecma-helpers-value.obj
 0001:00004e7f       _ecma_is_value_number      0040513f f   ecma-helpers-value.obj
 0001:00004e98       _ecma_is_value_object      00405158 f   ecma-helpers-value.obj
 0001:00004eab       _ecma_is_value_simple      0040516b f   ecma-helpers-value.obj
 0001:00004ebe       _ecma_is_value_string      0040517e f   ecma-helpers-value.obj
 0001:00004ed1       _ecma_is_value_true        00405191 f   ecma-helpers-value.obj
 0001:00004ee4       _ecma_is_value_undefined   004051a4 f   ecma-helpers-value.obj
 0001:00004ef7       _ecma_make_boolean_value   004051b7 f   ecma-helpers-value.obj
 0001:00004f09       _ecma_make_error_obj_value 004051c9 f   ecma-helpers-value.obj
 0001:00004f1e       _ecma_make_error_value     004051de f   ecma-helpers-value.obj
 0001:00004f47       _ecma_make_int32_value     00405207 f   ecma-helpers-value.obj
 0001:00004f7a       _ecma_make_integer_value   0040523a f   ecma-helpers-value.obj
 0001:00004fad       _ecma_make_nan_value       0040526d f   ecma-helpers-value.obj
 0001:00004fbf       _ecma_make_number_value    0040527f f   ecma-helpers-value.obj
 0001:00005026       _ecma_make_object_value    004052e6 f   ecma-helpers-value.obj
 0001:00005057       _ecma_make_simple_value    00405317 f   ecma-helpers-value.obj
 0001:00005065       _ecma_make_string_value    00405325 f   ecma-helpers-value.obj
 0001:00005096       _ecma_make_uint32_value    00405356 f   ecma-helpers-value.obj
 0001:000050f4       _ecma_update_float_number  004053b4 f   ecma-helpers-value.obj
 0001:000051c8       _ecma_value_assign_number  00405488 f   ecma-helpers-value.obj
 0001:00005251       _ecma_value_assign_value   00405511 f   ecma-helpers-value.obj
 0001:0000529e       _ecma_append_to_values_collection 0040555e f   ecma-helpers-values-collection.obj
 0001:00005379       _ecma_collection_iterator_init 00405639 f   ecma-helpers-values-collection.obj
 0001:000053a1       _ecma_collection_iterator_next 00405661 f   ecma-helpers-values-collection.obj
 0001:0000549a       _ecma_free_values_collection 0040575a f   ecma-helpers-values-collection.obj
 0001:00005576       _ecma_new_strings_collection 00405836 f   ecma-helpers-values-collection.obj
 0001:000055dc       _ecma_new_values_collection 0040589c f   ecma-helpers-values-collection.obj
 0001:000056de       _ecma_remove_last_value_from_values_collection 0040599e f   ecma-helpers-values-collection.obj
 0001:00005886       _ecma_bytecode_deref       00405b46 f   ecma-helpers.obj
 0001:0000592f       _ecma_bytecode_ref         00405bef f   ecma-helpers.obj
 0001:00005952       _ecma_create_decl_lex_env  00405c12 f   ecma-helpers.obj
 0001:0000598a       _ecma_create_named_accessor_property 00405c4a f   ecma-helpers.obj
 0001:00005a49       _ecma_create_named_data_property 00405d09 f   ecma-helpers.obj
 0001:00005adb       _ecma_create_object        00405d9b f   ecma-helpers.obj
 0001:00005b27       _ecma_create_object_lex_env 00405de7 f   ecma-helpers.obj
 0001:00005d59       _ecma_delete_array_properties 00406019 f   ecma-helpers.obj
 0001:00005fb2       _ecma_delete_property      00406272 f   ecma-helpers.obj
 0001:00006104       _ecma_find_internal_property 004063c4 f   ecma-helpers.obj
 0001:0000618b       _ecma_find_named_property  0040644b f   ecma-helpers.obj
 0001:00006355       _ecma_free_property        00406615 f   ecma-helpers.obj
 0001:0000642f       _ecma_free_property_descriptor 004066ef f   ecma-helpers.obj
 0001:00006487       _ecma_get_lex_env_binding_object 00406747 f   ecma-helpers.obj
 0001:00006509       _ecma_get_lex_env_outer_reference 004067c9 f   ecma-helpers.obj
 0001:00006566       _ecma_get_lex_env_provide_this 00406826 f   ecma-helpers.obj
 0001:000065ec       _ecma_get_lex_env_type     004068ac f   ecma-helpers.obj
 0001:0000663b       _ecma_get_named_accessor_property_getter 004068fb f   ecma-helpers.obj
 0001:00006656       _ecma_get_named_accessor_property_setter 00406916 f   ecma-helpers.obj
 0001:00006672       _ecma_get_named_data_property 00406932 f   ecma-helpers.obj
 0001:000066ea       _ecma_get_object_extensible 004069aa f   ecma-helpers.obj
 0001:0000673c       _ecma_get_object_is_builtin 004069fc f   ecma-helpers.obj
 0001:0000678e       _ecma_get_object_prototype 00406a4e f   ecma-helpers.obj
 0001:000067eb       _ecma_get_object_type      00406aab f   ecma-helpers.obj
 0001:0000683a       _ecma_get_property_list    00406afa f   ecma-helpers.obj
 0001:000068a3       _ecma_is_lexical_environment 00406b63 f   ecma-helpers.obj
 0001:000068d2       _ecma_is_property_configurable 00406b92 f   ecma-helpers.obj
 0001:0000690d       _ecma_is_property_enumerable 00406bcd f   ecma-helpers.obj
 0001:00006948       _ecma_is_property_lcached  00406c08 f   ecma-helpers.obj
 0001:00006981       _ecma_is_property_writable 00406c41 f   ecma-helpers.obj
 0001:000069b8       _ecma_make_empty_property_descriptor 00406c78 f   ecma-helpers.obj
 0001:000069e0       _ecma_named_data_property_assign_value 00406ca0 f   ecma-helpers.obj
 0001:00006a00       _ecma_set_named_accessor_property_getter 00406cc0 f   ecma-helpers.obj
 0001:00006a31       _ecma_set_named_accessor_property_setter 00406cf1 f   ecma-helpers.obj
 0001:00006a63       _ecma_set_object_extensible 00406d23 f   ecma-helpers.obj
 0001:00006ac2       _ecma_set_object_is_builtin 00406d82 f   ecma-helpers.obj
 0001:00006b2a       _ecma_set_property_configurable_attr 00406dea f   ecma-helpers.obj
 0001:00006b6b       _ecma_set_property_enumerable_attr 00406e2b f   ecma-helpers.obj
 0001:00006bac       _ecma_set_property_lcached 00406e6c f   ecma-helpers.obj
 0001:00006bed       _ecma_set_property_writable_attr 00406ead f   ecma-helpers.obj
 0001:00006c29       _ecma_finalize             00406ee9 f   ecma-init-finalize.obj
 0001:00006c4b       _ecma_init                 00406f0b f   ecma-init-finalize.obj
 0001:00006c6f       _ecma_lcache_init          00406f2f f   ecma-lcache.obj
 0001:00006c84       _ecma_lcache_insert        00406f44 f   ecma-lcache.obj
 0001:00006d7e       _ecma_lcache_invalidate    0040703e f   ecma-lcache.obj
 0001:00006edc       _ecma_lcache_lookup        0040719c f   ecma-lcache.obj
 0001:00006fdd       _ecma_finalize_lit_storage 0040729d f   ecma-literal-storage.obj
 0001:00006ff6       _ecma_find_or_create_literal_number 004072b6 f   ecma-literal-storage.obj
 0001:00007161       _ecma_find_or_create_literal_string 00407421 f   ecma-literal-storage.obj
 0001:000072c6       _ecma_property_hashmap_create 00407586 f   ecma-property-hashmap.obj
 0001:00007573       _ecma_property_hashmap_delete 00407833 f   ecma-property-hashmap.obj
 0001:000076df       _ecma_property_hashmap_find 0040799f f   ecma-property-hashmap.obj
 0001:000078d2       _ecma_property_hashmap_free 00407b92 f   ecma-property-hashmap.obj
 0001:00007927       _ecma_property_hashmap_insert 00407be7 f   ecma-property-hashmap.obj
 0001:00007a64       _ecma_builtin_array_prototype_dispatch_routine 00407d24 f   ecma-builtin-array-prototype.obj
 0001:0000c9af       _ecma_builtin_array_dispatch_call 0040cc6f f   ecma-builtin-array.obj
 0001:0000c9db       _ecma_builtin_array_dispatch_construct 0040cc9b f   ecma-builtin-array.obj
 0001:0000ca13       _ecma_builtin_array_dispatch_routine 0040ccd3 f   ecma-builtin-array.obj
 0001:0000cac1       _ecma_builtin_arraybuffer_prototype_dispatch_routine 0040cd81 f   ecma-builtin-arraybuffer-prototype.obj
 0001:0000cd7d       _ecma_builtin_arraybuffer_dispatch_call 0040d03d f   ecma-builtin-arraybuffer.obj
 0001:0000cdad       _ecma_builtin_arraybuffer_dispatch_construct 0040d06d f   ecma-builtin-arraybuffer.obj
 0001:0000cdd9       _ecma_builtin_arraybuffer_dispatch_routine 0040d099 f   ecma-builtin-arraybuffer.obj
 0001:0000ce10       _ecma_builtin_boolean_prototype_dispatch_routine 0040d0d0 f   ecma-builtin-boolean-prototype.obj
 0001:0000cf4a       _ecma_builtin_boolean_dispatch_call 0040d20a f   ecma-builtin-boolean.obj
 0001:0000cf96       _ecma_builtin_boolean_dispatch_construct 0040d256 f   ecma-builtin-boolean.obj
 0001:0000cfd7       _ecma_builtin_boolean_dispatch_routine 0040d297 f   ecma-builtin-boolean.obj
 0001:0000d132       _ecma_builtin_date_prototype_dispatch_routine 0040d3f2 f   ecma-builtin-date-prototype.obj
 0001:0000d8de       _ecma_builtin_date_dispatch_call 0040db9e f   ecma-builtin-date.obj
 0001:0000d951       _ecma_builtin_date_dispatch_construct 0040dc11 f   ecma-builtin-date.obj
 0001:0000dbb1       _ecma_builtin_date_dispatch_routine 0040de71 f   ecma-builtin-date.obj
 0001:0000e4e4       _ecma_builtin_error_prototype_dispatch_routine 0040e7a4 f   ecma-builtin-error-prototype.obj
 0001:0000e81d       _ecma_builtin_error_dispatch_call 0040eadd f   ecma-builtin-error.obj
 0001:0000e832       _ecma_builtin_error_dispatch_construct 0040eaf2 f   ecma-builtin-error.obj
 0001:0000e83b       _ecma_builtin_error_dispatch_routine 0040eafb f   ecma-builtin-error.obj
 0001:0000e850       _ecma_builtin_eval_error_prototype_dispatch_routine 0040eb10 f   ecma-builtin-evalerror-prototype.obj
 0001:0000e865       _ecma_builtin_eval_error_dispatch_call 0040eb25 f   ecma-builtin-evalerror.obj
 0001:0000e87a       _ecma_builtin_eval_error_dispatch_construct 0040eb3a f   ecma-builtin-evalerror.obj
 0001:0000e883       _ecma_builtin_eval_error_dispatch_routine 0040eb43 f   ecma-builtin-evalerror.obj
 0001:0000e898       _ecma_builtin_function_prototype_dispatch_call 0040eb58 f   ecma-builtin-function-prototype.obj
 0001:0000e8cb       _ecma_builtin_function_prototype_dispatch_construct 0040eb8b f   ecma-builtin-function-prototype.obj
 0001:0000e8fe       _ecma_builtin_function_prototype_dispatch_routine 0040ebbe f   ecma-builtin-function-prototype.obj
 0001:0000ef61       _ecma_builtin_function_dispatch_call 0040f221 f   ecma-builtin-function.obj
 0001:0000ef8d       _ecma_builtin_function_dispatch_construct 0040f24d f   ecma-builtin-function.obj
 0001:0000f01d       _ecma_builtin_function_dispatch_routine 0040f2dd f   ecma-builtin-function.obj
 0001:0000f2a6       _ecma_builtin_global_dispatch_routine 0040f566 f   ecma-builtin-global.obj
 0001:00010b64       _ecma_date_date_from_time  00410e24 f   ecma-builtin-helpers-date.obj
 0001:00010cc4       _ecma_date_day             00410f84 f   ecma-builtin-helpers-date.obj
 0001:00010cf1       _ecma_date_day_from_year   00410fb1 f   ecma-builtin-helpers-date.obj
 0001:00010d72       _ecma_date_day_within_year 00411032 f   ecma-builtin-helpers-date.obj
 0001:00010db4       _ecma_date_daylight_saving_ta 00411074 f   ecma-builtin-helpers-date.obj
 0001:00010df8       _ecma_date_days_in_year    004110b8 f   ecma-builtin-helpers-date.obj
 0001:00010ead       _ecma_date_hour_from_time  0041116d f   ecma-builtin-helpers-date.obj
 0001:00010f04       _ecma_date_in_leap_year    004111c4 f   ecma-builtin-helpers-date.obj
 0001:00010f39       _ecma_date_local_time      004111f9 f   ecma-builtin-helpers-date.obj
 0001:00010f76       _ecma_date_local_tza       00411236 f   ecma-builtin-helpers-date.obj
 0001:00010fa2       _ecma_date_make_date       00411262 f   ecma-builtin-helpers-date.obj
 0001:00011005       _ecma_date_make_day        004112c5 f   ecma-builtin-helpers-date.obj
 0001:000111b0       _ecma_date_make_time       00411470 f   ecma-builtin-helpers-date.obj
 0001:000112c9       _ecma_date_min_from_time   00411589 f   ecma-builtin-helpers-date.obj
 0001:00011320       _ecma_date_month_from_time 004115e0 f   ecma-builtin-helpers-date.obj
 0001:000114d3       _ecma_date_ms_from_time    00411793 f   ecma-builtin-helpers-date.obj
 0001:0001151c       _ecma_date_sec_from_time   004117dc f   ecma-builtin-helpers-date.obj
 0001:00011573       _ecma_date_time_clip       00411833 f   ecma-builtin-helpers-date.obj
 0001:000115cf       _ecma_date_time_from_year  0041188f f   ecma-builtin-helpers-date.obj
 0001:000115fc       _ecma_date_time_within_day 004118bc f   ecma-builtin-helpers-date.obj
 0001:00011634       _ecma_date_timezone_offset 004118f4 f   ecma-builtin-helpers-date.obj
 0001:0001166a       _ecma_date_utc             0041192a f   ecma-builtin-helpers-date.obj
 0001:0001177c       _ecma_date_value_to_date_string 00411a3c f   ecma-builtin-helpers-date.obj
 0001:00011872       _ecma_date_value_to_iso_string 00411b32 f   ecma-builtin-helpers-date.obj
 0001:00011a09       _ecma_date_value_to_string 00411cc9 f   ecma-builtin-helpers-date.obj
 0001:00011c00       _ecma_date_value_to_time_string 00411ec0 f   ecma-builtin-helpers-date.obj
 0001:00011d16       _ecma_date_value_to_utc_string 00411fd6 f   ecma-builtin-helpers-date.obj
 0001:00011e65       _ecma_date_week_day        00412125 f   ecma-builtin-helpers-date.obj
 0001:00011ebc       _ecma_date_year_from_time  0041217c f   ecma-builtin-helpers-date.obj
 0001:00011f6a       _ecma_builtin_helper_error_dispatch_call 0041222a f   ecma-builtin-helpers-error.obj
 0001:00012018       _ecma_builtin_helper_json_create_formatted_json 004122d8 f   ecma-builtin-helpers-json.obj
 0001:000120e8       _ecma_builtin_helper_json_create_hex_digit_ecma_string 004123a8 f   ecma-builtin-helpers-json.obj
 0001:0001218d       _ecma_builtin_helper_json_create_non_formatted_json 0041244d f   ecma-builtin-helpers-json.obj
 0001:000121dd       _ecma_builtin_helper_json_create_separated_properties 0041249d f   ecma-builtin-helpers-json.obj
 0001:00012260       _ecma_has_object_value_in_collection 00412520 f   ecma-builtin-helpers-json.obj
 0001:000122d4       _ecma_has_string_value_in_collection 00412594 f   ecma-builtin-helpers-json.obj
 0001:00012351       _ecma_builtin_helper_array_concat_value 00412611 f   ecma-builtin-helpers.obj
 0001:000125db       _ecma_builtin_helper_array_index_normalize 0041289b f   ecma-builtin-helpers.obj
 0001:000126ad       _ecma_builtin_helper_def_prop 0041296d f   ecma-builtin-helpers.obj
 0001:00012718       _ecma_builtin_helper_get_to_locale_string_at_index 004129d8 f   ecma-builtin-helpers.obj
 0001:000128ba       _ecma_builtin_helper_object_get_properties 00412b7a f   ecma-builtin-helpers.obj
 0001:000129b1       _ecma_builtin_helper_object_to_string 00412c71 f   ecma-builtin-helpers.obj
 0001:00012acf       _ecma_builtin_helper_string_find_index 00412d8f f   ecma-builtin-helpers.obj
 0001:00012d09       _ecma_builtin_helper_string_index_normalize 00412fc9 f   ecma-builtin-helpers.obj
 0001:00012d74       _ecma_builtin_helper_string_prototype_object_index_of 00413034 f   ecma-builtin-helpers.obj
 0001:0001335c       _ecma_builtin_json_dispatch_routine 0041361c f   ecma-builtin-json.obj
 0001:00014e2e       _ecma_builtin_math_dispatch_routine 004150ee f   ecma-builtin-math.obj
 0001:00015305       _ecma_builtin_number_prototype_dispatch_routine 004155c5 f   ecma-builtin-number-prototype.obj
 0001:000165e8       _ecma_builtin_number_dispatch_call 004168a8 f   ecma-builtin-number.obj
 0001:00016632       _ecma_builtin_number_dispatch_construct 004168f2 f   ecma-builtin-number.obj
 0001:00016673       _ecma_builtin_number_dispatch_routine 00416933 f   ecma-builtin-number.obj
 0001:00016688       _ecma_builtin_object_prototype_dispatch_routine 00416948 f   ecma-builtin-object-prototype.obj
 0001:00016a5e       _ecma_builtin_object_dispatch_call 00416d1e f   ecma-builtin-object.obj
 0001:00016ac2       _ecma_builtin_object_dispatch_construct 00416d82 f   ecma-builtin-object.obj
 0001:00016b00       _ecma_builtin_object_dispatch_routine 00416dc0 f   ecma-builtin-object.obj
 0001:000177c8       _ecma_builtin_range_error_prototype_dispatch_routine 00417a88 f   ecma-builtin-rangeerror-prototype.obj
 0001:000177dd       _ecma_builtin_range_error_dispatch_call 00417a9d f   ecma-builtin-rangeerror.obj
 0001:000177f2       _ecma_builtin_range_error_dispatch_construct 00417ab2 f   ecma-builtin-rangeerror.obj
 0001:000177fb       _ecma_builtin_range_error_dispatch_routine 00417abb f   ecma-builtin-rangeerror.obj
 0001:00017810       _ecma_builtin_reference_error_prototype_dispatch_routine 00417ad0 f   ecma-builtin-referenceerror-prototype.obj
 0001:00017825       _ecma_builtin_reference_error_dispatch_call 00417ae5 f   ecma-builtin-referenceerror.obj
 0001:0001783a       _ecma_builtin_reference_error_dispatch_construct 00417afa f   ecma-builtin-referenceerror.obj
 0001:00017843       _ecma_builtin_reference_error_dispatch_routine 00417b03 f   ecma-builtin-referenceerror.obj
 0001:00017c79       _ecma_builtin_regexp_prototype_dispatch_routine 00417f39 f   ecma-builtin-regexp-prototype.obj
 0001:00018126       _ecma_builtin_regexp_dispatch_call 004183e6 f   ecma-builtin-regexp.obj
 0001:0001812f       _ecma_builtin_regexp_dispatch_construct 004183ef f   ecma-builtin-regexp.obj
 0001:000182c8       _ecma_builtin_regexp_dispatch_routine 00418588 f   ecma-builtin-regexp.obj
 0001:0001855e       _ecma_builtin_string_prototype_dispatch_routine 0041881e f   ecma-builtin-string-prototype.obj
 0001:0001b86f       _ecma_builtin_string_dispatch_call 0041bb2f f   ecma-builtin-string.obj
 0001:0001b8c0       _ecma_builtin_string_dispatch_construct 0041bb80 f   ecma-builtin-string.obj
 0001:0001b8ef       _ecma_builtin_string_dispatch_routine 0041bbaf f   ecma-builtin-string.obj
 0001:0001bb1a       _ecma_builtin_syntax_error_prototype_dispatch_routine 0041bdda f   ecma-builtin-syntaxerror-prototype.obj
 0001:0001bb2f       _ecma_builtin_syntax_error_dispatch_call 0041bdef f   ecma-builtin-syntaxerror.obj
 0001:0001bb44       _ecma_builtin_syntax_error_dispatch_construct 0041be04 f   ecma-builtin-syntaxerror.obj
 0001:0001bb4d       _ecma_builtin_syntax_error_dispatch_routine 0041be0d f   ecma-builtin-syntaxerror.obj
 0001:0001bb62       _ecma_builtin_type_error_thrower_dispatch_call 0041be22 f   ecma-builtin-type-error-thrower.obj
 0001:0001bb92       _ecma_builtin_type_error_thrower_dispatch_construct 0041be52 f   ecma-builtin-type-error-thrower.obj
 0001:0001bbc2       _ecma_builtin_type_error_thrower_dispatch_routine 0041be82 f   ecma-builtin-type-error-thrower.obj
 0001:0001bbd7       _ecma_builtin_type_error_prototype_dispatch_routine 0041be97 f   ecma-builtin-typeerror-prototype.obj
 0001:0001bbec       _ecma_builtin_type_error_dispatch_call 0041beac f   ecma-builtin-typeerror.obj
 0001:0001bc01       _ecma_builtin_type_error_dispatch_construct 0041bec1 f   ecma-builtin-typeerror.obj
 0001:0001bc0a       _ecma_builtin_type_error_dispatch_routine 0041beca f   ecma-builtin-typeerror.obj
 0001:0001bc1f       _ecma_builtin_uri_error_prototype_dispatch_routine 0041bedf f   ecma-builtin-urierror-prototype.obj
 0001:0001bc34       _ecma_builtin_uri_error_dispatch_call 0041bef4 f   ecma-builtin-urierror.obj
 0001:0001bc49       _ecma_builtin_uri_error_dispatch_construct 0041bf09 f   ecma-builtin-urierror.obj
 0001:0001bc52       _ecma_builtin_uri_error_dispatch_routine 0041bf12 f   ecma-builtin-urierror.obj
 0001:0001bc67       _ecma_builtin_dispatch_call 0041bf27 f   ecma-builtins.obj
 0001:0001bec8       _ecma_builtin_dispatch_construct 0041c188 f   ecma-builtins.obj
 0001:0001c4c9       _ecma_builtin_function_is_routine 0041c789 f   ecma-builtins.obj
 0001:0001c522       _ecma_builtin_get          0041c7e2 f   ecma-builtins.obj
 0001:0001c773       _ecma_builtin_is           0041ca33 f   ecma-builtins.obj
 0001:0001c7d0       _ecma_builtin_list_lazy_property_names 0041ca90 f   ecma-builtins.obj
 0001:0001ca23       _ecma_builtin_try_to_instantiate_property 0041cce3 f   ecma-builtins.obj
 0001:0001cd78       _ecma_finalize_builtins    0041d038 f   ecma-builtins.obj
 0001:0001dafb       _ecma_op_array_list_lazy_property_names 0041ddbb f   ecma-array-object.obj
 0001:0001db58       _ecma_op_array_object_define_own_property 0041de18 f   ecma-array-object.obj
 0001:0001dce7       _ecma_op_array_object_set_length 0041dfa7 f   ecma-array-object.obj
 0001:0001de61       _ecma_op_create_array_object 0041e121 f   ecma-array-object.obj
 0001:0001df6e       _ecma_arraybuffer_get_buffer 0041e22e f   ecma-arraybuffer-object.obj
 0001:0001dfa3       _ecma_arraybuffer_get_length 0041e263 f   ecma-arraybuffer-object.obj
 0001:0001dfd8       _ecma_arraybuffer_new_object 0041e298 f   ecma-arraybuffer-object.obj
 0001:0001e014       _ecma_op_create_arraybuffer_object 0041e2d4 f   ecma-arraybuffer-object.obj
 0001:0001e15f       _ecma_op_create_boolean_object 0041e41f f   ecma-boolean-object.obj
 0001:0001e1a8       _ecma_op_abstract_equality_compare 0041e468 f   ecma-comparison.obj
 0001:0001e3f4       _ecma_op_abstract_relational_compare 0041e6b4 f   ecma-comparison.obj
 0001:0001e86c       _ecma_op_strict_equality_compare 0041eb2c f   ecma-comparison.obj
 0001:0001ead8       _ecma_op_check_object_coercible 0041ed98 f   ecma-conversion.obj
 0001:0001eb10       _ecma_op_from_property_descriptor 0041edd0 f   ecma-conversion.obj
 0001:0001ed40       _ecma_op_same_value        0041f000 f   ecma-conversion.obj
 0001:0001ef46       _ecma_op_to_boolean        0041f206 f   ecma-conversion.obj
 0001:0001f048       _ecma_op_to_number         0041f308 f   ecma-conversion.obj
 0001:0001f166       _ecma_op_to_object         0041f426 f   ecma-conversion.obj
 0001:0001f20a       _ecma_op_to_primitive      0041f4ca f   ecma-conversion.obj
 0001:0001f241       _ecma_op_to_property_descriptor 0041f501 f   ecma-conversion.obj
 0001:0001f702       _ecma_op_to_string         0041f9c2 f   ecma-conversion.obj
 0001:0001f84c       _ecma_op_eval              0041fb0c f   ecma-eval.obj
 0001:0001f8ef       _ecma_op_eval_chars_buffer 0041fbaf f   ecma-eval.obj
 0001:0001f949       _ecma_new_standard_error   0041fc09 f   ecma-exceptions.obj
 0001:0001f9bc       _ecma_new_standard_error_with_message 0041fc7c f   ecma-exceptions.obj
 0001:0001fa04       _ecma_raise_common_error   0041fcc4 f   ecma-exceptions.obj
 0001:0001fa15       _ecma_raise_range_error    0041fcd5 f   ecma-exceptions.obj
 0001:0001fa26       _ecma_raise_reference_error 0041fce6 f   ecma-exceptions.obj
 0001:0001fa37       _ecma_raise_standard_error 0041fcf7 f   ecma-exceptions.obj
 0001:0001fa7e       _ecma_raise_syntax_error   0041fd3e f   ecma-exceptions.obj
 0001:0001fa8f       _ecma_raise_type_error     0041fd4f f   ecma-exceptions.obj
 0001:0001faa0       _ecma_raise_uri_error      0041fd60 f   ecma-exceptions.obj
 0001:0001fab1       _ecma_is_constructor       0041fd71 f   ecma-function-object.obj
 0001:0001fb4a       _ecma_op_create_function_object 0041fe0a f   ecma-function-object.obj
 0001:0001fc18       _ecma_op_function_call     0041fed8 f   ecma-function-object.obj
 0001:0001fef6       _ecma_op_function_construct 004201b6 f   ecma-function-object.obj
 0001:0002023e       _ecma_op_function_has_instance 004204fe f   ecma-function-object.obj
 0001:000203d3       _ecma_op_function_list_lazy_property_names 00420693 f   ecma-function-object.obj
 0001:0002042d       _ecma_op_function_try_lazy_instantiate_property 004206ed f   ecma-function-object.obj
 0001:000204fa       _ecma_op_is_callable       004207ba f   ecma-function-object.obj
 0001:0002057f       _ecma_op_get_value_lex_env_base 0042083f f   ecma-get-put-value.obj
 0001:000205bc       _ecma_op_get_value_object_base 0042087c f   ecma-get-put-value.obj
 0001:0002070e       _ecma_op_put_value_lex_env_base 004209ce f   ecma-get-put-value.obj
 0001:000207ae       _ecma_finalize_global_lex_env 00420a6e f   ecma-lex-env.obj
 0001:000207c2       _ecma_get_global_environment 00420a82 f   ecma-lex-env.obj
 0001:000207c8       _ecma_init_global_lex_env  00420a88 f   ecma-lex-env.obj
 0001:000207ec       _ecma_op_create_immutable_binding 00420aac f   ecma-lex-env.obj
 0001:0002085d       _ecma_op_create_mutable_binding 00420b1d f   ecma-lex-env.obj
 0001:0002095d       _ecma_op_delete_binding    00420c1d f   ecma-lex-env.obj
 0001:00020a63       _ecma_op_get_binding_value 00420d23 f   ecma-lex-env.obj
 0001:00020b44       _ecma_op_has_binding       00420e04 f   ecma-lex-env.obj
 0001:00020bd0       _ecma_op_implicit_this_value 00420e90 f   ecma-lex-env.obj
 0001:00020c69       _ecma_op_set_mutable_binding 00420f29 f   ecma-lex-env.obj
 0001:00020da9       _ecma_op_number_remainder  00421069 f   ecma-number-arithmetic.obj
 0001:00020e5a       _ecma_op_create_number_object 0042111a f   ecma-number-object.obj
 0001:00020ea3       _ecma_op_arguments_object_define_own_property 00421163 f   ecma-objects-arguments.obj
 0001:00020f57       _ecma_op_arguments_object_delete 00421217 f   ecma-objects-arguments.obj
 0001:00020feb       _ecma_op_create_arguments_object 004212ab f   ecma-objects-arguments.obj
 0001:000212a9       _ecma_op_create_object_object_arg 00421569 f   ecma-objects-general.obj
 0001:00021327       _ecma_op_create_object_object_noarg 004215e7 f   ecma-objects-general.obj
 0001:00021348       _ecma_op_create_object_object_noarg_and_set_prototype 00421608 f   ecma-objects-general.obj
 0001:0002135c       _ecma_op_general_object_default_value 0042161c f   ecma-objects-general.obj
 0001:0002148c       _ecma_op_general_object_define_own_property 0042174c f   ecma-objects-general.obj
 0001:0002195e       _ecma_op_general_object_delete 00421c1e f   ecma-objects-general.obj
 0001:00021a02       _ecma_reject               00421cc2 f   ecma-objects-general.obj
 0001:00021a1e       _ecma_object_class_is      00421cde f   ecma-objects.obj
 0001:00021a3f       _ecma_object_get_class_name 00421cff f   ecma-objects.obj
 0001:00021b2d       _ecma_op_object_default_value 00421ded f   ecma-objects.obj
 0001:00021bd4       _ecma_op_object_define_own_property 00421e94 f   ecma-objects.obj
 0001:00021c89       _ecma_op_object_delete     00421f49 f   ecma-objects.obj
 0001:00021d1f       _ecma_op_object_find       00421fdf f   ecma-objects.obj
 0001:00021d77       _ecma_op_object_find_own   00422037 f   ecma-objects.obj
 0001:00021fa0       _ecma_op_object_get        00422260 f   ecma-objects.obj
 0001:00021ff8       _ecma_op_object_get_own_data_prop 004222b8 f   ecma-objects.obj
 0001:00022059       _ecma_op_object_get_own_property 00422319 f   ecma-objects.obj
 0001:000222b4       _ecma_op_object_get_own_property_descriptor 00422574 f   ecma-objects.obj
 0001:000223c8       _ecma_op_object_get_property 00422688 f   ecma-objects.obj
 0001:00022403       _ecma_op_object_get_property_names 004226c3 f   ecma-objects.obj
 0001:00022c2c       _ecma_op_object_has_instance 00422eec f   ecma-objects.obj
 0001:00022cad       _ecma_op_object_has_own_property 00422f6d f   ecma-objects.obj
 0001:00022ccd       _ecma_op_object_has_property 00422f8d f   ecma-objects.obj
 0001:00022ced       _ecma_op_object_is_prototype_of 00422fad f   ecma-objects.obj
 0001:00022d0e       _ecma_op_object_put        00422fce f   ecma-objects.obj
 0001:0002304c       _ecma_op_resolve_reference_base 0042330c f   ecma-reference.obj
 0001:00023091       _ecma_op_resolve_reference_value 00423351 f   ecma-reference.obj
 0001:000231bd       _ecma_op_create_regexp_object 0042347d f   ecma-regexp-object.obj
 0001:000232ee       _ecma_op_create_regexp_object_from_bytecode 004235ae f   ecma-regexp-object.obj
 0001:00023368       _ecma_regexp_exec_helper   00423628 f   ecma-regexp-object.obj
 0001:0002398f       _re_canonicalize           00423c4f f   ecma-regexp-object.obj
 0001:000239e1       _re_initialize_props       00423ca1 f   ecma-regexp-object.obj
 0001:00024896       _re_parse_regexp_flags     00424b56 f   ecma-regexp-object.obj
 0001:00024a39       _re_set_result_array_properties 00424cf9 f   ecma-regexp-object.obj
 0001:00024ada       _ecma_op_create_string_object 00424d9a f   ecma-string-object.obj
 0001:00024b7c       _ecma_op_string_list_lazy_property_names 00424e3c f   ecma-string-object.obj
 0001:00024c41       __hx_jerry_entry           00424f01 f   entry.obj
 0001:00024f1b       _jerry_port_console        004251db f   hellox-port.obj
 0001:00024f48       _jerry_port_fatal          00425208 f   hellox-port.obj
 0001:00024f64       _jerry_port_get_current_time 00425224 f   hellox-port.obj
 0001:00024f9d       _jerry_port_get_time_zone  0042525d f   hellox-port.obj
 0001:00024faf       _jerry_port_log            0042526f f   hellox-port.obj
 0001:00024fe4       _acos                      004252a4 f   acos.obj
 0001:000251ce       _asin                      0042548e f   asin.obj
 0001:00025387       _atan                      00425647 f   atan.obj
 0001:000254fb       _atan2                     004257bb f   atan2.obj
 0001:000256c2       _ceil                      00425982 f   ceil.obj
 0001:000257d6       _copysign                  00425a96 f   copysign.obj
 0001:000257ef       _exp                       00425aaf f   exp.obj
 0001:0002598e       _fabs                      00425c4e f   fabs.obj
 0001:0002599d       _ChangeLine                00425c5d f   kapi.obj
 0001:000259a6       _GetCursorPos              00425c66 f   kapi.obj
 0001:000259bf       _GetMessage                00425c7f f   kapi.obj
 0001:000259d2       _GetSystemTime             00425c92 f   kapi.obj
 0001:000259e5       _GotoHome                  00425ca5 f   kapi.obj
 0001:000259ee       _GotoPrev                  00425cae f   kapi.obj
 0001:000259f7       _KMemAlloc                 00425cb7 f   kapi.obj
 0001:00025a10       _KMemFree                  00425cd0 f   kapi.obj
 0001:00025a2f       _PrintChar                 00425cef f   kapi.obj
 0001:00025a49       _SetCursorPos              00425d09 f   kapi.obj
 0001:00025a66       _TerminateKernelThread     00425d26 f   kapi.obj
 0001:00025a7f       ___BUG                     00425d3f f   kapi.obj
 0001:00025a97       _log                       00425d57 f   log.obj
 0001:00025a9a       _floor                     00425d5a f   math.obj
 0001:00025bba       _fmod                      00425e7a f   math.obj
 0001:00025e62       _memcmp                    00426122 f   memory.obj
 0001:00025e91       _memcpy                    00426151 f   memory.obj
 0001:00025eb6       _memmove                   00426176 f   memory.obj
 0001:00025f0e       _memset                    004261ce f   memory.obj
 0001:00025f3c       _nextafter                 004261fc f   nextafter.obj
 0001:0002602a       _pow                       004262ea f   pow.obj
 0001:00026693       _rand                      00426953 f   rand.obj
 0001:000266c3       _scalbn                    00426983 f   scalbn.obj
 0001:000267a7       _exit                      00426a67 f   sched.obj
 0001:000267b8       ___longjmp                 00426a78 f   setjmp.obj
 0001:000267d5       ___setjmp                  00426a95 f   setjmp.obj
 0001:000267f0       _sqrt                      00426ab0 f   sqrt.obj
 0001:0002699b       __hx_printf                00426c5b f   stdio.obj
 0001:00026a58       __hx_vsprintf              00426d18 f   stdio.obj
 0001:000270c6       _strlen                    00427386 f   string.obj
 0001:000270db       _strncmp                   0042739b f   string.obj
 0001:00027153       __hx_free                  00427413 f   sysmem.obj
 0001:00027191       __hx_malloc                00427451 f   sysmem.obj
 0001:000271b2       __gmtotime_t               00427472 f   time.obj
 0001:00027226       __time                     004274e6 f   time.obj
 0001:0002726a       _gettimeofday              0042752a f   time.obj
 0001:00027d51       _cos                       00428011 f   trig.obj
 0001:00027e0c       _sin                       004280cc f   trig.obj
 0001:00027ec9       _tan                       00428189 f   trig.obj
 0001:00027f4d       _jerry_cleanup             0042820d f   jerry.obj
 0001:00027f64       _jerry_dispatch_external_function 00428224 f   jerry.obj
 0001:00027f87       _jerry_dispatch_object_free_callback 00428247 f   jerry.obj
 0001:00027fa1       _jerry_eval                00428261 f   jerry.obj
 0001:00027fbe       _jerry_get_boolean_value   0042827e f   jerry.obj
 0001:00027fe0       _jerry_get_string_size     004282a0 f   jerry.obj
 0001:00028009       _jerry_init                004282c9 f   jerry.obj
 0001:0002805f       _jerry_release_value       0042831f f   jerry.obj
 0001:0002806d       _jerry_string_to_char_buffer 0042832d f   jerry.obj
 0001:000280b6       _jerry_value_has_error_flag 00428376 f   jerry.obj
 0001:000280c9       _jerry_value_is_boolean    00428389 f   jerry.obj
 0001:000280d7       _jerry_value_is_null       00428397 f   jerry.obj
 0001:000280e5       _jerry_value_is_number     004283a5 f   jerry.obj
 0001:000280f3       _jerry_value_is_object     004283b3 f   jerry.obj
 0001:00028101       _jerry_value_is_string     004283c1 f   jerry.obj
 0001:0002810f       _jerry_value_is_undefined  004283cf f   jerry.obj
 0001:0002811d       _jmem_compress_pointer     004283dd f   jmem-allocator.obj
 0001:000281b6       _jmem_decompress_pointer   00428476 f   jmem-allocator.obj
 0001:0002821c       _jmem_finalize             004284dc f   jmem-allocator.obj
 0001:00028226       _jmem_init                 004284e6 f   jmem-allocator.obj
 0001:0002822b       _jmem_register_free_unused_memory_callback 004284eb f   jmem-allocator.obj
 0001:0002825b       _jmem_run_free_unused_memory_callbacks 0042851b f   jmem-allocator.obj
 0001:00028273       _jmem_unregister_free_unused_memory_callback 00428533 f   jmem-allocator.obj
 0001:000282a3       _jmem_heap_alloc_block     00428563 f   jmem-heap.obj
 0001:00028444       _jmem_heap_alloc_block_null_on_error 00428704 f   jmem-heap.obj
 0001:00028455       _jmem_heap_finalize        00428715 f   jmem-heap.obj
 0001:00028479       _jmem_heap_free_block      00428739 f   jmem-heap.obj
 0001:0002863a       _jmem_heap_init            004288fa f   jmem-heap.obj
 0001:0002868f       _jmem_is_heap_pointer      0042894f f   jmem-heap.obj
 0001:000286ad       _jmem_pools_alloc          0042896d f   jmem-poolman.obj
 0001:000286e8       _jmem_pools_collect_empty  004289a8 f   jmem-poolman.obj
 0001:0002870d       _jmem_pools_finalize       004289cd f   jmem-poolman.obj
 0001:00028733       _jmem_pools_free           004289f3 f   jmem-poolman.obj
 0001:00028780       _jerry_assert_fail         00428a40 f   jrt-fatals.obj
 0001:000287a6       _jerry_fatal               00428a66 f   jrt-fatals.obj
 0001:000287e3       _jerry_unreachable         00428aa3 f   jrt-fatals.obj
 0001:00028806       _lit_char_get_utf8_length  00428ac6 f   lit-char-helpers.obj
 0001:00028829       _lit_char_hex_to_int       00428ae9 f   lit-char-helpers.obj
 0001:0002887c       _lit_char_is_decimal_digit 00428b3c f   lit-char-helpers.obj
 0001:00028891       _lit_char_is_hex_digit     00428b51 f   lit-char-helpers.obj
 0001:000288b8       _lit_char_is_identifier_part 00428b78 f   lit-char-helpers.obj
 0001:000288e3       _lit_char_is_identifier_part_character 00428ba3 f   lit-char-helpers.obj
 0001:0002895b       _lit_char_is_identifier_start 00428c1b f   lit-char-helpers.obj
 0001:00028986       _lit_char_is_identifier_start_character 00428c46 f   lit-char-helpers.obj
 0001:000289c1       _lit_char_is_line_terminator 00428c81 f   lit-char-helpers.obj
 0001:000289ed       _lit_char_is_octal_digit   00428cad f   lit-char-helpers.obj
 0001:00028a40       _lit_char_is_white_space   00428d00 f   lit-char-helpers.obj
 0001:00028aa7       _lit_char_is_word_char     00428d67 f   lit-char-helpers.obj
 0001:00028ae1       _lit_char_to_lower_case    00428da1 f   lit-char-helpers.obj
 0001:00028b1e       _lit_char_to_upper_case    00428dde f   lit-char-helpers.obj
 0001:00028b5b       _lit_char_to_utf8_bytes    00428e1b f   lit-char-helpers.obj
 0001:00028bb6       _lit_read_code_unit_from_hex 00428e76 f   lit-char-helpers.obj
 0001:00028ce5       _lit_copy_magic_string_to_buffer 00428fa5 f   lit-magic-strings.obj
 0001:00028d3f       _lit_get_magic_string_ex_count 00428fff f   lit-magic-strings.obj
 0001:00028d45       _lit_get_magic_string_ex_size 00429005 f   lit-magic-strings.obj
 0001:00028d55       _lit_get_magic_string_ex_utf8 00429015 f   lit-magic-strings.obj
 0001:00028d83       _lit_get_magic_string_size 00429043 f   lit-magic-strings.obj
 0001:00028db0       _lit_get_magic_string_size_block_start 00429070 f   lit-magic-strings.obj
 0001:00028ddb       _lit_get_magic_string_utf8 0042909b f   lit-magic-strings.obj
 0001:00028e08       _lit_is_ex_utf8_string_magic 004290c8 f   lit-magic-strings.obj
 0001:00028e53       _lit_is_ex_utf8_string_pair_magic 00429113 f   lit-magic-strings.obj
 0001:00028ec2       _lit_is_utf8_string_magic  00429182 f   lit-magic-strings.obj
 0001:00028f25       _lit_is_utf8_string_pair_magic 004291e5 f   lit-magic-strings.obj
 0001:00028ff6       _lit_code_point_to_cesu8   004292b6 f   lit-strings.obj
 0001:0002904c       _lit_code_point_to_utf8    0042930c f   lit-strings.obj
 0001:0002915c       _lit_code_unit_to_utf8     0042941c f   lit-strings.obj
 0001:000291e4       _lit_compare_utf8_strings_relational 004294a4 f   lit-strings.obj
 0001:00029247       _lit_convert_surrogate_pair_to_code_point 00429507 f   lit-strings.obj
 0001:000292b9       _lit_get_unicode_char_size_by_utf8_first_byte 00429579 f   lit-strings.obj
 0001:000292fb       _lit_is_cesu8_string_valid 004295bb f   lit-strings.obj
 0001:00029399       _lit_is_code_point_utf16_high_surrogate 00429659 f   lit-strings.obj
 0001:000293b0       _lit_is_code_point_utf16_low_surrogate 00429670 f   lit-strings.obj
 0001:000293c7       _lit_is_utf8_string_valid  00429687 f   lit-strings.obj
 0001:000294bc       _lit_read_code_point_from_utf8 0042977c f   lit-strings.obj
 0001:0002958b       _lit_read_code_unit_from_utf8 0042984b f   lit-strings.obj
 0001:00029643       _lit_read_prev_code_unit_from_utf8 00429903 f   lit-strings.obj
 0001:00029676       _lit_utf8_decr             00429936 f   lit-strings.obj
 0001:000296a9       _lit_utf8_incr             00429969 f   lit-strings.obj
 0001:000296df       _lit_utf8_peek_next        0042999f f   lit-strings.obj
 0001:00029717       _lit_utf8_peek_prev        004299d7 f   lit-strings.obj
 0001:0002974f       _lit_utf8_read_next        00429a0f f   lit-strings.obj
 0001:0002978b       _lit_utf8_read_prev        00429a4b f   lit-strings.obj
 0001:000297cc       _lit_utf8_string_calc_hash 00429a8c f   lit-strings.obj
 0001:0002980a       _lit_utf8_string_code_unit_at 00429aca f   lit-strings.obj
 0001:00029857       _lit_utf8_string_hash_combine 00429b17 f   lit-strings.obj
 0001:000298a6       _lit_utf8_string_length    00429b66 f   lit-strings.obj
 0001:000298e9       _lit_zt_utf8_string_size   00429ba9 f   lit-strings.obj
 0001:000298f2       _util_free_literal         00429bb2 f   common.obj
 0001:0002992a       _lexer_compare_identifier_to_current 00429bea f   js-lexer.obj
 0001:00029a55       _lexer_construct_function_object 00429d15 f   js-lexer.obj
 0001:00029ac7       _lexer_construct_literal_object 00429d87 f   js-lexer.obj
 0001:00029fe2       _lexer_construct_number_object 0042a2a2 f   js-lexer.obj
 0001:0002a136       _lexer_construct_regexp_object 0042a3f6 f   js-lexer.obj
 0001:0002a397       _lexer_expect_identifier   0042a657 f   js-lexer.obj
 0001:0002a477       _lexer_expect_object_literal_id 0042a737 f   js-lexer.obj
 0001:0002a597       _lexer_hex_to_character    0042a857 f   js-lexer.obj
 0001:0002a5e4       _lexer_next_token          0042a8a4 f   js-lexer.obj
 0001:0002b12b       _lexer_scan_identifier     0042b3eb f   js-lexer.obj
 0001:0002bceb       _parser_parse_expression   0042bfab f   js-parser-expr.obj
 0001:0002cdb6       _parser_cbc_stream_alloc_page 0042d076 f   js-parser-mem.obj
 0001:0002cde1       _parser_cbc_stream_free    0042d0a1 f   js-parser-mem.obj
 0001:0002cdf2       _parser_cbc_stream_init    0042d0b2 f   js-parser-mem.obj
 0001:0002ce2b       _parser_list_append        0042d0eb f   js-parser-mem.obj
 0001:0002ce84       _parser_list_free          0042d144 f   js-parser-mem.obj
 0001:0002ce9b       _parser_list_get           0042d15b f   js-parser-mem.obj
 0001:0002cf10       _parser_list_init          0042d1d0 f   js-parser-mem.obj
 0001:0002cf3e       _parser_list_iterator_init 0042d1fe f   js-parser-mem.obj
 0001:0002cf54       _parser_list_iterator_next 0042d214 f   js-parser-mem.obj
 0001:0002cf9c       _parser_list_reset         0042d25c f   js-parser-mem.obj
 0001:0002cfb1       _parser_malloc             0042d271 f   js-parser-mem.obj
 0001:0002cff2       _parser_malloc_local       0042d2b2 f   js-parser-mem.obj
 0001:0002d033       _parser_stack_free         0042d2f3 f   js-parser-mem.obj
 0001:0002d061       _parser_stack_init         0042d321 f   js-parser-mem.obj
 0001:0002d087       _parser_stack_iterator_read 0042d347 f   js-parser-mem.obj
 0001:0002d11b       _parser_stack_iterator_skip 0042d3db f   js-parser-mem.obj
 0001:0002d163       _parser_stack_iterator_write 0042d423 f   js-parser-mem.obj
 0001:0002d1f7       _parser_stack_pop          0042d4b7 f   js-parser-mem.obj
 0001:0002d323       _parser_stack_pop_uint16   0042d5e3 f   js-parser-mem.obj
 0001:0002d3aa       _parser_stack_pop_uint8    0042d66a f   js-parser-mem.obj
 0001:0002d456       _parser_stack_push         0042d716 f   js-parser-mem.obj
 0001:0002d517       _parser_stack_push_uint16  0042d7d7 f   js-parser-mem.obj
 0001:0002d5a4       _parser_stack_push_uint8   0042d864 f   js-parser-mem.obj
 0001:0002dad0       _parser_scan_until         0042dd90 f   js-parser-scanner.obj
 0001:0002ddd2       _parser_free_jumps         0042e092 f   js-parser-statm.obj
 0001:0002ed39       _parser_parse_statements   0042eff9 f   js-parser-statm.obj
 0001:0002feb3       _parser_emit_cbc           00430173 f   js-parser-util.obj
 0001:0002ff14       _parser_emit_cbc_backward_branch 004301d4 f   js-parser-util.obj
 0001:00030184       _parser_emit_cbc_call      00430444 f   js-parser-util.obj
 0001:00030211       _parser_emit_cbc_forward_branch 004304d1 f   js-parser-util.obj
 0001:000303a9       _parser_emit_cbc_forward_branch_item 00430669 f   js-parser-util.obj
 0001:000303dd       _parser_emit_cbc_literal   0043069d f   js-parser-util.obj
 0001:00030457       _parser_emit_cbc_literal_from_token 00430717 f   js-parser-util.obj
 0001:000304d7       _parser_emit_cbc_push_number 00430797 f   js-parser-util.obj
 0001:0003060f       _parser_flush_cbc          004308cf f   js-parser-util.obj
 0001:00030811       _parser_set_branch_to_current_position 00430ad1 f   js-parser-util.obj
 0001:000308bc       _parser_set_breaks_to_current_position 00430b7c f   js-parser-util.obj
 0001:000308f2       _parser_set_continues_to_current_position 00430bb2 f   js-parser-util.obj
 0001:000314f3       _parser_parse_function     004317b3 f   js-parser.obj
 0001:00031890       _parser_parse_script       00431b50 f   js-parser.obj
 0001:000323f7       _parser_raise_error        004326b7 f   js-parser.obj
 0001:00032528       _re_append_char            004327e8 f   re-bytecode.obj
 0001:0003253e       _re_append_jump_offset     004327fe f   re-bytecode.obj
 0001:00032554       _re_append_opcode          00432814 f   re-bytecode.obj
 0001:0003256a       _re_append_u32             0043282a f   re-bytecode.obj
 0001:000325d2       _re_bytecode_list_insert   00432892 f   re-bytecode.obj
 0001:00032680       _re_get_bytecode_length    00432940 f   re-bytecode.obj
 0001:0003268d       _re_get_char               0043294d f   re-bytecode.obj
 0001:0003269f       _re_get_opcode             0043295f f   re-bytecode.obj
 0001:000326b1       _re_get_value              00432971 f   re-bytecode.obj
 0001:000326c2       _re_insert_opcode          00432982 f   re-bytecode.obj
 0001:000326db       _re_insert_u32             0043299b f   re-bytecode.obj
 0001:000327d7       _re_cache_gc_run           00432a97 f   re-compiler.obj
 0001:00032803       _re_compile_bytecode       00432ac3 f   re-compiler.obj
 0001:000331b5       _re_parse_char_class       00433475 f   re-parser.obj
 0001:00033778       _re_parse_next_token       00433a38 f   re-parser.obj
 0001:00033c27       _do_number_arithmetic      00433ee7 f   opcodes-ecma-arithmetics.obj
 0001:00033e24       _opfunc_addition           004340e4 f   opcodes-ecma-arithmetics.obj
 0001:000340ff       _opfunc_unary_minus        004343bf f   opcodes-ecma-arithmetics.obj
 0001:000341dd       _opfunc_unary_plus         0043449d f   opcodes-ecma-arithmetics.obj
 0001:000342b3       _do_number_bitwise_logic   00434573 f   opcodes-ecma-bitwise.obj
 0001:0003461f       _opfunc_equal_value        004348df f   opcodes-ecma-equality.obj
 0001:0003467b       _opfunc_not_equal_value    0043493b f   opcodes-ecma-equality.obj
 0001:000346ec       _opfunc_greater_or_equal_than 004349ac f   opcodes-ecma-relational.obj
 0001:0003476a       _opfunc_greater_than       00434a2a f   opcodes-ecma-relational.obj
 0001:000347e0       _opfunc_in                 00434aa0 f   opcodes-ecma-relational.obj
 0001:0003486e       _opfunc_instanceof         00434b2e f   opcodes-ecma-relational.obj
 0001:000348e6       _opfunc_less_or_equal_than 00434ba6 f   opcodes-ecma-relational.obj
 0001:0003495e       _opfunc_less_than          00434c1e f   opcodes-ecma-relational.obj
 0001:000349d4       _opfunc_for_in             00434c94 f   opcodes.obj
 0001:00034aae       _opfunc_logical_not        00434d6e f   opcodes.obj
 0001:00034ac8       _opfunc_set_accessor       00434d88 f   opcodes.obj
 0001:00034ba4       _opfunc_typeof             00434e64 f   opcodes.obj
 0001:00034c47       _vm_op_delete_prop         00434f07 f   opcodes.obj
 0001:00034de4       _vm_op_delete_var          004350a4 f   opcodes.obj
 0001:00034e49       _vm_var_decl               00435109 f   opcodes.obj
 0001:00034f1f       _vm_stack_context_abort    004351df f   vm-stack.obj
 0001:0003500b       _vm_stack_find_finally     004352cb f   vm-stack.obj
 0001:00035759       _vm_is_direct_eval_form_call 00435a19 f   vm.obj
 0001:00035761       _vm_is_strict_mode         00435a21 f   vm.obj
 0001:00037872       _vm_run                    00437b32 f   vm.obj
 0001:00037942       _vm_run_eval               00437c02 f   vm.obj
 0001:000379e0       __ftol2_sse                00437ca0 f   MSVCRT:ftol2.obj
 0001:000379e9       __ftol2_pentium4           00437ca9 f   MSVCRT:ftol2.obj
 0001:000379fc       __ftol2_sse_excpt          00437cbc f   MSVCRT:ftol2.obj
 0001:00037a20       __ftol2                    00437ce0 f   MSVCRT:ftol2.obj
 0001:00037aa0       __allshl                   00437d60 f   MSVCRT:llshl.obj
 0001:00037ac0       __aulldvrm                 00437d80 f   MSVCRT:ulldvrm.obj
 0002:00000000       ??_C@_0BC@IKHGKNGB@ecma_alloc_object@ 00437e40     ecma-alloc.obj
 0002:00000018       ??_C@_0EM@ONDINLI@d?3?2hellox?2personal?2hellox_os?2je@ 00437e58     ecma-alloc.obj
 0002:00000064       ??_C@_0BB@NOMKPHHH@object_p?5?$CB?$DN?5NULL@ 00437ea4     ecma-alloc.obj
 0002:00000078       ??_C@_0BC@EPPCKLGL@ecma_alloc_number@ 00437eb8     ecma-alloc.obj
 0002:0000008c       ??_C@_0BB@PDKGCFDI@number_p?5?$CB?$DN?5NULL@ 00437ecc     ecma-alloc.obj
 0002:000000a0       ??_C@_0BN@BFBOCJJ@ecma_alloc_collection_header@ 00437ee0     ecma-alloc.obj
 0002:000000c0       ??_C@_0BM@BIEHPLGF@collection_header_p?5?$CB?$DN?5NULL@ 00437f00     ecma-alloc.obj
 0002:000000dc       ??_C@_0BM@OKKANDLD@ecma_alloc_collection_chunk@ 00437f1c     ecma-alloc.obj
 0002:000000f8       ??_C@_0BL@GFAOPNEF@collection_chunk_p?5?$CB?$DN?5NULL@ 00437f38     ecma-alloc.obj
 0002:00000114       ??_C@_0BC@IMPGALGH@ecma_alloc_string@ 00437f54     ecma-alloc.obj
 0002:00000128       ??_C@_0BB@HEIBMMLG@string_p?5?$CB?$DN?5NULL@ 00437f68     ecma-alloc.obj
 0002:0000013c       ??_C@_0BI@DCFJKDJC@ecma_gc_get_object_next@ 00437f7c     ecma-gc.obj
 0002:00000158       ??_C@_0EJ@LGKFBFEK@d?3?2hellox?2personal?2hellox_os?2je@ 00437f98     ecma-gc.obj
 0002:000001a4       ??_C@_0BI@EPNBIL@ecma_gc_set_object_next@ 00437fe4     ecma-gc.obj
 0002:000001bc       ??_C@_0BK@HCLBCKLK@ecma_gc_is_object_visited@ 00437ffc     ecma-gc.obj
 0002:000001d8       ??_C@_0BL@KCLJCPIH@ecma_gc_set_object_visited@ 00438018     ecma-gc.obj
 0002:000001f4       ??_C@_0BC@EMGCMHGH@ecma_init_gc_info@ 00438034     ecma-gc.obj
 0002:00000208       ??_C@_0EO@PMHJNKIP@JERRY_CONTEXT?5?$CIecma_gc_new_obje@ 00438048     ecma-gc.obj
 0002:00000258       ??_C@_0DA@FLGJGANF@object_p?9?$DOtype_flags_refs?5?$DM?5ECM@ 00438098     ecma-gc.obj
 0002:00000288       ??_C@_0BC@KLMFBOKI@ecma_deref_object@ 004380c8     ecma-gc.obj
 0002:0000029c       ??_C@_0DB@KBIGEBNO@object_p?9?$DOtype_flags_refs?5?$DO?$DN?5EC@ 004380dc     ecma-gc.obj
 0002:000002d0       ??_C@_0BG@NGAOGKNN@ecma_gc_mark_property@ 00438110     ecma-gc.obj
 0002:000002e8       ??_C@_0LB@HNIKFMNL@ECMA_PROPERTY_GET_INTERNAL_PROP@ 00438128     ecma-gc.obj
 0002:0000039c       ??_C@_0N@BKPJDMCO@ecma_gc_mark@ 004381dc     ecma-gc.obj
 0002:000003ac       ??_C@_0CF@LLGILIBN@ecma_gc_is_object_visited?5?$CIobje@ 004381ec     ecma-gc.obj
 0002:000003d4       ??_C@_0BA@GDEHKCIK@args_length?5?$DO?50@ 00438214     ecma-gc.obj
 0002:000003e8       ??_C@_0GE@IBLOLMJJ@prop_iter_p?9?$DOtypes?$FL0?$FN?5?$DN?$DN?5ECMA_P@ 00438228     ecma-gc.obj
 0002:0000044c       ??_C@_0O@OCNPMOOA@ecma_gc_sweep@ 0043828c     ecma-gc.obj
 0002:00000460       ??_C@_0GN@HENCFDH@object_p?5?$CB?$DN?5NULL?5?$CG?$CG?5?$CBecma_gc_is@ 004382a0     ecma-gc.obj
 0002:000004d0       ??_C@_0N@JCKCCIM@is_retrieved@ 00438310     ecma-gc.obj
 0002:000004e0       ??_C@_0CN@JKBNEPCE@ECMA_PROPERTY_IS_PROPERTY_PAIR?5@ 00438320     ecma-gc.obj
 0002:00000510       ??_C@_0GL@OAPMCIMK@prop_iter_p?9?$DOtypes?$FL0?$FN?5?$CB?$DN?5ECMA_P@ 00438350     ecma-gc.obj
 0002:00000580       ??_C@_0GL@MBLFBKKG@prop_iter_p?9?$DOtypes?$FL0?$FN?5?$DN?$DN?5ECMA_P@ 004383c0     ecma-gc.obj
 0002:000005ec       ??_C@_0CL@PEMGPMJF@JERRY_CONTEXT?5?$CIecma_gc_objects_@ 0043842c     ecma-gc.obj
 0002:00000618       ??_C@_0M@MKKPKPM@ecma_gc_run@ 00438458     ecma-gc.obj
 0002:00000628       ??_C@_0EE@IAKKOODA@JERRY_CONTEXT?5?$CIecma_gc_objects_@ 00438468     ecma-gc.obj
 0002:0000066c       ??_C@_0CI@GFCOJPHF@?$CBecma_gc_is_object_visited?5?$CIobj@ 004384ac     ecma-gc.obj
 0002:00000694       ??_C@_0DD@HHLNLEHP@ecma_gc_get_object_next?5?$CIobj_pr@ 004384d4     ecma-gc.obj
 0002:000006c8       ??_C@_0CH@JBMLMFBO@ecma_gc_is_object_visited?5?$CIobj_@ 00438508     ecma-gc.obj
 0002:000006f0       ??_C@_0BI@DOLKBKAG@ecma_free_unused_memory@ 00438530     ecma-gc.obj
 0002:00000708       ??_C@_0DC@LMAGLLEC@severity?5?$DN?$DN?5JMEM_FREE_UNUSED_ME@ 00438548     ecma-gc.obj
 0002:0000073c       ??_C@_0BL@FAEINABE@ecma_utf8_string_to_number@ 0043857c     ecma-helpers-conversion.obj
 0002:00000758       ??_C@_0FJ@EBJPJHFO@d?3?2hellox?2personal?2hellox_os?2je@ 00438598     ecma-helpers-conversion.obj
 0002:000007b4       ??_C@_0BF@JBHEMMID@begin_p?5?$DN?$DN?5end_p?5?$CL?51@ 004385f4     ecma-helpers-conversion.obj
 0002:000007cc       ??_C@_0CC@CMIIIGNE@fraction_uint128?$FL0?$FN?5?$DM?$DN?5UINT32_M@ 0043860c     ecma-helpers-conversion.obj
 0002:000007f0       ??_C@_0CC@KLCOENJH@fraction_uint128?$FL1?$FN?5?$DM?$DN?5UINT32_M@ 00438630     ecma-helpers-conversion.obj
 0002:00000814       ??_C@_0CC@PILEBGBD@fraction_uint128?$FL2?$FN?5?$DM?$DN?5UINT32_M@ 00438654     ecma-helpers-conversion.obj
 0002:00000838       ??_C@_0CC@HPBCNNFA@fraction_uint128?$FL3?$FN?5?$DM?$DN?5UINT32_M@ 00438678     ecma-helpers-conversion.obj
 0002:00000860       ??_C@_0FE@PDAMKHLI@ECMA_NUMBER_CONVERSION_128BIT_I@ 004386a0     ecma-helpers-conversion.obj
 0002:000008b8       ??_C@_0EC@MOBHKNHP@?$CBECMA_NUMBER_CONVERSION_128BIT_@ 004386f8     ecma-helpers-conversion.obj
 0002:000008fc       ??_C@_06EHOKBAHN@e?5?$DO?$DN?50@ 0043873c     ecma-helpers-conversion.obj
 0002:00000904       ??_C@_0CG@JCPDIJDM@fraction_uint128_tmp?$FL2?$FN?5?$DM?$DN?5UINT@ 00438744     ecma-helpers-conversion.obj
 0002:0000092c       ??_C@_0CG@BFFFECHP@fraction_uint128_tmp?$FL3?$FN?5?$DM?$DN?5UINT@ 0043876c     ecma-helpers-conversion.obj
 0002:00000954       ??_C@_06KFFKBACO@e?5?$CB?$DN?50@ 00438794     ecma-helpers-conversion.obj
 0002:00000960       ??_C@_0FI@MFCDCHFP@ECMA_NUMBER_CONVERSION_128BIT_I@ 004387a0     ecma-helpers-conversion.obj
 0002:000009b8       ??_C@_0BL@FMHECEAD@ecma_uint32_to_utf8_string@ 004387f8     ecma-helpers-conversion.obj
 0002:000009d4       ??_C@_0BG@IIMHPIE@buf_p?5?$DO?$DN?5out_buffer_p@ 00438814     ecma-helpers-conversion.obj
 0002:000009ec       ??_C@_0BG@BNJCLOFB@ecma_number_to_uint32@ 0043882c     ecma-helpers-conversion.obj
 0002:00000a04       ??_C@_0CG@OFIMCP@num_in_uint32_range?5?$DM?5uint64_2_@ 00438844     ecma-helpers-conversion.obj
 0002:00000a2c       ??_C@_0CE@GHFDHKOH@ret?5?$DN?$DN?5uint64_2_pow_32?5?9?5uint32@ 0043886c     ecma-helpers-conversion.obj
 0002:00000a50       ??_C@_0BC@DJBPLNPI@ret?5?$DN?$DN?5uint32_num@ 00438890     ecma-helpers-conversion.obj
 0002:00000a64       ??_C@_0BF@HICHGHJP@ecma_number_to_int32@ 004388a4     ecma-helpers-conversion.obj
 0002:00000a7c       ??_C@_0CC@IHLHOLJG@ret?5?$DN?$DN?5int64_num?5?9?5int64_2_pow_@ 004388bc     ecma-helpers-conversion.obj
 0002:00000aa0       ??_C@_0BB@OOEJKKFC@ret?5?$DN?$DN?5int64_num@ 004388e0     ecma-helpers-conversion.obj
 0002:00000ab4       ??_C@_0BH@MDEOCECD@ecma_number_to_decimal@ 004388f4     ecma-helpers-conversion.obj
 0002:00000acc       ??_C@_0BK@KCLNKHIB@?$CBecma_number_is_nan?5?$CInum?$CJ@ 0043890c     ecma-helpers-conversion.obj
 0002:00000ae8       ??_C@_0BL@GMDGLMAE@?$CBecma_number_is_zero?5?$CInum?$CJ@ 00438928     ecma-helpers-conversion.obj
 0002:00000b04       ??_C@_0BP@ELHJBID@?$CBecma_number_is_infinity?5?$CInum?$CJ@ 00438944     ecma-helpers-conversion.obj
 0002:00000b24       ??_C@_0BP@ECKPJKKC@?$CBecma_number_is_negative?5?$CInum?$CJ@ 00438964     ecma-helpers-conversion.obj
 0002:00000b44       ??_C@_0BL@OPHEHCPJ@ecma_number_to_utf8_string@ 00438984     ecma-helpers-conversion.obj
 0002:00000b60       ??_C@_0BB@KGHDGHOG@1?5?$DM?$DN?5buffer_size@ 004389a0     ecma-helpers-conversion.obj
 0002:00000b74       ??_C@_0CA@CDMCIHFA@dst_p?5?$DM?$DN?5buffer_p?5?$CL?5buffer_size@ 004389b4     ecma-helpers-conversion.obj
 0002:00000b94       ??_C@_0DJ@MJNBIBHL@ecma_number_get_next?5?$CIecma_numb@ 004389d4     ecma-helpers-conversion.obj
 0002:00000bd0       __real@0000000000000000    00438a10     ecma-helpers-conversion.obj
 0002:00000bd8       __real@4030000000000000    00438a18     ecma-helpers-conversion.obj
 0002:00000be0       __real@41f0000000000000    00438a20     ecma-helpers-conversion.obj
 0002:00000be8       __real@8000000000000000    00438a28     ecma-helpers-conversion.obj
 0002:00000bf0       __real@3fe0000000000000    00438a30     ecma-helpers-errol.obj
 0002:00000bf8       __real@3ff0000000000000    00438a38     ecma-helpers-errol.obj
 0002:00000c00       __real@400000000d6bf94d    00438a40     ecma-helpers-errol.obj
 0002:00000c08       __real@4020000000000000    00438a48     ecma-helpers-errol.obj
 0002:00000c10       __real@4024000000000000    00438a50     ecma-helpers-errol.obj
 0002:00000c18       __real@7ff0000000000000    00438a58     ecma-helpers-errol.obj
 0002:00000c20       __real@fff0000000000000    00438a60     ecma-helpers-errol.obj
 0002:00000c28       ??_C@_0GA@OBBFOBEJ@d?3?2hellox?2personal?2hellox_os?2je@ 00438a68     ecma-helpers-external-pointers.obj
 0002:00000c88       ??_C@_0FJ@PAEMIBID@id?5?$DN?$DN?5ECMA_INTERNAL_PROPERTY_NA@ 00438ac8     ecma-helpers-external-pointers.obj
 0002:00000ce4       ??_C@_0CA@IMJABMAF@ecma_get_external_pointer_value@ 00438b24     ecma-helpers-external-pointers.obj
 0002:00000d04       ??_C@_0CH@KLDPELAO@ecma_free_external_pointer_in_p@ 00438b44     ecma-helpers-external-pointers.obj
 0002:00000d30       ??_C@_0LH@JEAECGNM@ECMA_PROPERTY_GET_INTERNAL_PROP@ 00438b70     ecma-helpers-external-pointers.obj
 0002:00000de8       _ecma_number_exponent_bias 00438c28     ecma-helpers-number.obj
 0002:00000dec       ??_C@_0BB@JAKEDCEH@ecma_number_pack@ 00438c2c     ecma-helpers-number.obj
 0002:00000e00       ??_C@_0FF@KJCCIJFG@d?3?2hellox?2personal?2hellox_os?2je@ 00438c40     ecma-helpers-number.obj
 0002:00000e58       ??_C@_0EA@MJCFNIOK@?$CIbiased_exp?5?$CG?5?$HO?$CI?$CI1u?5?$DM?$DM?5ECMA_NUM@ 00438c98     ecma-helpers-number.obj
 0002:00000e98       ??_C@_0DO@INAAOJKE@?$CIfraction?5?$CG?5?$HO?$CI?$CI1ull?5?$DM?$DM?5ECMA_NUM@ 00438cd8     ecma-helpers-number.obj
 0002:00000ed8       ??_C@_0BD@CKNDCAOA@ecma_number_is_nan@ 00438d18     ecma-helpers-number.obj
 0002:00000eec       ??_C@_0BJ@JFFCMCPK@is_nan?5?$DN?$DN?5is_nan_ieee754@ 00438d2c     ecma-helpers-number.obj
 0002:00000f08       ??_C@_0BI@LILCMNPA@ecma_number_is_negative@ 00438d48     ecma-helpers-number.obj
 0002:00000f20       ??_C@_0BE@ENHLLKDB@ecma_number_is_zero@ 00438d60     ecma-helpers-number.obj
 0002:00000f34       ??_C@_0BL@FLGLGGHI@is_zero?5?$DN?$DN?5is_zero_ieee754@ 00438d74     ecma-helpers-number.obj
 0002:00000f50       ??_C@_0BI@EDODDKG@ecma_number_is_infinity@ 00438d90     ecma-helpers-number.obj
 0002:00000f68       ??_C@_0CG@JOFGHKKO@ecma_number_get_fraction_and_ex@ 00438da8     ecma-helpers-number.obj
 0002:00000f90       ??_C@_0O@DJFFJPGJ@fraction?5?$CB?$DN?50@ 00438dd0     ecma-helpers-number.obj
 0002:00000fa0       ??_C@_0EI@BNHEPMDD@biased_exp?5?$DO?50?5?$CG?$CG?5biased_exp?5?$DM?5@ 00438de0     ecma-helpers-number.obj
 0002:00000fe8       ??_C@_0DM@GCMGFHLN@ecma_number_make_normal_positiv@ 00438e28     ecma-helpers-number.obj
 0002:00001028       ??_C@_0EE@LOECMLLK@?$CIfraction?5?$CG?5?$HO?$CI?$CI1ull?5?$DM?$DM?5?$CIECMA_NU@ 00438e68     ecma-helpers-number.obj
 0002:0000106c       ??_C@_0DH@OKEKICCI@?$CIfraction?5?$CG?5?$CI1ull?5?$DM?$DM?5ECMA_NUMBE@ 00438eac     ecma-helpers-number.obj
 0002:000010a4       ??_C@_0DB@LIJNMGCB@ecma_number_make_from_sign_mant@ 00438ee4     ecma-helpers-number.obj
 0002:000010d8       ??_C@_0IC@IKENHCKM@?$CI?$CImantissa?5?$CG?5?$HO?$CI?$CI1ull?5?$DM?$DM?5?$CIECMA_N@ 00438f18     ecma-helpers-number.obj
 0002:0000115c       ??_C@_0DO@JBCKDEOE@?$CImantissa?5?$CG?5?$HO?$CI?$CI1ull?5?$DM?$DM?5ECMA_NUM@ 00438f9c     ecma-helpers-number.obj
 0002:0000119c       ??_C@_0BF@GFKMCCAJ@ecma_number_get_prev@ 00438fdc     ecma-helpers-number.obj
 0002:000011b4       ??_C@_0BF@FBHKDGGN@ecma_number_get_next@ 00438ff4     ecma-helpers-number.obj
 0002:000011cc       ??_C@_0DA@DDCLDNDG@fraction?5?$CG?5?$CI1ull?5?$DM?$DM?5ECMA_NUMBER@ 0043900c     ecma-helpers-number.obj
 0002:000011fc       ??_C@_0BD@KNAKEKJ@ecma_number_negate@ 0043903c     ecma-helpers-number.obj
 0002:00001210       ??_C@_0GF@FIMLCBNK@negated?5?$DN?$DN?5negated_ieee754?5?$HM?$HM?5?$CI@ 00439050     ecma-helpers-number.obj
 0002:00001278       ??_C@_0BC@GJJACNIJ@ecma_number_trunc@ 004390b8     ecma-helpers-number.obj
 0002:0000128c       ??_C@_0BL@EOIEJCPI@ecma_number_calc_remainder@ 004390cc     ecma-helpers-number.obj
 0002:000012a8       ??_C@_0GJ@CAEIADL@?$CBecma_number_is_nan?5?$CIleft_num?$CJ?5@ 004390e8     ecma-helpers-number.obj
 0002:00001318       ??_C@_0GM@KBPJOLK@?$CBecma_number_is_nan?5?$CIright_num?$CJ@ 00439158     ecma-helpers-number.obj
 0002:00001384       ??_C@_0BL@KDDIMHD@ecma_string_to_array_index@ 004391c4     ecma-helpers-string.obj
 0002:000013a0       ??_C@_0FF@NDEBKGLG@d?3?2hellox?2personal?2hellox_os?2je@ 004391e0     ecma-helpers-string.obj
 0002:000013f8       ??_C@_0EG@HEHJLGPC@string_size?5?$DO?50?5?$CG?$CG?5?$CKstring_p?5?$DO?$DN@ 00439238     ecma-helpers-string.obj
 0002:00001440       ??_C@_0BP@DNHPEIHN@ecma_new_ecma_string_from_utf8@ 00439280     ecma-helpers-string.obj
 0002:00001460       ??_C@_0CF@HLIGDENI@string_p?5?$CB?$DN?5NULL?5?$HM?$HM?5string_size@ 004392a0     ecma-helpers-string.obj
 0002:00001488       ??_C@_0DC@DKNEOCMN@lit_is_cesu8_string_valid?5?$CIstri@ 004392c8     ecma-helpers-string.obj
 0002:000014bc       ??_C@_0BA@DLKLMPDB@string_size?5?$DO?50@ 004392fc     ecma-helpers-string.obj
 0002:000014cc       ??_C@_0BF@JMGHJLHG@character?5?$DO?$DN?50x10000@ 0043930c     ecma-helpers-string.obj
 0002:000014e4       ??_C@_0CB@MMGGCEJP@ecma_new_ecma_string_from_numbe@ 00439324     ecma-helpers-string.obj
 0002:00001508       ??_C@_0N@BODNKAMC@str_size?5?$DO?50@ 00439348     ecma-helpers-string.obj
 0002:00001518       ??_C@_0JP@ODHPCHEF@lit_is_utf8_string_magic?5?$CIstr_b@ 00439358     ecma-helpers-string.obj
 0002:000015b8       ??_C@_0CK@BKDOLNJD@ecma_new_ecma_string_from_magic@ 004393f8     ecma-helpers-string.obj
 0002:000015e4       ??_C@_0BN@HJMLKLAJ@id?5?$DM?5LIT_MAGIC_STRING__COUNT@ 00439424     ecma-helpers-string.obj
 0002:00001604       ??_C@_0CN@GIHEDAON@ecma_new_ecma_string_from_magic@ 00439444     ecma-helpers-string.obj
 0002:00001634       ??_C@_0CG@GDMHNLHL@id?5?$DM?5lit_get_magic_string_ex_co@ 00439474     ecma-helpers-string.obj
 0002:0000165c       ??_C@_0BJ@NLCNLBMD@ecma_concat_ecma_strings@ 0043949c     ecma-helpers-string.obj
 0002:00001678       ??_C@_0CH@OFHNIPOB@string1_p?5?$CB?$DN?5NULL?5?$CG?$CG?5string2_p?5@ 004394b8     ecma-helpers-string.obj
 0002:000016a0       ??_C@_0EP@DEMJCHLL@ECMA_STRING_GET_CONTAINER?5?$CIstri@ 004394e0     ecma-helpers-string.obj
 0002:000016f0       ??_C@_0EP@LEJDILAO@ECMA_STRING_GET_CONTAINER?5?$CIstri@ 00439530     ecma-helpers-string.obj
 0002:00001740       ??_C@_0BG@KBMFGHGD@utf8_string1_size?5?$DO?50@ 00439580     ecma-helpers-string.obj
 0002:00001758       ??_C@_0BG@DICHABGC@utf8_string2_size?5?$DO?50@ 00439598     ecma-helpers-string.obj
 0002:00001770       ??_C@_0CJ@JADOEEFL@utf8_string1_length?5?$DM?$DN?5utf8_str@ 004395b0     ecma-helpers-string.obj
 0002:0000179c       ??_C@_0CJ@OFHHHLNO@utf8_string2_length?5?$DM?$DN?5utf8_str@ 004395dc     ecma-helpers-string.obj
 0002:000017c8       ??_C@_0BF@BFHBNOJ@ecma_ref_ecma_string@ 00439608     ecma-helpers-string.obj
 0002:000017e0       ??_C@_0DE@LCGKOENH@string_p?9?$DOrefs_and_container?5?$DO?$DN@ 00439620     ecma-helpers-string.obj
 0002:00001814       ??_C@_0BH@JEDAJPKB@ecma_deref_ecma_string@ 00439654     ecma-helpers-string.obj
 0002:00001830       ??_C@_0FC@PJCFBKOA@?$CBecma_string_to_array_index?5?$CIch@ 00439670     ecma-helpers-string.obj
 0002:00001884       ??_C@_0CP@KBGHDDG@string_p?9?$DOu?4long_utf8_string_si@ 004396c4     ecma-helpers-string.obj
 0002:000018b4       ??_C@_0BG@CBOCDCJP@ecma_string_to_number@ 004396f4     ecma-helpers-string.obj
 0002:000018cc       ??_C@_0O@FABAPJHP@str_p?5?$CB?$DN?5NULL@ 0043970c     ecma-helpers-string.obj
 0002:000018dc       ??_C@_0BF@JFNKDHCK@str_buffer_p?5?$CB?$DN?5NULL@ 0043971c     ecma-helpers-string.obj
 0002:000018f4       ??_C@_0CB@IGJPOLBK@ecma_string_copy_to_cesu8_buffe@ 00439734     ecma-helpers-string.obj
 0002:00001918       ??_C@_0BG@CGPFJNCF@string_desc_p?5?$CB?$DN?5NULL@ 00439758     ecma-helpers-string.obj
 0002:00001930       ??_C@_0DJ@BIDPADEO@string_desc_p?9?$DOrefs_and_contain@ 00439770     ecma-helpers-string.obj
 0002:0000196c       ??_C@_0CF@LECKGNOK@buffer_p?5?$CB?$DN?5NULL?5?$HM?$HM?5buffer_size@ 004397ac     ecma-helpers-string.obj
 0002:00001994       ??_C@_0DE@PMICMKGB@ecma_string_get_size?5?$CIstring_de@ 004397d4     ecma-helpers-string.obj
 0002:000019c8       ??_C@_0FD@GMLMFLLD@ECMA_STRING_GET_CONTAINER?5?$CIstri@ 00439808     ecma-helpers-string.obj
 0002:00001a1c       ??_C@_0BE@FHBPJGEE@size?5?$DM?$DN?5buffer_size@ 0043985c     ecma-helpers-string.obj
 0002:00001a30       ??_C@_0BK@JDBPHGFC@ecma_string_to_utf8_bytes@ 00439870     ecma-helpers-string.obj
 0002:00001a4c       ??_C@_0BE@OOOEENKM@size?5?$DN?$DN?5buffer_size@ 0043988c     ecma-helpers-string.obj
 0002:00001a88       ??_C@_0BG@MPBBALOD@ecma_string_raw_chars@ 004398c8     ecma-helpers-string.obj
 0002:00001aa0       ??_C@_0CK@FNODBCKG@ecma_string_get_length?5?$CIstring_@ 004398e0     ecma-helpers-string.obj
 0002:00001acc       ??_C@_0CG@DMDPLJGK@ECMA_STRING_IS_ASCII?5?$CIresult_p?0@ 0043990c     ecma-helpers-string.obj
 0002:00001af8       ??_C@_0EO@MBEIEHCF@ECMA_STRING_GET_CONTAINER?5?$CIstri@ 00439938     ecma-helpers-string.obj
 0002:00001b48       ??_C@_0BP@KAKFPLPG@ecma_string_from_property_name@ 00439988     ecma-helpers-string.obj
 0002:00001b68       ??_C@_0EJ@CIBNHBL@ECMA_PROPERTY_GET_NAME_TYPE?5?$CIpr@ 004399a8     ecma-helpers-string.obj
 0002:00001bb4       ??_C@_0CF@ELIEIJHG@ecma_string_compare_to_property@ 004399f4     ecma-helpers-string.obj
 0002:00001bdc       ??_C@_0DF@PDNPKAEJ@property_name_type?5?$DN?$DN?5ECMA_PROP@ 00439a1c     ecma-helpers-string.obj
 0002:00001c14       ??_C@_0CD@KHIGBMCC@ecma_compare_ecma_strings_longp@ 00439a54     ecma-helpers-string.obj
 0002:00001c38       ??_C@_0EP@FOPLFAAH@ECMA_STRING_GET_CONTAINER?5?$CIstri@ 00439a78     ecma-helpers-string.obj
 0002:00001c88       ??_C@_0FF@KHEONAKH@ECMA_STRING_GET_CONTAINER?5?$CIstri@ 00439ac8     ecma-helpers-string.obj
 0002:00001ce0       ??_C@_0BK@GFDNLDCE@ecma_compare_ecma_strings@ 00439b20     ecma-helpers-string.obj
 0002:00001cfc       ??_C@_0CF@BKJCDJGB@ecma_compare_ecma_strings_relat@ 00439b3c     ecma-helpers-string.obj
 0002:00001d24       ??_C@_0BH@NBCBPCJO@ecma_string_get_length@ 00439b64     ecma-helpers-string.obj
 0002:00001d40       ??_C@_0II@ODKFDJKH@ECMA_STRING_IS_ASCII?5?$CIlit_get_m@ 00439b80     ecma-helpers-string.obj
 0002:00001dc8       ??_C@_0BF@PMMLHBAJ@ecma_string_get_size@ 00439c08     ecma-helpers-string.obj
 0002:00001de0       ??_C@_0BM@HKHLDLLL@ecma_string_get_char_at_pos@ 00439c20     ecma-helpers-string.obj
 0002:00001dfc       ??_C@_0CK@PGKPLGM@index?5?$DM?5ecma_string_get_length?5@ 00439c3c     ecma-helpers-string.obj
 0002:00001e28       ??_C@_0EN@PAMDGPNF@ECMA_STRING_GET_CONTAINER?5?$CIstri@ 00439c68     ecma-helpers-string.obj
 0002:00001e78       ??_C@_08LJAEONMP@is_ascii@ 00439cb8     ecma-helpers-string.obj
 0002:00001e84       ??_C@_0BH@IINEHCIM@utf8_str_p___size?5?$CB?$DN?50@ 00439cc4     ecma-helpers-string.obj
 0002:00001e9c       ??_C@_0BH@CNMEAIAP@utf8_str_p___size?5?$DN?$DN?50@ 00439cdc     ecma-helpers-string.obj
 0002:00001eb4       ??_C@_0BD@HHLIFDHM@ecma_string_substr@ 00439cf4     ecma-helpers-string.obj
 0002:00001ec8       ??_C@_0BL@ILGCHDMB@start_pos?5?$DM?$DN?5string_length@ 00439d08     ecma-helpers-string.obj
 0002:00001ee4       ??_C@_0BJ@HOBLFPIL@end_pos?5?$DM?$DN?5string_length@ 00439d24     ecma-helpers-string.obj
 0002:00001f00       ??_C@_0BB@BDAAJGPD@ecma_string_trim@ 00439d40     ecma-helpers-string.obj
 0002:00001f14       ??_C@_0BD@FDOMDLBA@utf8_str_p?5?$CB?$DN?5NULL@ 00439d54     ecma-helpers-string.obj
 0002:00001f28       ??_C@_0BL@JNJJIGPE@ecma_pointer_to_ecma_value@ 00439d68     ecma-helpers-value.obj
 0002:00001f48       ??_C@_0FE@EPLONJOG@d?3?2hellox?2personal?2hellox_os?2je@ 00439d88     ecma-helpers-value.obj
 0002:00001f9c       ??_C@_0CH@MPLKCOKP@?$CIuint_ptr?5?$CG?5ECMA_VALUE_FULL_MAS@ 00439ddc     ecma-helpers-value.obj
 0002:00001fc4       ??_C@_0CG@MDLIDCPG@ecma_check_value_type_is_spec_d@ 00439e04     ecma-helpers-value.obj
 0002:00001ff0       ??_C@_0LP@LBAKHLHE@ecma_is_value_undefined?5?$CIvalue?$CJ@ 00439e30     ecma-helpers-value.obj
 0002:000020b0       ??_C@_0BI@HPNDGJOA@ecma_make_integer_value@ 00439ef0     ecma-helpers-value.obj
 0002:000020c8       ??_C@_0CH@OKGAAONI@ECMA_IS_INTEGER_NUMBER?5?$CIinteger@ 00439f08     ecma-helpers-value.obj
 0002:000020f0       ??_C@_0BH@HJCIFFC@ecma_make_string_value@ 00439f30     ecma-helpers-value.obj
 0002:00002108       ??_C@_0BG@EDECEECB@ecma_string_p?5?$CB?$DN?5NULL@ 00439f48     ecma-helpers-value.obj
 0002:00002120       ??_C@_0BH@MHHIMGPA@ecma_make_object_value@ 00439f60     ecma-helpers-value.obj
 0002:00002138       ??_C@_0BG@FDLHKHEI@ecma_make_error_value@ 00439f78     ecma-helpers-value.obj
 0002:00002150       ??_C@_0BN@MCBDHJKB@?$CBECMA_IS_VALUE_ERROR?5?$CIvalue?$CJ@ 00439f90     ecma-helpers-value.obj
 0002:00002170       ??_C@_0BM@ONLLBPAG@ecma_get_integer_from_value@ 00439fb0     ecma-helpers-value.obj
 0002:0000218c       ??_C@_0CF@FHMFMCCG@ecma_is_value_integer_number?5?$CIv@ 00439fcc     ecma-helpers-value.obj
 0002:000021b4       ??_C@_0BK@LIPOEBDP@ecma_get_float_from_value@ 00439ff4     ecma-helpers-value.obj
 0002:000021d0       ??_C@_0DF@IDCFJKME@ecma_get_value_type_field?5?$CIvalu@ 0043a010     ecma-helpers-value.obj
 0002:00002208       ??_C@_0BL@HNOHDDMN@ecma_get_string_from_value@ 0043a048     ecma-helpers-value.obj
 0002:00002224       ??_C@_0DG@LFKEJEBE@ecma_get_value_type_field?5?$CIvalu@ 0043a064     ecma-helpers-value.obj
 0002:0000225c       ??_C@_0BL@JBCOIKNA@ecma_get_object_from_value@ 0043a09c     ecma-helpers-value.obj
 0002:00002278       ??_C@_0DG@LDCEDCBC@ecma_get_value_type_field?5?$CIvalu@ 0043a0b8     ecma-helpers-value.obj
 0002:000022b0       ??_C@_0BK@CLELFLNB@ecma_invert_boolean_value@ 0043a0f0     ecma-helpers-value.obj
 0002:000022cc       ??_C@_0BO@LFJKODHP@ecma_is_value_boolean?5?$CIvalue?$CJ@ 0043a10c     ecma-helpers-value.obj
 0002:000022ec       ??_C@_0CA@HCPHKMCB@ecma_get_value_from_error_value@ 0043a12c     ecma-helpers-value.obj
 0002:0000230c       ??_C@_0BM@PMNAAOAB@ECMA_IS_VALUE_ERROR?5?$CIvalue?$CJ@ 0043a14c     ecma-helpers-value.obj
 0002:00002328       ??_C@_0BA@JICAEAEC@ecma_copy_value@ 0043a168     ecma-helpers-value.obj
[...]
 0001:00013414       _ecma_builtin_json_object  004136d4 f   ecma-builtin-json.obj
 0001:0001379d       _ecma_builtin_json_parse   00413a5d f   ecma-builtin-json.obj
 0001:0001392c       _ecma_builtin_json_parse_next_token 00413bec f   ecma-builtin-json.obj
 0001:00013a66       _ecma_builtin_json_parse_number 00413d26 f   ecma-builtin-json.obj
 0001:00013b6f       _ecma_builtin_json_parse_string 00413e2f f   ecma-builtin-json.obj
 0001:00013d43       _ecma_builtin_json_parse_value 00414003 f   ecma-builtin-json.obj
 0001:00013f6e       _ecma_builtin_json_quote   0041422e f   ecma-builtin-json.obj
 0001:00014215       _ecma_builtin_json_str     004144d5 f   ecma-builtin-json.obj
 0001:00014600       _ecma_builtin_json_stringify 004148c0 f   ecma-builtin-json.obj
 0001:00014c0a       _ecma_builtin_json_walk    00414eca f   ecma-builtin-json.obj
 0001:000151be       $LN96                      0041547e     ecma-builtin-math.obj
 0001:000151fa       _ecma_builtin_math_object_max_min 004154ba f   ecma-builtin-math.obj
 0001:000153cc       _ecma_builtin_number_prototype_helper_round 0041568c f   ecma-builtin-number-prototype.obj
 0001:00015432       _ecma_builtin_number_prototype_helper_to_string 004156f2 f   ecma-builtin-number-prototype.obj
 0001:00015528       _ecma_builtin_number_prototype_object_to_exponential 004157e8 f   ecma-builtin-number-prototype.obj
 0001:00015893       _ecma_builtin_number_prototype_object_to_fixed 00415b53 f   ecma-builtin-number-prototype.obj
 0001:00015bfe       _ecma_builtin_number_prototype_object_to_precision 00415ebe f   ecma-builtin-number-prototype.obj
 0001:00015fb1       _ecma_builtin_number_prototype_object_to_string 00416271 f   ecma-builtin-number-prototype.obj
 0001:00016576       _ecma_builtin_number_prototype_object_value_of 00416836 f   ecma-builtin-number-prototype.obj
 0001:0001674e       _ecma_builtin_object_prototype_object_has_own_property 00416a0e f   ecma-builtin-object-prototype.obj
 0001:000167f6       _ecma_builtin_object_prototype_object_is_prototype_of 00416ab6 f   ecma-builtin-object-prototype.obj
 0001:000168c0       _ecma_builtin_object_prototype_object_property_is_enumerable 00416b80 f   ecma-builtin-object-prototype.obj
 0001:0001698b       _ecma_builtin_object_prototype_object_to_locale_string 00416c4b f   ecma-builtin-object-prototype.obj
 0001:00016dcc       $LN77                      0041708c     ecma-builtin-object.obj
 0001:00016e00       _ecma_builtin_object_object_create 004170c0 f   ecma-builtin-object.obj
 0001:00016ed2       _ecma_builtin_object_object_define_properties 00417192 f   ecma-builtin-object.obj
 0001:0001716a       _ecma_builtin_object_object_define_property 0041742a f   ecma-builtin-object.obj
 0001:00017282       _ecma_builtin_object_object_freeze 00417542 f   ecma-builtin-object.obj
 0001:000173bc       _ecma_builtin_object_object_get_own_property_descriptor 0041767c f   ecma-builtin-object.obj
 0001:00017479       _ecma_builtin_object_object_get_prototype_of 00417739 f   ecma-builtin-object.obj
 0001:000174d5       _ecma_builtin_object_object_is_extensible 00417795 f   ecma-builtin-object.obj
 0001:00017519       _ecma_builtin_object_object_is_frozen 004177d9 f   ecma-builtin-object.obj
 0001:000175ea       _ecma_builtin_object_object_is_sealed 004178aa f   ecma-builtin-object.obj
 0001:000176a7       _ecma_builtin_object_object_seal 00417967 f   ecma-builtin-object.obj
 0001:00017858       _ecma_builtin_regexp_prototype_compile 00417b18 f   ecma-builtin-regexp-prototype.obj
 0001:00017d36       _ecma_builtin_regexp_prototype_exec 00417ff6 f   ecma-builtin-regexp-prototype.obj
 0001:00017e61       _ecma_builtin_regexp_prototype_test 00418121 f   ecma-builtin-regexp-prototype.obj
 0001:00017ed0       _ecma_builtin_regexp_prototype_to_string 00418190 f   ecma-builtin-regexp-prototype.obj
 0001:000182dd       _ecma_builtin_helper_split_match 0041859d f   ecma-builtin-string-prototype.obj
 0001:000187fe       $LN88                      00418abe     ecma-builtin-string-prototype.obj
 0001:0001884e       _ecma_builtin_string_prototype_object_char_at 00418b0e f   ecma-builtin-string-prototype.obj
 0001:00018a02       _ecma_builtin_string_prototype_object_char_code_at 00418cc2 f   ecma-builtin-string-prototype.obj
 0001:00018c3d       _ecma_builtin_string_prototype_object_concat 00418efd f   ecma-builtin-string-prototype.obj
 0001:00018d72       _ecma_builtin_string_prototype_object_conversion_helper 00419032 f   ecma-builtin-string-prototype.obj
 0001:00019026       _ecma_builtin_string_prototype_object_locale_compare 004192e6 f   ecma-builtin-string-prototype.obj
 0001:00019139       _ecma_builtin_string_prototype_object_match 004193f9 f   ecma-builtin-string-prototype.obj
 0001:0001962c       _ecma_builtin_string_prototype_object_replace 004198ec f   ecma-builtin-string-prototype.obj
 0001:00019867       _ecma_builtin_string_prototype_object_replace_append_substr 00419b27 f   ecma-builtin-string-prototype.obj
 0001:000198fe       _ecma_builtin_string_prototype_object_replace_get_string 00419bbe f   ecma-builtin-string-prototype.obj
 0001:00019f1e       _ecma_builtin_string_prototype_object_replace_loop 0041a1de f   ecma-builtin-string-prototype.obj
 0001:0001a167       _ecma_builtin_string_prototype_object_replace_main 0041a427 f   ecma-builtin-string-prototype.obj
 0001:0001a27d       _ecma_builtin_string_prototype_object_replace_match 0041a53d f   ecma-builtin-string-prototype.obj
 0001:0001a53a       _ecma_builtin_string_prototype_object_search 0041a7fa f   ecma-builtin-string-prototype.obj
 0001:0001a786       _ecma_builtin_string_prototype_object_slice 0041aa46 f   ecma-builtin-string-prototype.obj
 0001:0001a9fd       _ecma_builtin_string_prototype_object_split 0041acbd f   ecma-builtin-string-prototype.obj
 0001:0001b17b       _ecma_builtin_string_prototype_object_substr 0041b43b f   ecma-builtin-string-prototype.obj
 0001:0001b4ca       _ecma_builtin_string_prototype_object_substring 0041b78a f   ecma-builtin-string-prototype.obj
 0001:0001b763       _ecma_builtin_string_prototype_object_to_string 0041ba23 f   ecma-builtin-string-prototype.obj
 0001:0001b7d2       _ecma_builtin_string_prototype_object_trim 0041ba92 f   ecma-builtin-string-prototype.obj
 0001:0001b921       _ecma_builtin_string_object_from_char_code 0041bbe1 f   ecma-builtin-string.obj
 0001:0001be53       $LN107                     0041c113     ecma-builtins.obj
 0001:0001bea3       $LN99                      0041c163     ecma-builtins.obj
 0001:0001c088       $LN104                     0041c348     ecma-builtins.obj
 0001:0001c0d8       $LN97                      0041c398     ecma-builtins.obj
 0001:0001c0fd       _ecma_builtin_dispatch_routine 0041c3bd f   ecma-builtins.obj
 0001:0001c435       $LN56                      0041c6f5     ecma-builtins.obj
 0001:0001c56f       _ecma_builtin_get_property_count 0041c82f f   ecma-builtins.obj
 0001:0001c59b       _ecma_builtin_init_object  0041c85b f   ecma-builtins.obj
 0001:0001c956       _ecma_builtin_make_function_object_for_routine 0041cc16 f   ecma-builtins.obj
 0001:0001cd9b       _ecma_instantiate_builtin  0041d05b f   ecma-builtins.obj
 0001:0001da6b       $LN485                     0041dd2b     ecma-builtins.obj
 0001:000200d1       _ecma_op_function_construct_simple_or_external 00420391 f   ecma-function-object.obj
 0001:00023aae       _re_match_regexp           00423d6e f   ecma-regexp-object.obj
 0001:0002482a       $LN316                     00424aea     ecma-regexp-object.obj
 0001:000249c0       _re_set_data_property      00424c80 f   ecma-regexp-object.obj
 0001:00024ce6       _get_user_script           00424fa6 f   entry.obj
 0001:00024e44       _print_value               00425104 f   entry.obj
 0001:00026d8d       _eaddr                     0042704d f   stdio.obj
 0001:00026e33       _iaddr                     004270f3 f   stdio.obj
 0001:00026f04       _number                    004271c4 f   stdio.obj
 0001:0002709c       _skip_atoi                 0042735c f   stdio.obj
 0001:0002710c       __hx_aligned_free          004273cc f   sysmem.obj
 0001:00027296       ___ieee754_rem_pio2        00427556 f   trig.obj
 0001:000274fb       ___kernel_cos              004277bb f   trig.obj
 0001:000275c0       ___kernel_rem_pio2         00427880 f   trig.obj
 0001:00027b39       ___kernel_sin              00427df9 f   trig.obj
 0001:00027bc0       ___kernel_tan              00427e80 f   trig.obj
 0001:00027f31       _jerry_assert_api_available 004281f1 f   jerry.obj
 0001:000282b4       _jmem_heap_alloc_block_internal 00428574 f   jmem-heap.obj
 0001:000285e0       _jmem_heap_gc_and_alloc_block 004288a0 f   jmem-heap.obj
 0001:00028a02       _lit_char_is_unicode_letter 00428cc2 f   lit-char-helpers.obj
 0001:00028c44       _search_char_in_char_array 00428f04 f   lit-char-helpers.obj
 0001:00028c81       _search_char_in_interval_array 00428f41 f   lit-char-helpers.obj
 0001:00028fa3       _convert_code_point_to_high_surrogate 00429263 f   lit-strings.obj
 0001:0002a98c       $LN77                      0042ac4c     js-lexer.obj
 0001:0002a9b8       _lexer_parse_identifier    0042ac78 f   js-lexer.obj
 0001:0002ab81       _lexer_parse_number        0042ae41 f   js-lexer.obj
 0001:0002ad0f       _lexer_parse_string        0042afcf f   js-lexer.obj
 0001:0002afab       _lexer_process_char_literal 0042b26b f   js-lexer.obj
 0001:0002b1ea       _skip_spaces               0042b4aa f   js-lexer.obj
 0001:0002b3fd       _parser_append_binary_token 0042b6bd f   js-parser-expr.obj
 0001:0002b8c2       _parser_append_object_literal_item 0042bb82 f   js-parser-expr.obj
 0001:0002b993       _parser_emit_unary_lvalue_opcode 0042bc53 f   js-parser-expr.obj
 0001:0002bc38       _parser_parse_array_literal 0042bef8 f   js-parser-expr.obj
 0001:0002c068       _parser_parse_object_literal 0042c328 f   js-parser-expr.obj
 0001:0002c208       _parser_parse_unary_expression 0042c4c8 f   js-parser-expr.obj
 0001:0002c57c       _parser_process_binary_opcodes 0042c83c f   js-parser-expr.obj
 0001:0002c7a0       _parser_process_unary_expression 0042ca60 f   js-parser-expr.obj
 0001:0002ccf3       _parser_push_result        0042cfb3 f   js-parser-expr.obj
 0001:0002ce08       _parser_data_free          0042d0c8 f   js-parser-mem.obj
 0001:0002d63c       _parser_scan_primary_expression 0042d8fc f   js-parser-scanner.obj
 0001:0002d78c       _parser_scan_primary_expression_end 0042da4c f   js-parser-scanner.obj
 0001:0002d8b6       _parser_scan_statement     0042db76 f   js-parser-scanner.obj
 0001:0002da82       $LN36                      0042dd42     js-parser-scanner.obj
 0001:0002dab2       $LN31                      0042dd72     js-parser-scanner.obj
 0001:0002df11       _parser_parse_break_statement 0042e1d1 f   js-parser-statm.obj
 0001:0002e0ab       _parser_parse_case_statement 0042e36b f   js-parser-statm.obj
 0001:0002e15d       _parser_parse_continue_statement 0042e41d f   js-parser-statm.obj
 0001:0002e351       _parser_parse_default_statement 0042e611 f   js-parser-statm.obj
 0001:0002e3dc       _parser_parse_do_while_statement_end 0042e69c f   js-parser-statm.obj
 0001:0002e4ac       _parser_parse_enclosed_expr 0042e76c f   js-parser-statm.obj
 0001:0002e4f5       _parser_parse_for_statement_end 0042e7b5 f   js-parser-statm.obj
 0001:0002e64a       _parser_parse_for_statement_start 0042e90a f   js-parser-statm.obj
 0001:0002e99f       _parser_parse_function_statement 0042ec5f f   js-parser-statm.obj
 0001:0002eb56       _parser_parse_if_statement_end 0042ee16 f   js-parser-statm.obj
 0001:0002ec2a       _parser_parse_if_statement_start 0042eeea f   js-parser-statm.obj
 0001:0002ec71       _parser_parse_label        0042ef31 f   js-parser-statm.obj
 0001:0002f4fd       $LN229                     0042f7bd     js-parser-statm.obj
 0001:0002f521       $LN230                     0042f7e1     js-parser-statm.obj
 0001:0002f549       _parser_parse_switch_statement_start 0042f809 f   js-parser-statm.obj
 0001:0002f785       _parser_parse_try_statement_end 0042fa45 f   js-parser-statm.obj
 0001:0002f9c7       _parser_parse_var_statement 0042fc87 f   js-parser-statm.obj
 0001:0002fa98       _parser_parse_while_statement_end 0042fd58 f   js-parser-statm.obj
 0001:0002fbaa       _parser_parse_while_statement_start 0042fe6a f   js-parser-statm.obj
 0001:0002fc77       _parser_parse_with_statement_end 0042ff37 f   js-parser-statm.obj
 0001:0002fd44       _parser_parse_with_statement_start 00430004 f   js-parser-statm.obj
 0001:0002fdad       _parser_save_range         0043006d f   js-parser-statm.obj
 0001:0002fdd5       _parser_set_range          00430095 f   js-parser-statm.obj
 0001:0002fe00       _parser_stack_change_last_uint8 004300c0 f   js-parser-statm.obj
 0001:0002fe4d       _parser_stack_iterator_read_uint8 0043010d f   js-parser-statm.obj
 0001:0002fe80       _parser_statement_length   00430140 f   js-parser-statm.obj
 0001:0003058c       _parser_emit_two_bytes     0043084c f   js-parser-util.obj
 0001:00030918       _parse_update_branches     00430bd8 f   js-parser.obj
 0001:00030adb       _parser_compute_indicies   00430d9b f   js-parser.obj
 0001:0003117d       _parser_encode_literal     0043143d f   js-parser.obj
 0001:000311b6       _parser_free_literals      00431476 f   js-parser.obj
 0001:000311f6       _parser_generate_initializers 004314b6 f   js-parser.obj
 0001:000318e0       _parser_parse_source       00431ba0 f   js-parser.obj
 0001:00031ad7       _parser_post_processing    00431d97 f   js-parser.obj
 0001:00032472       _parser_update_backward_branch 00432732 f   js-parser.obj
 0001:000324df       _parser_update_forward_branch 0043279f f   js-parser.obj
 0001:00032580       _re_bytecode_list_append   00432840 f   re-bytecode.obj
 0001:000326f4       _re_realloc_regexp_bytecode_block 004329b4 f   re-bytecode.obj
 0001:000327ae       _re_append_char_class      00432a6e f   re-compiler.obj
 0001:00032ae9       _re_insert_into_group      00432da9 f   re-compiler.obj
 0001:00032c0f       _re_insert_into_group_with_jump 00432ecf f   re-compiler.obj
 0001:00032c42       _re_insert_simple_iterator 00432f02 f   re-compiler.obj
 0001:00032cc6       _re_parse_alternative      00432f86 f   re-compiler.obj
 0001:000330c6       $LN68                      00433386     re-compiler.obj
 0001:0003311e       _re_count_num_of_groups    004333de f   re-parser.obj
 0001:00033181       _re_hex_lookup             00433441 f   re-parser.obj
 0001:000335ed       _re_parse_iterator         004338ad f   re-parser.obj
 0001:00033bc1       _re_parse_non_greedy_char  00433e81 f   re-parser.obj
 0001:00033be1       _re_parse_octal            00433ea1 f   re-parser.obj
 0001:00034ecd       _vm_decode_branch_offset   0043518d f   vm-stack.obj
 0001:000351e3       _opfunc_call               004354a3 f   vm.obj
 0001:000352eb       _opfunc_construct          004355ab f   vm.obj
 0001:00035373       _vm_construct_literal_object 00435633 f   vm.obj
 0001:000353bf       _vm_execute                0043567f f   vm.obj
 0001:000354d7       _vm_get_implicit_this_value 00435797 f   vm.obj
 0001:00035532       _vm_init_loop              004357f2 f   vm.obj
 0001:0003578e       _vm_loop                   00435a4e f   vm.obj
 0001:0003757a       $LN845                     0043783a     vm.obj
 0001:000376d6       _vm_op_get_value           00437996 f   vm.obj
 0001:000377c4       _vm_op_set_value           00437a84 f   vm.obj
 0001:000379e0       $$000000                   00437ca0     MSVCRT:ftol2.obj
 0001:00037aa0       $$000000                   00437d60     MSVCRT:llshl.obj
 0001:00037ac0       $$000000                   00437d80     MSVCRT:ulldvrm.obj
 0002:00001a60       _nums_with_ascending_length 004398a0     ecma-helpers-string.obj
 0002:000038f4       _ecma_property_hashmap_steps 0043b734     ecma-property-hashmap.obj
 0002:00005708       _unescaped_uri_set         0043d548     ecma-builtin-global.obj
 0002:00005718       _unescaped_uri_component_set 0043d558     ecma-builtin-global.obj
 0002:00005728       _ecma_escape_set           0043d568     ecma-builtin-global.obj
 0002:00006a58       ?digit_chars@?7??ecma_builtin_number_prototype_object_to_string@@9@9 0043e898     ecma-builtin-number-prototype.obj
 0002:00008528       _ecma_builtin_property_list_references 00440368     ecma-builtins.obj
 0002:000085b8       ?builtin_number_list@?BF@??ecma_builtin_try_to_instantiate_property@@9@9 004403f8     ecma-builtins.obj
 0002:0000a064       ?prototype_str_p@?1??ecma_op_function_try_lazy_instantiate_property@@9@9 00441ea4     ecma-function-object.obj
 0002:0000bff0       _atanhi                    00443e30     atan.obj
 0002:0000c010       _atanlo                    00443e50     atan.obj
 0002:0000c0c0       _halF                      00443f00     exp.obj
 0002:0000c0d0       _ln2HI                     00443f10     exp.obj
 0002:0000c0e0       _ln2LO                     00443f20     exp.obj
 0002:0000c180       _Zero                      00443fc0     math.obj
 0002:0000c320       _init_jk                   00444160     trig.obj
 0002:0000c330       _PIo2                      00444170     trig.obj
 0002:0000c370       _ipio2                     004441b0     trig.obj
 0002:0000c478       _npio2_hw                  004442b8     trig.obj
 0002:0000cd60       _unicode_letter_interv_sps 00444ba0     lit-char-helpers.obj
 0002:0000cf08       _unicode_letter_interv_lens 00444d48     lit-char-helpers.obj
 0002:0000cfdc       _unicode_separator_chars   00444e1c     lit-char-helpers.obj
 0002:0000cfe8       _unicode_letter_chars      00444e28     lit-char-helpers.obj
 0002:0000d058       _unicode_non_letter_ident_part_interv_sps 00444e98     lit-char-helpers.obj
 0002:0000d120       _unicode_non_letter_ident_part_interv_lens 00444f60     lit-char-helpers.obj
 0002:0000d184       _unicode_non_letter_ident_part_chars 00444fc4     lit-char-helpers.obj
 0002:0000d2f0       ?lit_magic_strings@?1??lit_get_magic_string_utf8@@9@9 00445130     lit-magic-strings.obj
 0002:0000d698       ?lit_magic_string_sizes@?1??lit_get_magic_string_size@@9@9 004454d8     lit-magic-strings.obj
 0002:0000d788       ?lit_magic_string_size_block_starts@?1??lit_get_magic_string_size_block_start@@9@9 004455c8     lit-magic-strings.obj
 0002:0000e868       _keyword_length_2          004466a8     js-lexer.obj
 0002:0000e888       _keyword_length_3          004466c8     js-lexer.obj
 0002:0000e8b8       _keyword_length_4          004466f8     js-lexer.obj
 0002:0000e900       _keyword_length_5          00446740     js-lexer.obj
 0002:0000e950       _keyword_length_6          00446790     js-lexer.obj
 0002:0000e998       _keyword_length_7          004467d8     js-lexer.obj
 0002:0000e9c8       _keyword_length_8          00446808     js-lexer.obj
 0002:0000e9e8       _keyword_length_9          00446828     js-lexer.obj
 0002:0000ea00       _keyword_length_10         00446840     js-lexer.obj
 0002:0000ea18       _lexer_get_literal         00446858     js-lexer.obj
 0002:0000ea20       _lexer_set_literal         00446860     js-lexer.obj
 0002:0000ea28       _keyword_string_list       00446868     js-lexer.obj
 0002:0000f0d0       _parser_binary_precedence_table 00446f10     js-parser-expr.obj
 0002:0000ff68       ?statement_lengths@?1??parser_statement_length@@9@9 00447da8     js-parser-statm.obj
 0002:000122b0       _vm_decode_table           0044a0f0     vm.obj
 0003:00000000       __ctype                    0044ab80     ctype.obj
 0003:00000008       _next                      0044ab88     rand.obj
 0003:0000000c       _digits                    0044ab8c     stdio.obj
 0003:00000010       _upper_digits              0044ab90     stdio.obj
 0003:000000c4       _tb                        0044ac44     time.obj
 0004:00000060       $R000000                   004cb5e0     * linker generated manifest res *
