 JerryEngine

 Timestamp is 58b149d4 (Sat Feb 25 17:09:40 2017)

 Preferred load address is 00400000

 Start         Length     Name                   Class
 0001:00000000 000379e4H .text$mn                CODE
 0002:00000000 00000008H .idata$5                DATA
 0002:00000010 00011c69H .rdata                  DATA
 0002:00011c79 00000000H .edata                  DATA
 0002:00011c7c 00000070H .rdata$debug            DATA
 0002:00011cec 00000014H .idata$2                DATA
 0002:00011d00 00000014H .idata$3                DATA
 0002:00011d14 00000008H .idata$4                DATA
 0002:00011d1c 0000002aH .idata$6                DATA
 0003:00000000 00000094H .data                   DATA
 0003:000000a0 00080940H .bss                    DATA
 0004:00000000 00000004H .CRT$XIC                DATA
 0005:00000000 00000058H .rsrc$01                DATA
 0005:00000060 00000180H .rsrc$02                DATA

  Address         Publics by Value              Rva+Base       Lib:Object

 0000:00000000       ___guard_flags             00000000     <absolute>
 0000:00000000       __except_list              00000000     <absolute>
 0000:00000000       ___safe_se_handler_table   00000000     <absolute>
 0000:00000000       ___safe_se_handler_count   00000000     <absolute>
 0000:00000000       ___guard_fids_table        00000000     <absolute>
 0000:00000000       ___guard_fids_count        00000000     <absolute>
 0000:00009876       __fltused                  00009876     <absolute>
 0000:00009876       __ldused                   00009876     <absolute>
 0001:00000000       _ecma_alloc_collection_chunk 00400300 f   ecma-alloc.obj
 0001:00000024       _ecma_alloc_collection_header 00400324 f   ecma-alloc.obj
 0001:00000048       _ecma_alloc_extended_object 00400348 f   ecma-alloc.obj
 0001:00000051       _ecma_alloc_number         00400351 f   ecma-alloc.obj
 0001:00000075       _ecma_alloc_object         00400375 f   ecma-alloc.obj
 0001:00000099       _ecma_alloc_property_pair  00400399 f   ecma-alloc.obj
 0001:000000a2       _ecma_alloc_string         004003a2 f   ecma-alloc.obj
 0001:000000c6       _ecma_dealloc_property_pair 004003c6 f   ecma-alloc.obj
 0001:000000d7       _ecma_dealloc_object       004003d7 f   ecma-alloc.obj
 0001:000000d7       _ecma_dealloc_number       004003d7 f   ecma-alloc.obj
 0001:000000d7       _ecma_dealloc_string       004003d7 f   ecma-alloc.obj
 0001:000000d7       _ecma_dealloc_collection_header 004003d7 f   ecma-alloc.obj
 0001:000000d7       _ecma_dealloc_collection_chunk 004003d7 f   ecma-alloc.obj
 0001:000000e8       _ecma_deref_object         004003e8 f   ecma-gc.obj
 0001:00000118       _ecma_free_unused_memory   00400418 f   ecma-gc.obj
 0001:0000044c       _ecma_gc_run               0040074c f   ecma-gc.obj
 0001:000009fd       _ecma_init_gc_info         00400cfd f   ecma-gc.obj
 0001:00000a7a       _ecma_ref_object           00400d7a f   ecma-gc.obj
 0001:00000a9d       _ecma_number_to_decimal    00400d9d f   ecma-helpers-conversion.obj
 0001:00000b64       _ecma_number_to_int32      00400e64 f   ecma-helpers-conversion.obj
 0001:00000bf9       _ecma_number_to_uint32     00400ef9 f   ecma-helpers-conversion.obj
 0001:00000d6b       _ecma_number_to_utf8_string 0040106b f   ecma-helpers-conversion.obj
 0001:00001064       _ecma_uint32_to_utf8_string 00401364 f   ecma-helpers-conversion.obj
 0001:000010cc       _ecma_utf8_string_to_number 004013cc f   ecma-helpers-conversion.obj
 0001:00002487       _ecma_errol0_dtoa          00402787 f   ecma-helpers-errol.obj
 0001:00002800       _ecma_free_external_pointer_in_property 00402b00 f   ecma-helpers-external-pointers.obj
 0001:0000282f       _ecma_get_external_pointer_value 00402b2f f   ecma-helpers-external-pointers.obj
 0001:0000287c       _ecma_number_add           00402b7c f   ecma-helpers-number.obj
 0001:00002887       _ecma_number_calc_remainder 00402b87 f   ecma-helpers-number.obj
 0001:000029a4       _ecma_number_divide        00402ca4 f   ecma-helpers-number.obj
 0001:000029af       _ecma_number_get_fraction_and_exponent 00402caf f   ecma-helpers-number.obj
 0001:00002aef       _ecma_number_get_next      00402def f   ecma-helpers-number.obj
 0001:00002bf6       _ecma_number_get_prev      00402ef6 f   ecma-helpers-number.obj
 0001:00002cd0       _ecma_number_is_infinity   00402fd0 f   ecma-helpers-number.obj
 0001:00002d39       _ecma_number_is_nan        00403039 f   ecma-helpers-number.obj
 0001:00002da2       _ecma_number_is_negative   004030a2 f   ecma-helpers-number.obj
 0001:00002df5       _ecma_number_is_zero       004030f5 f   ecma-helpers-number.obj
 0001:00002e8b       _ecma_number_make_from_sign_mantissa_and_exponent 0040318b f   ecma-helpers-number.obj
 0001:00002fa9       _ecma_number_make_infinity 004032a9 f   ecma-helpers-number.obj
 0001:00002fc2       _ecma_number_make_nan      004032c2 f   ecma-helpers-number.obj
 0001:00002fd6       _ecma_number_make_normal_positive_from_fraction_and_exponent 004032d6 f   ecma-helpers-number.obj
 0001:00003068       _ecma_number_multiply      00403368 f   ecma-helpers-number.obj
 0001:00003073       _ecma_number_negate        00403373 f   ecma-helpers-number.obj
 0001:0000317f       _ecma_number_substract     0040347f f   ecma-helpers-number.obj
 0001:00003196       _ecma_number_trunc         00403496 f   ecma-helpers-number.obj
 0001:000032a5       _ecma_compare_ecma_strings 004035a5 f   ecma-helpers-string.obj
 0001:000033ad       _ecma_compare_ecma_strings_relational 004036ad f   ecma-helpers-string.obj
 0001:000034fb       _ecma_concat_ecma_strings  004037fb f   ecma-helpers-string.obj
 0001:000038c8       _ecma_deref_ecma_string    00403bc8 f   ecma-helpers-string.obj
 0001:000039dc       _ecma_get_magic_string     00403cdc f   ecma-helpers-string.obj
 0001:000039e5       _ecma_get_string_magic     00403ce5 f   ecma-helpers-string.obj
 0001:00003a01       _ecma_init_ecma_string_from_uint32 00403d01 f   ecma-helpers-string.obj
 0001:00003a19       _ecma_new_ecma_length_string 00403d19 f   ecma-helpers-string.obj
 0001:00003a2f       _ecma_new_ecma_string_from_code_unit 00403d2f f   ecma-helpers-string.obj
 0001:00003a50       _ecma_new_ecma_string_from_magic_string_ex_id 00403d50 f   ecma-helpers-string.obj
 0001:00003a95       _ecma_new_ecma_string_from_magic_string_id 00403d95 f   ecma-helpers-string.obj
 0001:00003ad3       _ecma_new_ecma_string_from_number 00403dd3 f   ecma-helpers-string.obj
 0001:00003c3d       _ecma_new_ecma_string_from_uint32 00403f3d f   ecma-helpers-string.obj
 0001:00003c57       _ecma_new_ecma_string_from_utf8 00403f57 f   ecma-helpers-string.obj
 0001:00003dab       _ecma_ref_ecma_string      004040ab f   ecma-helpers-string.obj
 0001:00003e06       _ecma_string_compare_to_property_name 00404106 f   ecma-helpers-string.obj
 0001:00003e71       _ecma_string_copy_to_cesu8_buffer 00404171 f   ecma-helpers-string.obj
 0001:00003fb4       _ecma_string_from_property_name 004042b4 f   ecma-helpers-string.obj
 0001:00004034       _ecma_string_get_array_index 00404334 f   ecma-helpers-string.obj
 0001:00004049       _ecma_string_get_char_at_pos 00404349 f   ecma-helpers-string.obj
 0001:00004158       _ecma_string_get_length    00404458 f   ecma-helpers-string.obj
 0001:00004235       _ecma_string_get_property_index 00404535 f   ecma-helpers-string.obj
 0001:0000426d       _ecma_string_get_property_name_hash 0040456d f   ecma-helpers-string.obj
 0001:000042a3       _ecma_string_get_size      004045a3 f   ecma-helpers-string.obj
 0001:0000430c       _ecma_string_hash          0040460c f   ecma-helpers-string.obj
 0001:00004318       _ecma_string_is_empty      00404618 f   ecma-helpers-string.obj
 0001:00004332       _ecma_string_is_length     00404632 f   ecma-helpers-string.obj
 0001:0000434f       _ecma_string_raw_chars     0040464f f   ecma-helpers-string.obj
 0001:00004474       _ecma_string_substr        00404774 f   ecma-helpers-string.obj
 0001:000046ac       _ecma_string_to_number     004049ac f   ecma-helpers-string.obj
 0001:00004798       _ecma_string_to_property_name 00404a98 f   ecma-helpers-string.obj
 0001:000047d8       _ecma_string_to_utf8_bytes 00404ad8 f   ecma-helpers-string.obj
 0001:0000480d       _ecma_string_trim          00404b0d f   ecma-helpers-string.obj
 0001:00004931       _ecma_are_values_integer_numbers 00404c31 f   ecma-helpers-value.obj
 0001:00004944       _ecma_check_value_type_is_spec_defined 00404c44 f   ecma-helpers-value.obj
 0001:00004999       _ecma_copy_value           00404c99 f   ecma-helpers-value.obj
 0001:000049fc       _ecma_copy_value_if_not_object 00404cfc f   ecma-helpers-value.obj
 0001:00004a2d       _ecma_fast_copy_value      00404d2d f   ecma-helpers-value.obj
 0001:00004a40       _ecma_fast_free_value      00404d40 f   ecma-helpers-value.obj
 0001:00004a51       _ecma_free_value           00404d51 f   ecma-helpers-value.obj
 0001:00004a8e       _ecma_free_value_if_not_object 00404d8e f   ecma-helpers-value.obj
 0001:00004aa3       _ecma_get_float_from_value 00404da3 f   ecma-helpers-value.obj
 0001:00004ad2       _ecma_get_integer_from_value 00404dd2 f   ecma-helpers-value.obj
 0001:00004afb       _ecma_get_number_from_value 00404dfb f   ecma-helpers-value.obj
 0001:00004b26       _ecma_get_object_from_value 00404e26 f   ecma-helpers-value.obj
 0001:00004b56       _ecma_get_string_from_value 00404e56 f   ecma-helpers-value.obj
 0001:00004b85       _ecma_get_value_from_error_value 00404e85 f   ecma-helpers-value.obj
 0001:00004bc8       _ecma_invert_boolean_value 00404ec8 f   ecma-helpers-value.obj
 0001:00004c11       _ecma_is_value_array_hole  00404f11 f   ecma-helpers-value.obj
 0001:00004c24       _ecma_is_value_boolean     00404f24 f   ecma-helpers-value.obj
 0001:00004c37       _ecma_is_value_direct      00404f37 f   ecma-helpers-value.obj
 0001:00004c46       _ecma_is_value_empty       00404f46 f   ecma-helpers-value.obj
 0001:00004c59       _ecma_is_value_false       00404f59 f   ecma-helpers-value.obj
 0001:00004c6c       _ecma_is_value_float_number 00404f6c f   ecma-helpers-value.obj
 0001:00004c7f       _ecma_is_value_found       00404f7f f   ecma-helpers-value.obj
 0001:00004c8d       _ecma_is_value_integer_number 00404f8d f   ecma-helpers-value.obj
 0001:00004c9c       _ecma_is_value_null        00404f9c f   ecma-helpers-value.obj
 0001:00004caf       _ecma_is_value_number      00404faf f   ecma-helpers-value.obj
 0001:00004cc8       _ecma_is_value_object      00404fc8 f   ecma-helpers-value.obj
 0001:00004cdb       _ecma_is_value_simple      00404fdb f   ecma-helpers-value.obj
 0001:00004cee       _ecma_is_value_string      00404fee f   ecma-helpers-value.obj
 0001:00004d01       _ecma_is_value_true        00405001 f   ecma-helpers-value.obj
 0001:00004d14       _ecma_is_value_undefined   00405014 f   ecma-helpers-value.obj
 0001:00004d27       _ecma_make_boolean_value   00405027 f   ecma-helpers-value.obj
 0001:00004d3d       _ecma_make_error_obj_value 0040503d f   ecma-helpers-value.obj
 0001:00004d52       _ecma_make_error_value     00405052 f   ecma-helpers-value.obj
 0001:00004d7b       _ecma_make_int32_value     0040507b f   ecma-helpers-value.obj
 0001:00004db0       _ecma_make_integer_value   004050b0 f   ecma-helpers-value.obj
 0001:00004de3       _ecma_make_nan_value       004050e3 f   ecma-helpers-value.obj
 0001:00004df5       _ecma_make_number_value    004050f5 f   ecma-helpers-value.obj
 0001:00004e5e       _ecma_make_object_value    0040515e f   ecma-helpers-value.obj
 0001:00004e8f       _ecma_make_simple_value    0040518f f   ecma-helpers-value.obj
 0001:00004e9d       _ecma_make_string_value    0040519d f   ecma-helpers-value.obj
 0001:00004ece       _ecma_make_uint32_value    004051ce f   ecma-helpers-value.obj
 0001:00004f2e       _ecma_update_float_number  0040522e f   ecma-helpers-value.obj
 0001:00005004       _ecma_value_assign_number  00405304 f   ecma-helpers-value.obj
 0001:0000508f       _ecma_value_assign_value   0040538f f   ecma-helpers-value.obj
 0001:000050e7       _ecma_append_to_values_collection 004053e7 f   ecma-helpers-values-collection.obj
 0001:000051c2       _ecma_collection_iterator_init 004054c2 f   ecma-helpers-values-collection.obj
 0001:000051ea       _ecma_collection_iterator_next 004054ea f   ecma-helpers-values-collection.obj
 0001:000052e2       _ecma_free_values_collection 004055e2 f   ecma-helpers-values-collection.obj
 0001:000053be       _ecma_new_strings_collection 004056be f   ecma-helpers-values-collection.obj
 0001:00005424       _ecma_new_values_collection 00405724 f   ecma-helpers-values-collection.obj
 0001:00005518       _ecma_remove_last_value_from_values_collection 00405818 f   ecma-helpers-values-collection.obj
 0001:000056bf       _ecma_bytecode_deref       004059bf f   ecma-helpers.obj
 0001:00005764       _ecma_bytecode_ref         00405a64 f   ecma-helpers.obj
 0001:00005787       _ecma_create_decl_lex_env  00405a87 f   ecma-helpers.obj
 0001:000057bc       _ecma_create_named_accessor_property 00405abc f   ecma-helpers.obj
 0001:00005885       _ecma_create_named_data_property 00405b85 f   ecma-helpers.obj
 0001:00005917       _ecma_create_object        00405c17 f   ecma-helpers.obj
 0001:00005960       _ecma_create_object_lex_env 00405c60 f   ecma-helpers.obj
 0001:00005b8a       _ecma_delete_array_properties 00405e8a f   ecma-helpers.obj
 0001:00005de5       _ecma_delete_property      004060e5 f   ecma-helpers.obj
 0001:00005f39       _ecma_find_internal_property 00406239 f   ecma-helpers.obj
 0001:00005fc0       _ecma_find_named_property  004062c0 f   ecma-helpers.obj
 0001:00006189       _ecma_free_property        00406489 f   ecma-helpers.obj
 0001:0000625f       _ecma_free_property_descriptor 0040655f f   ecma-helpers.obj
 0001:000062b6       _ecma_get_lex_env_binding_object 004065b6 f   ecma-helpers.obj
 0001:00006338       _ecma_get_lex_env_outer_reference 00406638 f   ecma-helpers.obj
 0001:00006395       _ecma_get_lex_env_provide_this 00406695 f   ecma-helpers.obj
 0001:0000641b       _ecma_get_lex_env_type     0040671b f   ecma-helpers.obj
 0001:0000646a       _ecma_get_named_accessor_property_getter 0040676a f   ecma-helpers.obj
 0001:00006485       _ecma_get_named_accessor_property_setter 00406785 f   ecma-helpers.obj
 0001:000064a1       _ecma_get_named_data_property 004067a1 f   ecma-helpers.obj
 0001:00006519       _ecma_get_object_extensible 00406819 f   ecma-helpers.obj
 0001:0000656b       _ecma_get_object_is_builtin 0040686b f   ecma-helpers.obj
 0001:000065bd       _ecma_get_object_prototype 004068bd f   ecma-helpers.obj
 0001:0000661a       _ecma_get_object_type      0040691a f   ecma-helpers.obj
 0001:00006669       _ecma_get_property_list    00406969 f   ecma-helpers.obj
 0001:000066d2       _ecma_is_lexical_environment 004069d2 f   ecma-helpers.obj
 0001:00006701       _ecma_is_property_configurable 00406a01 f   ecma-helpers.obj
 0001:0000673c       _ecma_is_property_enumerable 00406a3c f   ecma-helpers.obj
 0001:00006777       _ecma_is_property_lcached  00406a77 f   ecma-helpers.obj
 0001:000067b0       _ecma_is_property_writable 00406ab0 f   ecma-helpers.obj
 0001:000067e7       _ecma_make_empty_property_descriptor 00406ae7 f   ecma-helpers.obj
 0001:0000680f       _ecma_named_data_property_assign_value 00406b0f f   ecma-helpers.obj
 0001:0000682f       _ecma_set_named_accessor_property_getter 00406b2f f   ecma-helpers.obj
 0001:0000685d       _ecma_set_named_accessor_property_setter 00406b5d f   ecma-helpers.obj
 0001:0000688c       _ecma_set_object_extensible 00406b8c f   ecma-helpers.obj
 0001:000068e9       _ecma_set_object_is_builtin 00406be9 f   ecma-helpers.obj
 0001:00006951       _ecma_set_property_configurable_attr 00406c51 f   ecma-helpers.obj
 0001:00006992       _ecma_set_property_enumerable_attr 00406c92 f   ecma-helpers.obj
 0001:000069d3       _ecma_set_property_lcached 00406cd3 f   ecma-helpers.obj
 0001:00006a14       _ecma_set_property_writable_attr 00406d14 f   ecma-helpers.obj
 0001:00006a50       _ecma_finalize             00406d50 f   ecma-init-finalize.obj
 0001:00006a72       _ecma_init                 00406d72 f   ecma-init-finalize.obj
 0001:00006a96       _ecma_lcache_init          00406d96 f   ecma-lcache.obj
 0001:00006aab       _ecma_lcache_insert        00406dab f   ecma-lcache.obj
 0001:00006ba5       _ecma_lcache_invalidate    00406ea5 f   ecma-lcache.obj
 0001:00006d03       _ecma_lcache_lookup        00407003 f   ecma-lcache.obj
 0001:00006e06       _ecma_finalize_lit_storage 00407106 f   ecma-literal-storage.obj
 0001:00006e1f       _ecma_find_or_create_literal_number 0040711f f   ecma-literal-storage.obj
 0001:00006f81       _ecma_find_or_create_literal_string 00407281 f   ecma-literal-storage.obj
 0001:000070d7       _ecma_property_hashmap_create 004073d7 f   ecma-property-hashmap.obj
 0001:00007387       _ecma_property_hashmap_delete 00407687 f   ecma-property-hashmap.obj
 0001:000074f0       _ecma_property_hashmap_find 004077f0 f   ecma-property-hashmap.obj
 0001:000076e7       _ecma_property_hashmap_free 004079e7 f   ecma-property-hashmap.obj
 0001:0000773c       _ecma_property_hashmap_insert 00407a3c f   ecma-property-hashmap.obj
 0001:0000786f       _ecma_builtin_array_prototype_dispatch_routine 00407b6f f   ecma-builtin-array-prototype.obj
 0001:0000c711       _ecma_builtin_array_dispatch_call 0040ca11 f   ecma-builtin-array.obj
 0001:0000c73d       _ecma_builtin_array_dispatch_construct 0040ca3d f   ecma-builtin-array.obj
 0001:0000c775       _ecma_builtin_array_dispatch_routine 0040ca75 f   ecma-builtin-array.obj
 0001:0000c823       _ecma_builtin_arraybuffer_prototype_dispatch_routine 0040cb23 f   ecma-builtin-arraybuffer-prototype.obj
 0001:0000cada       _ecma_builtin_arraybuffer_dispatch_call 0040cdda f   ecma-builtin-arraybuffer.obj
 0001:0000cb0a       _ecma_builtin_arraybuffer_dispatch_construct 0040ce0a f   ecma-builtin-arraybuffer.obj
 0001:0000cb36       _ecma_builtin_arraybuffer_dispatch_routine 0040ce36 f   ecma-builtin-arraybuffer.obj
 0001:0000cb6d       _ecma_builtin_boolean_prototype_dispatch_routine 0040ce6d f   ecma-builtin-boolean-prototype.obj
 0001:0000cca5       _ecma_builtin_boolean_dispatch_call 0040cfa5 f   ecma-builtin-boolean.obj
 0001:0000ccf1       _ecma_builtin_boolean_dispatch_construct 0040cff1 f   ecma-builtin-boolean.obj
 0001:0000cd32       _ecma_builtin_boolean_dispatch_routine 0040d032 f   ecma-builtin-boolean.obj
 0001:0000ce8d       _ecma_builtin_date_prototype_dispatch_routine 0040d18d f   ecma-builtin-date-prototype.obj
 0001:0000d64f       _ecma_builtin_date_dispatch_call 0040d94f f   ecma-builtin-date.obj
 0001:0000d6c2       _ecma_builtin_date_dispatch_construct 0040d9c2 f   ecma-builtin-date.obj
 0001:0000d925       _ecma_builtin_date_dispatch_routine 0040dc25 f   ecma-builtin-date.obj
 0001:0000e256       _ecma_builtin_error_prototype_dispatch_routine 0040e556 f   ecma-builtin-error-prototype.obj
 0001:0000e591       _ecma_builtin_error_dispatch_call 0040e891 f   ecma-builtin-error.obj
 0001:0000e5a6       _ecma_builtin_error_dispatch_construct 0040e8a6 f   ecma-builtin-error.obj
 0001:0000e5af       _ecma_builtin_error_dispatch_routine 0040e8af f   ecma-builtin-error.obj
 0001:0000e5c4       _ecma_builtin_eval_error_prototype_dispatch_routine 0040e8c4 f   ecma-builtin-evalerror-prototype.obj
 0001:0000e5d9       _ecma_builtin_eval_error_dispatch_call 0040e8d9 f   ecma-builtin-evalerror.obj
 0001:0000e5ee       _ecma_builtin_eval_error_dispatch_construct 0040e8ee f   ecma-builtin-evalerror.obj
 0001:0000e5f7       _ecma_builtin_eval_error_dispatch_routine 0040e8f7 f   ecma-builtin-evalerror.obj
 0001:0000e60c       _ecma_builtin_function_prototype_dispatch_call 0040e90c f   ecma-builtin-function-prototype.obj
 0001:0000e63f       _ecma_builtin_function_prototype_dispatch_construct 0040e93f f   ecma-builtin-function-prototype.obj
 0001:0000e672       _ecma_builtin_function_prototype_dispatch_routine 0040e972 f   ecma-builtin-function-prototype.obj
 0001:0000ecd4       _ecma_builtin_function_dispatch_call 0040efd4 f   ecma-builtin-function.obj
 0001:0000ed00       _ecma_builtin_function_dispatch_construct 0040f000 f   ecma-builtin-function.obj
 0001:0000ed90       _ecma_builtin_function_dispatch_routine 0040f090 f   ecma-builtin-function.obj
 0001:0000f00d       _ecma_builtin_global_dispatch_routine 0040f30d f   ecma-builtin-global.obj
 0001:000108d1       _ecma_date_date_from_time  00410bd1 f   ecma-builtin-helpers-date.obj
 0001:00010a35       _ecma_date_day             00410d35 f   ecma-builtin-helpers-date.obj
 0001:00010a62       _ecma_date_day_from_year   00410d62 f   ecma-builtin-helpers-date.obj
 0001:00010ae5       _ecma_date_day_within_year 00410de5 f   ecma-builtin-helpers-date.obj
 0001:00010b29       _ecma_date_daylight_saving_ta 00410e29 f   ecma-builtin-helpers-date.obj
 0001:00010b6f       _ecma_date_days_in_year    00410e6f f   ecma-builtin-helpers-date.obj
 0001:00010c24       _ecma_date_hour_from_time  00410f24 f   ecma-builtin-helpers-date.obj
 0001:00010c7b       _ecma_date_in_leap_year    00410f7b f   ecma-builtin-helpers-date.obj
 0001:00010cb0       _ecma_date_local_time      00410fb0 f   ecma-builtin-helpers-date.obj
 0001:00010cea       _ecma_date_local_tza       00410fea f   ecma-builtin-helpers-date.obj
 0001:00010d18       _ecma_date_make_date       00411018 f   ecma-builtin-helpers-date.obj
 0001:00010d7b       _ecma_date_make_day        0041107b f   ecma-builtin-helpers-date.obj
 0001:00010f28       _ecma_date_make_time       00411228 f   ecma-builtin-helpers-date.obj
 0001:00011043       _ecma_date_min_from_time   00411343 f   ecma-builtin-helpers-date.obj
 0001:0001109a       _ecma_date_month_from_time 0041139a f   ecma-builtin-helpers-date.obj
 0001:00011264       _ecma_date_ms_from_time    00411564 f   ecma-builtin-helpers-date.obj
 0001:000112ad       _ecma_date_sec_from_time   004115ad f   ecma-builtin-helpers-date.obj
 0001:00011304       _ecma_date_time_clip       00411604 f   ecma-builtin-helpers-date.obj
 0001:00011360       _ecma_date_time_from_year  00411660 f   ecma-builtin-helpers-date.obj
 0001:0001138d       _ecma_date_time_within_day 0041168d f   ecma-builtin-helpers-date.obj
 0001:000113c5       _ecma_date_timezone_offset 004116c5 f   ecma-builtin-helpers-date.obj
 0001:000113fb       _ecma_date_utc             004116fb f   ecma-builtin-helpers-date.obj
 0001:00011511       _ecma_date_value_to_date_string 00411811 f   ecma-builtin-helpers-date.obj
 0001:00011607       _ecma_date_value_to_iso_string 00411907 f   ecma-builtin-helpers-date.obj
 0001:0001179e       _ecma_date_value_to_string 00411a9e f   ecma-builtin-helpers-date.obj
 0001:0001198c       _ecma_date_value_to_time_string 00411c8c f   ecma-builtin-helpers-date.obj
 0001:00011aa2       _ecma_date_value_to_utc_string 00411da2 f   ecma-builtin-helpers-date.obj
 0001:00011bf3       _ecma_date_week_day        00411ef3 f   ecma-builtin-helpers-date.obj
 0001:00011c4a       _ecma_date_year_from_time  00411f4a f   ecma-builtin-helpers-date.obj
 0001:00011cfd       _ecma_builtin_helper_error_dispatch_call 00411ffd f   ecma-builtin-helpers-error.obj
 0001:00011dab       _ecma_builtin_helper_json_create_formatted_json 004120ab f   ecma-builtin-helpers-json.obj
 0001:00011e7d       _ecma_builtin_helper_json_create_hex_digit_ecma_string 0041217d f   ecma-builtin-helpers-json.obj
 0001:00011f2f       _ecma_builtin_helper_json_create_non_formatted_json 0041222f f   ecma-builtin-helpers-json.obj
 0001:00011f7f       _ecma_builtin_helper_json_create_separated_properties 0041227f f   ecma-builtin-helpers-json.obj
 0001:00012013       _ecma_has_object_value_in_collection 00412313 f   ecma-builtin-helpers-json.obj
 0001:00012089       _ecma_has_string_value_in_collection 00412389 f   ecma-builtin-helpers-json.obj
 0001:00012108       _ecma_builtin_helper_array_concat_value 00412408 f   ecma-builtin-helpers.obj
 0001:00012390       _ecma_builtin_helper_array_index_normalize 00412690 f   ecma-builtin-helpers.obj
 0001:00012477       _ecma_builtin_helper_def_prop 00412777 f   ecma-builtin-helpers.obj
 0001:000124e7       _ecma_builtin_helper_get_to_locale_string_at_index 004127e7 f   ecma-builtin-helpers.obj
 0001:0001268b       _ecma_builtin_helper_object_get_properties 0041298b f   ecma-builtin-helpers.obj
 0001:00012784       _ecma_builtin_helper_object_to_string 00412a84 f   ecma-builtin-helpers.obj
 0001:000128a4       _ecma_builtin_helper_string_find_index 00412ba4 f   ecma-builtin-helpers.obj
 0001:00012abf       _ecma_builtin_helper_string_index_normalize 00412dbf f   ecma-builtin-helpers.obj
 0001:00012b23       _ecma_builtin_helper_string_prototype_object_index_of 00412e23 f   ecma-builtin-helpers.obj
 0001:000130e9       _ecma_builtin_json_dispatch_routine 004133e9 f   ecma-builtin-json.obj
 0001:00014bb4       _ecma_builtin_math_dispatch_routine 00414eb4 f   ecma-builtin-math.obj
 0001:0001508b       _ecma_builtin_number_prototype_dispatch_routine 0041538b f   ecma-builtin-number-prototype.obj
 0001:0001634c       _ecma_builtin_number_dispatch_call 0041664c f   ecma-builtin-number.obj
 0001:00016396       _ecma_builtin_number_dispatch_construct 00416696 f   ecma-builtin-number.obj
 0001:000163d7       _ecma_builtin_number_dispatch_routine 004166d7 f   ecma-builtin-number.obj
 0001:000163ec       _ecma_builtin_object_prototype_dispatch_routine 004166ec f   ecma-builtin-object-prototype.obj
 0001:000167c1       _ecma_builtin_object_dispatch_call 00416ac1 f   ecma-builtin-object.obj
 0001:00016825       _ecma_builtin_object_dispatch_construct 00416b25 f   ecma-builtin-object.obj
 0001:00016863       _ecma_builtin_object_dispatch_routine 00416b63 f   ecma-builtin-object.obj
 0001:00017541       _ecma_builtin_range_error_prototype_dispatch_routine 00417841 f   ecma-builtin-rangeerror-prototype.obj
 0001:00017556       _ecma_builtin_range_error_dispatch_call 00417856 f   ecma-builtin-rangeerror.obj
 0001:0001756b       _ecma_builtin_range_error_dispatch_construct 0041786b f   ecma-builtin-rangeerror.obj
 0001:00017574       _ecma_builtin_range_error_dispatch_routine 00417874 f   ecma-builtin-rangeerror.obj
 0001:00017589       _ecma_builtin_reference_error_prototype_dispatch_routine 00417889 f   ecma-builtin-referenceerror-prototype.obj
 0001:0001759e       _ecma_builtin_reference_error_dispatch_call 0041789e f   ecma-builtin-referenceerror.obj
 0001:000175b3       _ecma_builtin_reference_error_dispatch_construct 004178b3 f   ecma-builtin-referenceerror.obj
 0001:000175bc       _ecma_builtin_reference_error_dispatch_routine 004178bc f   ecma-builtin-referenceerror.obj
 0001:000179f4       _ecma_builtin_regexp_prototype_dispatch_routine 00417cf4 f   ecma-builtin-regexp-prototype.obj
 0001:00017ea3       _ecma_builtin_regexp_dispatch_call 004181a3 f   ecma-builtin-regexp.obj
 0001:00017eac       _ecma_builtin_regexp_dispatch_construct 004181ac f   ecma-builtin-regexp.obj
 0001:00018047       _ecma_builtin_regexp_dispatch_routine 00418347 f   ecma-builtin-regexp.obj
 0001:000182df       _ecma_builtin_string_prototype_dispatch_routine 004185df f   ecma-builtin-string-prototype.obj
 0001:0001b5e6       _ecma_builtin_string_dispatch_call 0041b8e6 f   ecma-builtin-string.obj
 0001:0001b637       _ecma_builtin_string_dispatch_construct 0041b937 f   ecma-builtin-string.obj
 0001:0001b666       _ecma_builtin_string_dispatch_routine 0041b966 f   ecma-builtin-string.obj
 0001:0001b892       _ecma_builtin_syntax_error_prototype_dispatch_routine 0041bb92 f   ecma-builtin-syntaxerror-prototype.obj
 0001:0001b8a7       _ecma_builtin_syntax_error_dispatch_call 0041bba7 f   ecma-builtin-syntaxerror.obj
 0001:0001b8bc       _ecma_builtin_syntax_error_dispatch_construct 0041bbbc f   ecma-builtin-syntaxerror.obj
 0001:0001b8c5       _ecma_builtin_syntax_error_dispatch_routine 0041bbc5 f   ecma-builtin-syntaxerror.obj
 0001:0001b8da       _ecma_builtin_type_error_thrower_dispatch_call 0041bbda f   ecma-builtin-type-error-thrower.obj
 0001:0001b90a       _ecma_builtin_type_error_thrower_dispatch_construct 0041bc0a f   ecma-builtin-type-error-thrower.obj
 0001:0001b93a       _ecma_builtin_type_error_thrower_dispatch_routine 0041bc3a f   ecma-builtin-type-error-thrower.obj
 0001:0001b94f       _ecma_builtin_type_error_prototype_dispatch_routine 0041bc4f f   ecma-builtin-typeerror-prototype.obj
 0001:0001b964       _ecma_builtin_type_error_dispatch_call 0041bc64 f   ecma-builtin-typeerror.obj
 0001:0001b979       _ecma_builtin_type_error_dispatch_construct 0041bc79 f   ecma-builtin-typeerror.obj
 0001:0001b982       _ecma_builtin_type_error_dispatch_routine 0041bc82 f   ecma-builtin-typeerror.obj
 0001:0001b997       _ecma_builtin_uri_error_prototype_dispatch_routine 0041bc97 f   ecma-builtin-urierror-prototype.obj
 0001:0001b9ac       _ecma_builtin_uri_error_dispatch_call 0041bcac f   ecma-builtin-urierror.obj
 0001:0001b9c1       _ecma_builtin_uri_error_dispatch_construct 0041bcc1 f   ecma-builtin-urierror.obj
 0001:0001b9ca       _ecma_builtin_uri_error_dispatch_routine 0041bcca f   ecma-builtin-urierror.obj
 0001:0001b9df       _ecma_builtin_dispatch_call 0041bcdf f   ecma-builtins.obj
 0001:0001bc40       _ecma_builtin_dispatch_construct 0041bf40 f   ecma-builtins.obj
 0001:0001c241       _ecma_builtin_function_is_routine 0041c541 f   ecma-builtins.obj
 0001:0001c29a       _ecma_builtin_get          0041c59a f   ecma-builtins.obj
 0001:0001c501       _ecma_builtin_is           0041c801 f   ecma-builtins.obj
 0001:0001c55e       _ecma_builtin_list_lazy_property_names 0041c85e f   ecma-builtins.obj
 0001:0001c79e       _ecma_builtin_try_to_instantiate_property 0041ca9e f   ecma-builtins.obj
 0001:0001cab3       _ecma_finalize_builtins    0041cdb3 f   ecma-builtins.obj
 0001:0001d836       _ecma_op_array_list_lazy_property_names 0041db36 f   ecma-array-object.obj
 0001:0001d893       _ecma_op_array_object_define_own_property 0041db93 f   ecma-array-object.obj
 0001:0001da28       _ecma_op_array_object_set_length 0041dd28 f   ecma-array-object.obj
 0001:0001dba2       _ecma_op_create_array_object 0041dea2 f   ecma-array-object.obj
 0001:0001dcb1       _ecma_arraybuffer_get_buffer 0041dfb1 f   ecma-arraybuffer-object.obj
 0001:0001dce6       _ecma_arraybuffer_get_length 0041dfe6 f   ecma-arraybuffer-object.obj
 0001:0001dd1b       _ecma_arraybuffer_new_object 0041e01b f   ecma-arraybuffer-object.obj
 0001:0001dd57       _ecma_op_create_arraybuffer_object 0041e057 f   ecma-arraybuffer-object.obj
 0001:0001de9f       _ecma_op_create_boolean_object 0041e19f f   ecma-boolean-object.obj
 0001:0001dee8       _ecma_op_abstract_equality_compare 0041e1e8 f   ecma-comparison.obj
 0001:0001e136       _ecma_op_abstract_relational_compare 0041e436 f   ecma-comparison.obj
 0001:0001e5a6       _ecma_op_strict_equality_compare 0041e8a6 f   ecma-comparison.obj
 0001:0001e814       _ecma_op_check_object_coercible 0041eb14 f   ecma-conversion.obj
 0001:0001e84c       _ecma_op_from_property_descriptor 0041eb4c f   ecma-conversion.obj
 0001:0001eab7       _ecma_op_same_value        0041edb7 f   ecma-conversion.obj
 0001:0001ecbf       _ecma_op_to_boolean        0041efbf f   ecma-conversion.obj
 0001:0001edc3       _ecma_op_to_number         0041f0c3 f   ecma-conversion.obj
 0001:0001eee2       _ecma_op_to_object         0041f1e2 f   ecma-conversion.obj
 0001:0001ef86       _ecma_op_to_primitive      0041f286 f   ecma-conversion.obj
 0001:0001efbd       _ecma_op_to_property_descriptor 0041f2bd f   ecma-conversion.obj
 0001:0001f472       _ecma_op_to_string         0041f772 f   ecma-conversion.obj
 0001:0001f5be       _ecma_op_eval              0041f8be f   ecma-eval.obj
 0001:0001f663       _ecma_op_eval_chars_buffer 0041f963 f   ecma-eval.obj
 0001:0001f6bf       _ecma_new_standard_error   0041f9bf f   ecma-exceptions.obj
 0001:0001f726       _ecma_new_standard_error_with_message 0041fa26 f   ecma-exceptions.obj
 0001:0001f76e       _ecma_raise_common_error   0041fa6e f   ecma-exceptions.obj
 0001:0001f77f       _ecma_raise_range_error    0041fa7f f   ecma-exceptions.obj
 0001:0001f790       _ecma_raise_reference_error 0041fa90 f   ecma-exceptions.obj
 0001:0001f7a1       _ecma_raise_standard_error 0041faa1 f   ecma-exceptions.obj
 0001:0001f7e8       _ecma_raise_syntax_error   0041fae8 f   ecma-exceptions.obj
 0001:0001f7f9       _ecma_raise_type_error     0041faf9 f   ecma-exceptions.obj
 0001:0001f80a       _ecma_raise_uri_error      0041fb0a f   ecma-exceptions.obj
 0001:0001f81b       _ecma_is_constructor       0041fb1b f   ecma-function-object.obj
 0001:0001f8b4       _ecma_op_create_function_object 0041fbb4 f   ecma-function-object.obj
 0001:0001f987       _ecma_op_function_call     0041fc87 f   ecma-function-object.obj
 0001:0001fc61       _ecma_op_function_construct 0041ff61 f   ecma-function-object.obj
 0001:0001ffaf       _ecma_op_function_has_instance 004202af f   ecma-function-object.obj
 0001:00020144       _ecma_op_function_list_lazy_property_names 00420444 f   ecma-function-object.obj
 0001:0002019e       _ecma_op_function_try_lazy_instantiate_property 0042049e f   ecma-function-object.obj
 0001:00020270       _ecma_op_is_callable       00420570 f   ecma-function-object.obj
 0001:000202f5       _ecma_op_get_value_lex_env_base 004205f5 f   ecma-get-put-value.obj
 0001:00020332       _ecma_op_get_value_object_base 00420632 f   ecma-get-put-value.obj
 0001:00020485       _ecma_op_put_value_lex_env_base 00420785 f   ecma-get-put-value.obj
 0001:00020525       _ecma_finalize_global_lex_env 00420825 f   ecma-lex-env.obj
 0001:00020539       _ecma_get_global_environment 00420839 f   ecma-lex-env.obj
 0001:0002053f       _ecma_init_global_lex_env  0042083f f   ecma-lex-env.obj
 0001:00020563       _ecma_op_create_immutable_binding 00420863 f   ecma-lex-env.obj
 0001:000205d4       _ecma_op_create_mutable_binding 004208d4 f   ecma-lex-env.obj
 0001:000206d6       _ecma_op_delete_binding    004209d6 f   ecma-lex-env.obj
 0001:000207dc       _ecma_op_get_binding_value 00420adc f   ecma-lex-env.obj
 0001:000208bd       _ecma_op_has_binding       00420bbd f   ecma-lex-env.obj
 0001:00020949       _ecma_op_implicit_this_value 00420c49 f   ecma-lex-env.obj
 0001:000209e2       _ecma_op_set_mutable_binding 00420ce2 f   ecma-lex-env.obj
 0001:00020b22       _ecma_op_number_remainder  00420e22 f   ecma-number-arithmetic.obj
 0001:00020bd3       _ecma_op_create_number_object 00420ed3 f   ecma-number-object.obj
 0001:00020c1c       _ecma_op_arguments_object_define_own_property 00420f1c f   ecma-objects-arguments.obj
 0001:00020cd3       _ecma_op_arguments_object_delete 00420fd3 f   ecma-objects-arguments.obj
 0001:00020d67       _ecma_op_create_arguments_object 00421067 f   ecma-objects-arguments.obj
 0001:00021023       _ecma_op_create_object_object_arg 00421323 f   ecma-objects-general.obj
 0001:000210a1       _ecma_op_create_object_object_noarg 004213a1 f   ecma-objects-general.obj
 0001:000210c2       _ecma_op_create_object_object_noarg_and_set_prototype 004213c2 f   ecma-objects-general.obj
 0001:000210d6       _ecma_op_general_object_default_value 004213d6 f   ecma-objects-general.obj
 0001:00021208       _ecma_op_general_object_define_own_property 00421508 f   ecma-objects-general.obj
 0001:000216e5       _ecma_op_general_object_delete 004219e5 f   ecma-objects-general.obj
 0001:0002178b       _ecma_reject               00421a8b f   ecma-objects-general.obj
 0001:000217a7       _ecma_object_class_is      00421aa7 f   ecma-objects.obj
 0001:000217c8       _ecma_object_get_class_name 00421ac8 f   ecma-objects.obj
 0001:000218a6       _ecma_op_object_default_value 00421ba6 f   ecma-objects.obj
 0001:0002194d       _ecma_op_object_define_own_property 00421c4d f   ecma-objects.obj
 0001:00021a02       _ecma_op_object_delete     00421d02 f   ecma-objects.obj
 0001:00021a98       _ecma_op_object_find       00421d98 f   ecma-objects.obj
 0001:00021af0       _ecma_op_object_find_own   00421df0 f   ecma-objects.obj
 0001:00021d1b       _ecma_op_object_get        0042201b f   ecma-objects.obj
 0001:00021d73       _ecma_op_object_get_own_data_prop 00422073 f   ecma-objects.obj
 0001:00021dd4       _ecma_op_object_get_own_property 004220d4 f   ecma-objects.obj
 0001:0002202c       _ecma_op_object_get_own_property_descriptor 0042232c f   ecma-objects.obj
 0001:0002213d       _ecma_op_object_get_property 0042243d f   ecma-objects.obj
 0001:00022176       _ecma_op_object_get_property_names 00422476 f   ecma-objects.obj
 0001:00022995       _ecma_op_object_has_instance 00422c95 f   ecma-objects.obj
 0001:00022a16       _ecma_op_object_has_own_property 00422d16 f   ecma-objects.obj
 0001:00022a36       _ecma_op_object_has_property 00422d36 f   ecma-objects.obj
 0001:00022a56       _ecma_op_object_is_prototype_of 00422d56 f   ecma-objects.obj
 0001:00022a77       _ecma_op_object_put        00422d77 f   ecma-objects.obj
 0001:00022db1       _ecma_op_resolve_reference_base 004230b1 f   ecma-reference.obj
 0001:00022df6       _ecma_op_resolve_reference_value 004230f6 f   ecma-reference.obj
 0001:00022f22       _ecma_op_create_regexp_object 00423222 f   ecma-regexp-object.obj
 0001:00023055       _ecma_op_create_regexp_object_from_bytecode 00423355 f   ecma-regexp-object.obj
 0001:000230cf       _ecma_regexp_exec_helper   004233cf f   ecma-regexp-object.obj
 0001:000236eb       _re_canonicalize           004239eb f   ecma-regexp-object.obj
 0001:0002373f       _re_initialize_props       00423a3f f   ecma-regexp-object.obj
 0001:000245fa       _re_parse_regexp_flags     004248fa f   ecma-regexp-object.obj
 0001:00024787       _re_set_result_array_properties 00424a87 f   ecma-regexp-object.obj
 0001:0002482a       _ecma_op_create_string_object 00424b2a f   ecma-string-object.obj
 0001:000248cc       _ecma_op_string_list_lazy_property_names 00424bcc f   ecma-string-object.obj
 0001:00024993       __hx_jerry_entry           00424c93 f   entry.obj
 0001:00024c3e       _jerry_port_console        00424f3e f   hellox-port.obj
 0001:00024c6d       _jerry_port_fatal          00424f6d f   hellox-port.obj
 0001:00024c89       _jerry_port_get_current_time 00424f89 f   hellox-port.obj
 0001:00024cc4       _jerry_port_get_time_zone  00424fc4 f   hellox-port.obj
 0001:00024cd9       _jerry_port_log            00424fd9 f   hellox-port.obj
 0001:00024d10       _acos                      00425010 f   acos.obj
 0001:00024f0e       _asin                      0042520e f   asin.obj
 0001:000250dc       _atan                      004253dc f   atan.obj
 0001:0002524e       _atan2                     0042554e f   atan2.obj
 0001:000253fd       _ceil                      004256fd f   ceil.obj
 0001:000254f7       _copysign                  004257f7 f   copysign.obj
 0001:00025510       _exp                       00425810 f   exp.obj
 0001:000256ac       _fabs                      004259ac f   fabs.obj
 0001:000256bb       _ChangeLine                004259bb f   kapi.obj
 0001:000256c4       _GetCursorPos              004259c4 f   kapi.obj
 0001:000256dd       _GetMessage                004259dd f   kapi.obj
 0001:000256f0       _GetSystemTime             004259f0 f   kapi.obj
 0001:00025703       _GotoHome                  00425a03 f   kapi.obj
 0001:0002570c       _GotoPrev                  00425a0c f   kapi.obj
 0001:00025715       _KMemAlloc                 00425a15 f   kapi.obj
 0001:0002572e       _KMemFree                  00425a2e f   kapi.obj
 0001:0002574d       _PrintChar                 00425a4d f   kapi.obj
 0001:00025769       _SetCursorPos              00425a69 f   kapi.obj
 0001:00025786       _TerminateKernelThread     00425a86 f   kapi.obj
 0001:0002579f       ___BUG                     00425a9f f   kapi.obj
 0001:000257b7       _log                       00425ab7 f   log.obj
 0001:000257ba       _floor                     00425aba f   math.obj
 0001:000258bb       _fmod                      00425bbb f   math.obj
 0001:00025b61       _memcmp                    00425e61 f   memory.obj
 0001:00025b8e       _memcpy                    00425e8e f   memory.obj
 0001:00025bb1       _memmove                   00425eb1 f   memory.obj
 0001:00025c05       _memset                    00425f05 f   memory.obj
 0001:00025c33       _nextafter                 00425f33 f   nextafter.obj
 0001:00025d22       _pow                       00426022 f   pow.obj
 0001:00026374       _rand                      00426674 f   rand.obj
 0001:000263a4       _scalbn                    004266a4 f   scalbn.obj
 0001:00026488       _exit                      00426788 f   sched.obj
 0001:00026499       ___longjmp                 00426799 f   setjmp.obj
 0001:000264b6       ___setjmp                  004267b6 f   setjmp.obj
 0001:000264d1       _sqrt                      004267d1 f   sqrt.obj
 0001:00026675       __hx_printf                00426975 f   stdio.obj
 0001:00026725       __hx_vsprintf              00426a25 f   stdio.obj
 0001:00026da1       _strlen                    004270a1 f   string.obj
 0001:00026db6       _strncmp                   004270b6 f   string.obj
 0001:00026e2c       __hx_free                  0042712c f   sysmem.obj
 0001:00026e6a       __hx_malloc                0042716a f   sysmem.obj
 0001:00026e8b       __gmtotime_t               0042718b f   time.obj
 0001:00026eff       __time                     004271ff f   time.obj
 0001:00026f45       _gettimeofday              00427245 f   time.obj
 0001:00027a4e       _cos                       00427d4e f   trig.obj
 0001:00027b0a       _sin                       00427e0a f   trig.obj
 0001:00027bc8       _tan                       00427ec8 f   trig.obj
 0001:00027c4e       _jerry_cleanup             00427f4e f   jerry.obj
 0001:00027c65       _jerry_dispatch_external_function 00427f65 f   jerry.obj
 0001:00027c88       _jerry_dispatch_object_free_callback 00427f88 f   jerry.obj
 0001:00027ca2       _jerry_eval                00427fa2 f   jerry.obj
 0001:00027cbf       _jerry_get_boolean_value   00427fbf f   jerry.obj
 0001:00027ce1       _jerry_get_string_size     00427fe1 f   jerry.obj
 0001:00027d0a       _jerry_init                0042800a f   jerry.obj
 0001:00027d60       _jerry_release_value       00428060 f   jerry.obj
 0001:00027d6e       _jerry_string_to_char_buffer 0042806e f   jerry.obj
 0001:00027db7       _jerry_value_has_error_flag 004280b7 f   jerry.obj
 0001:00027dca       _jerry_value_is_boolean    004280ca f   jerry.obj
 0001:00027dd8       _jerry_value_is_null       004280d8 f   jerry.obj
 0001:00027de6       _jerry_value_is_number     004280e6 f   jerry.obj
 0001:00027df4       _jerry_value_is_object     004280f4 f   jerry.obj
 0001:00027e02       _jerry_value_is_string     00428102 f   jerry.obj
 0001:00027e10       _jerry_value_is_undefined  00428110 f   jerry.obj
 0001:00027e1e       _jmem_compress_pointer     0042811e f   jmem-allocator.obj
 0001:00027eb7       _jmem_decompress_pointer   004281b7 f   jmem-allocator.obj
 0001:00027f1d       _jmem_finalize             0042821d f   jmem-allocator.obj
 0001:00027f27       _jmem_init                 00428227 f   jmem-allocator.obj
 0001:00027f2c       _jmem_register_free_unused_memory_callback 0042822c f   jmem-allocator.obj
 0001:00027f5c       _jmem_run_free_unused_memory_callbacks 0042825c f   jmem-allocator.obj
 0001:00027f74       _jmem_unregister_free_unused_memory_callback 00428274 f   jmem-allocator.obj
 0001:00027fa4       _jmem_heap_alloc_block     004282a4 f   jmem-heap.obj
 0001:0002814b       _jmem_heap_alloc_block_null_on_error 0042844b f   jmem-heap.obj
 0001:0002815c       _jmem_heap_finalize        0042845c f   jmem-heap.obj
 0001:00028180       _jmem_heap_free_block      00428480 f   jmem-heap.obj
 0001:0002833d       _jmem_heap_init            0042863d f   jmem-heap.obj
 0001:00028392       _jmem_is_heap_pointer      00428692 f   jmem-heap.obj
 0001:000283b0       _jmem_pools_alloc          004286b0 f   jmem-poolman.obj
 0001:000283eb       _jmem_pools_collect_empty  004286eb f   jmem-poolman.obj
 0001:00028410       _jmem_pools_finalize       00428710 f   jmem-poolman.obj
 0001:00028436       _jmem_pools_free           00428736 f   jmem-poolman.obj
 0001:00028483       _jerry_assert_fail         00428783 f   jrt-fatals.obj
 0001:000284a9       _jerry_fatal               004287a9 f   jrt-fatals.obj
 0001:000284e4       _jerry_unreachable         004287e4 f   jrt-fatals.obj
 0001:00028507       _lit_char_get_utf8_length  00428807 f   lit-char-helpers.obj
 0001:0002854d       _lit_char_hex_to_int       0042884d f   lit-char-helpers.obj
 0001:000285a1       _lit_char_is_decimal_digit 004288a1 f   lit-char-helpers.obj
 0001:000285b6       _lit_char_is_hex_digit     004288b6 f   lit-char-helpers.obj
 0001:000285e0       _lit_char_is_identifier_part 004288e0 f   lit-char-helpers.obj
 0001:0002860b       _lit_char_is_identifier_part_character 0042890b f   lit-char-helpers.obj
 0001:00028683       _lit_char_is_identifier_start 00428983 f   lit-char-helpers.obj
 0001:000286ae       _lit_char_is_identifier_start_character 004289ae f   lit-char-helpers.obj
 0001:000286e9       _lit_char_is_line_terminator 004289e9 f   lit-char-helpers.obj
 0001:00028715       _lit_char_is_octal_digit   00428a15 f   lit-char-helpers.obj
 0001:00028768       _lit_char_is_white_space   00428a68 f   lit-char-helpers.obj
 0001:000287cf       _lit_char_is_word_char     00428acf f   lit-char-helpers.obj
 0001:00028809       _lit_char_to_lower_case    00428b09 f   lit-char-helpers.obj
 0001:00028846       _lit_char_to_upper_case    00428b46 f   lit-char-helpers.obj
 0001:00028883       _lit_char_to_utf8_bytes    00428b83 f   lit-char-helpers.obj
 0001:00028908       _lit_read_code_unit_from_hex 00428c08 f   lit-char-helpers.obj
 0001:00028a48       _lit_copy_magic_string_to_buffer 00428d48 f   lit-magic-strings.obj
 0001:00028a9f       _lit_get_magic_string_ex_count 00428d9f f   lit-magic-strings.obj
 0001:00028aa5       _lit_get_magic_string_ex_size 00428da5 f   lit-magic-strings.obj
 0001:00028ab5       _lit_get_magic_string_ex_utf8 00428db5 f   lit-magic-strings.obj
 0001:00028ae3       _lit_get_magic_string_size 00428de3 f   lit-magic-strings.obj
 0001:00028b10       _lit_get_magic_string_size_block_start 00428e10 f   lit-magic-strings.obj
 0001:00028b3b       _lit_get_magic_string_utf8 00428e3b f   lit-magic-strings.obj
 0001:00028b68       _lit_is_ex_utf8_string_magic 00428e68 f   lit-magic-strings.obj
 0001:00028bb3       _lit_is_ex_utf8_string_pair_magic 00428eb3 f   lit-magic-strings.obj
 0001:00028c22       _lit_is_utf8_string_magic  00428f22 f   lit-magic-strings.obj
 0001:00028c8c       _lit_is_utf8_string_pair_magic 00428f8c f   lit-magic-strings.obj
 0001:00028d66       _lit_code_point_to_cesu8   00429066 f   lit-strings.obj
 0001:00028dba       _lit_code_point_to_utf8    004290ba f   lit-strings.obj
 0001:00028eca       _lit_code_unit_to_utf8     004291ca f   lit-strings.obj
 0001:00028f68       _lit_compare_utf8_strings_relational 00429268 f   lit-strings.obj
 0001:00028fcb       _lit_convert_surrogate_pair_to_code_point 004292cb f   lit-strings.obj
 0001:0002903f       _lit_get_unicode_char_size_by_utf8_first_byte 0042933f f   lit-strings.obj
 0001:00029081       _lit_is_cesu8_string_valid 00429381 f   lit-strings.obj
 0001:0002912b       _lit_is_code_point_utf16_high_surrogate 0042942b f   lit-strings.obj
 0001:00029142       _lit_is_code_point_utf16_low_surrogate 00429442 f   lit-strings.obj
 0001:00029159       _lit_is_utf8_string_valid  00429459 f   lit-strings.obj
 0001:00029254       _lit_read_code_point_from_utf8 00429554 f   lit-strings.obj
 0001:00029327       _lit_read_code_unit_from_utf8 00429627 f   lit-strings.obj
 0001:000293df       _lit_read_prev_code_unit_from_utf8 004296df f   lit-strings.obj
 0001:00029412       _lit_utf8_decr             00429712 f   lit-strings.obj
 0001:00029445       _lit_utf8_incr             00429745 f   lit-strings.obj
 0001:0002947b       _lit_utf8_peek_next        0042977b f   lit-strings.obj
 0001:000294b5       _lit_utf8_peek_prev        004297b5 f   lit-strings.obj
 0001:000294ef       _lit_utf8_read_next        004297ef f   lit-strings.obj
 0001:0002952b       _lit_utf8_read_prev        0042982b f   lit-strings.obj
 0001:0002956c       _lit_utf8_string_calc_hash 0042986c f   lit-strings.obj
 0001:000295aa       _lit_utf8_string_code_unit_at 004298aa f   lit-strings.obj
 0001:000295f7       _lit_utf8_string_hash_combine 004298f7 f   lit-strings.obj
 0001:00029648       _lit_utf8_string_length    00429948 f   lit-strings.obj
 0001:0002968b       _lit_zt_utf8_string_size   0042998b f   lit-strings.obj
 0001:00029694       _util_free_literal         00429994 f   common.obj
 0001:000296cc       _lexer_compare_identifier_to_current 004299cc f   js-lexer.obj
 0001:000297fa       _lexer_construct_function_object 00429afa f   js-lexer.obj
 0001:0002986c       _lexer_construct_literal_object 00429b6c f   js-lexer.obj
 0001:00029d75       _lexer_construct_number_object 0042a075 f   js-lexer.obj
 0001:00029ecd       _lexer_construct_regexp_object 0042a1cd f   js-lexer.obj
 0001:0002a136       _lexer_expect_identifier   0042a436 f   js-lexer.obj
 0001:0002a216       _lexer_expect_object_literal_id 0042a516 f   js-lexer.obj
 0001:0002a340       _lexer_hex_to_character    0042a640 f   js-lexer.obj
 0001:0002a38d       _lexer_next_token          0042a68d f   js-lexer.obj
 0001:0002aecc       _lexer_scan_identifier     0042b1cc f   js-lexer.obj
 0001:0002ba5f       _parser_parse_expression   0042bd5f f   js-parser-expr.obj
 0001:0002cb50       _parser_cbc_stream_alloc_page 0042ce50 f   js-parser-mem.obj
 0001:0002cb7b       _parser_cbc_stream_free    0042ce7b f   js-parser-mem.obj
 0001:0002cb8c       _parser_cbc_stream_init    0042ce8c f   js-parser-mem.obj
 0001:0002cbc5       _parser_free_local         0042cec5 f   js-parser-mem.obj
 0001:0002cbc5       _parser_free               0042cec5 f   js-parser-mem.obj
 0001:0002cbc5       _ecma_dealloc_extended_object 0042cec5 f   ecma-alloc.obj
 0001:0002cbca       _parser_list_append        0042ceca f   js-parser-mem.obj
 0001:0002cc1b       _parser_list_free          0042cf1b f   js-parser-mem.obj
 0001:0002cc32       _parser_list_get           0042cf32 f   js-parser-mem.obj
 0001:0002cca7       _parser_list_init          0042cfa7 f   js-parser-mem.obj
 0001:0002ccd5       _parser_list_iterator_init 0042cfd5 f   js-parser-mem.obj
 0001:0002cceb       _parser_list_iterator_next 0042cfeb f   js-parser-mem.obj
 0001:0002cd33       _parser_list_reset         0042d033 f   js-parser-mem.obj
 0001:0002cd48       _parser_malloc             0042d048 f   js-parser-mem.obj
 0001:0002cd89       _parser_malloc_local       0042d089 f   js-parser-mem.obj
 0001:0002cdca       _parser_stack_free         0042d0ca f   js-parser-mem.obj
 0001:0002cdf8       _parser_stack_init         0042d0f8 f   js-parser-mem.obj
 0001:0002ce1e       _parser_stack_iterator_read 0042d11e f   js-parser-mem.obj
 0001:0002ceb2       _parser_stack_iterator_skip 0042d1b2 f   js-parser-mem.obj
 0001:0002cefb       _parser_stack_iterator_write 0042d1fb f   js-parser-mem.obj
 0001:0002cf91       _parser_stack_pop          0042d291 f   js-parser-mem.obj
 0001:0002d0be       _parser_stack_pop_uint16   0042d3be f   js-parser-mem.obj
 0001:0002d144       _parser_stack_pop_uint8    0042d444 f   js-parser-mem.obj
 0001:0002d1ee       _parser_stack_push         0042d4ee f   js-parser-mem.obj
 0001:0002d2af       _parser_stack_push_uint16  0042d5af f   js-parser-mem.obj
 0001:0002d33c       _parser_stack_push_uint8   0042d63c f   js-parser-mem.obj
 0001:0002d86f       _parser_scan_until         0042db6f f   js-parser-scanner.obj
 0001:0002db5a       _parser_free_jumps         0042de5a f   js-parser-statm.obj
 0001:0002eac9       _parser_parse_statements   0042edc9 f   js-parser-statm.obj
 0001:0002fc22       _parser_emit_cbc           0042ff22 f   js-parser-util.obj
 0001:0002fc85       _parser_emit_cbc_backward_branch 0042ff85 f   js-parser-util.obj
 0001:0002feef       _parser_emit_cbc_call      004301ef f   js-parser-util.obj
 0001:0002ff7e       _parser_emit_cbc_forward_branch 0043027e f   js-parser-util.obj
 0001:00030114       _parser_emit_cbc_forward_branch_item 00430414 f   js-parser-util.obj
 0001:0003014a       _parser_emit_cbc_literal   0043044a f   js-parser-util.obj
 0001:000301c6       _parser_emit_cbc_literal_from_token 004304c6 f   js-parser-util.obj
 0001:00030248       _parser_emit_cbc_push_number 00430548 f   js-parser-util.obj
 0001:00030399       _parser_flush_cbc          00430699 f   js-parser-util.obj
 0001:00030592       _parser_set_branch_to_current_position 00430892 f   js-parser-util.obj
 0001:00030637       _parser_set_breaks_to_current_position 00430937 f   js-parser-util.obj
 0001:0003066d       _parser_set_continues_to_current_position 0043096d f   js-parser-util.obj
 0001:00031255       _parser_parse_function     00431555 f   js-parser.obj
 0001:000315eb       _parser_parse_script       004318eb f   js-parser.obj
 0001:00032066       _parser_raise_error        00432366 f   js-parser.obj
 0001:00032199       _re_append_char            00432499 f   re-bytecode.obj
 0001:000321af       _re_append_jump_offset     004324af f   re-bytecode.obj
 0001:000321c5       _re_append_opcode          004324c5 f   re-bytecode.obj
 0001:000321db       _re_append_u32             004324db f   re-bytecode.obj
 0001:00032243       _re_bytecode_list_insert   00432543 f   re-bytecode.obj
 0001:000322f3       _re_get_bytecode_length    004325f3 f   re-bytecode.obj
 0001:00032300       _re_get_char               00432600 f   re-bytecode.obj
 0001:00032312       _re_get_opcode             00432612 f   re-bytecode.obj
 0001:00032324       _re_get_value              00432624 f   re-bytecode.obj
 0001:00032335       _re_insert_opcode          00432635 f   re-bytecode.obj
 0001:0003234e       _re_insert_u32             0043264e f   re-bytecode.obj
 0001:0003244e       _re_cache_gc_run           0043274e f   re-compiler.obj
 0001:0003247a       _re_compile_bytecode       0043277a f   re-compiler.obj
 0001:00032dff       _re_parse_char_class       004330ff f   re-parser.obj
 0001:000333ed       _re_parse_next_token       004336ed f   re-parser.obj
 0001:0003388f       _do_number_arithmetic      00433b8f f   opcodes-ecma-arithmetics.obj
 0001:00033a81       _opfunc_addition           00433d81 f   opcodes-ecma-arithmetics.obj
 0001:00033d58       _opfunc_unary_minus        00434058 f   opcodes-ecma-arithmetics.obj
 0001:00033e36       _opfunc_unary_plus         00434136 f   opcodes-ecma-arithmetics.obj
 0001:00033f0c       _do_number_bitwise_logic   0043420c f   opcodes-ecma-bitwise.obj
 0001:00034260       _opfunc_equal_value        00434560 f   opcodes-ecma-equality.obj
 0001:000342be       _opfunc_not_equal_value    004345be f   opcodes-ecma-equality.obj
 0001:0003432c       _opfunc_greater_or_equal_than 0043462c f   opcodes-ecma-relational.obj
 0001:000343ac       _opfunc_greater_than       004346ac f   opcodes-ecma-relational.obj
 0001:00034424       _opfunc_in                 00434724 f   opcodes-ecma-relational.obj
 0001:000344b2       _opfunc_instanceof         004347b2 f   opcodes-ecma-relational.obj
 0001:0003452a       _opfunc_less_or_equal_than 0043482a f   opcodes-ecma-relational.obj
 0001:000345a4       _opfunc_less_than          004348a4 f   opcodes-ecma-relational.obj
 0001:0003461c       _opfunc_for_in             0043491c f   opcodes.obj
 0001:000346f8       _opfunc_logical_not        004349f8 f   opcodes.obj
 0001:00034712       _opfunc_set_accessor       00434a12 f   opcodes.obj
 0001:000347f9       _opfunc_typeof             00434af9 f   opcodes.obj
 0001:00034898       _vm_op_delete_prop         00434b98 f   opcodes.obj
 0001:00034a37       _vm_op_delete_var          00434d37 f   opcodes.obj
 0001:00034a9e       _vm_var_decl               00434d9e f   opcodes.obj
 0001:00034b6a       _vm_stack_context_abort    00434e6a f   vm-stack.obj
 0001:00034c56       _vm_stack_find_finally     00434f56 f   vm-stack.obj
 0001:00035392       _vm_is_direct_eval_form_call 00435692 f   vm.obj
 0001:0003539a       _vm_is_strict_mode         0043569a f   vm.obj
 0001:00037553       _vm_run                    00437853 f   vm.obj
 0001:00037625       _vm_run_eval               00437925 f   vm.obj
 0001:000376c0       __allmul                   004379c0 f   MSVCRT:llmul.obj
 0001:00037700       __ftol2_sse                00437a00 f   MSVCRT:ftol2.obj
 0001:00037709       __ftol2_pentium4           00437a09 f   MSVCRT:ftol2.obj
 0001:0003771c       __ftol2_sse_excpt          00437a1c f   MSVCRT:ftol2.obj
 0001:00037736       __ftol2                    00437a36 f   MSVCRT:ftol2.obj
 0001:000377b0       __allshl                   00437ab0 f   MSVCRT:llshl.obj
 0001:000377d0       __aulldvrm                 00437ad0 f   MSVCRT:ulldvrm.obj
 0001:00037865       ___isa_available_init      00437b65 f   MSVCRT:cpu_disp.obj
 0001:000379de       _IsProcessorFeaturePresent@4 00437cde f   kernel32:KERNEL32.dll
 0002:00000000       __imp__IsProcessorFeaturePresent@4 00437d00     kernel32:KERNEL32.dll
 0002:00000004       \177KERNEL32_NULL_THUNK_DATA 00437d04     kernel32:KERNEL32.dll
 0002:00000048       ??_C@_0BC@IKHGKNGB@ecma_alloc_object?$AA@ 00437d48     ecma-alloc.obj
 0002:0000005c       ??_C@_0BH@DCADEOID@ecma?2base?2ecma?9alloc?4c?$AA@ 00437d5c     ecma-alloc.obj
 0002:00000074       ??_C@_0BB@NOMKPHHH@object_p?5?$CB?$DN?5NULL?$AA@ 00437d74     ecma-alloc.obj
 0002:00000088       ??_C@_0BC@EPPCKLGL@ecma_alloc_number?$AA@ 00437d88     ecma-alloc.obj
 0002:0000009c       ??_C@_0BB@PDKGCFDI@number_p?5?$CB?$DN?5NULL?$AA@ 00437d9c     ecma-alloc.obj
 0002:000000b0       ??_C@_0BN@BFBOCJJ@ecma_alloc_collection_header?$AA@ 00437db0     ecma-alloc.obj
 0002:000000d0       ??_C@_0BM@BIEHPLGF@collection_header_p?5?$CB?$DN?5NULL?$AA@ 00437dd0     ecma-alloc.obj
 0002:000000ec       ??_C@_0BM@OKKANDLD@ecma_alloc_collection_chunk?$AA@ 00437dec     ecma-alloc.obj
 0002:00000108       ??_C@_0BL@GFAOPNEF@collection_chunk_p?5?$CB?$DN?5NULL?$AA@ 00437e08     ecma-alloc.obj
 0002:00000124       ??_C@_0BC@IMPGALGH@ecma_alloc_string?$AA@ 00437e24     ecma-alloc.obj
 0002:00000138       ??_C@_0BB@HEIBMMLG@string_p?5?$CB?$DN?5NULL?$AA@ 00437e38     ecma-alloc.obj
 0002:0000014c       ??_C@_0BI@DCFJKDJC@ecma_gc_get_object_next?$AA@ 00437e4c     ecma-gc.obj
 0002:00000164       ??_C@_0BE@HMJIDAJL@ecma?2base?2ecma?9gc?4c?$AA@ 00437e64     ecma-gc.obj
 0002:00000178       ??_C@_0BI@EPNBIL@ecma_gc_set_object_next?$AA@ 00437e78     ecma-gc.obj
 0002:00000190       ??_C@_0BK@HCLBCKLK@ecma_gc_is_object_visited?$AA@ 00437e90     ecma-gc.obj
 0002:000001ac       ??_C@_0BL@KCLJCPIH@ecma_gc_set_object_visited?$AA@ 00437eac     ecma-gc.obj
 0002:000001c8       ??_C@_0BC@EMGCMHGH@ecma_init_gc_info?$AA@ 00437ec8     ecma-gc.obj
 0002:000001e0       ??_C@_0EO@PMHJNKIP@JERRY_CONTEXT?5?$CIecma_gc_new_objec@ 00437ee0     ecma-gc.obj
 0002:00000230       ??_C@_0DA@FLGJGANF@object_p?9?$DOtype_flags_refs?5?$DM?5ECMA@ 00437f30     ecma-gc.obj
 0002:00000260       ??_C@_0BC@KLMFBOKI@ecma_deref_object?$AA@ 00437f60     ecma-gc.obj
 0002:00000274       ??_C@_0DB@KBIGEBNO@object_p?9?$DOtype_flags_refs?5?$DO?$DN?5ECM@ 00437f74     ecma-gc.obj
 0002:000002a8       ??_C@_0BG@NGAOGKNN@ecma_gc_mark_property?$AA@ 00437fa8     ecma-gc.obj
 0002:000002c0       ??_C@_0LB@HNIKFMNL@ECMA_PROPERTY_GET_INTERNAL_PROPE@ 00437fc0     ecma-gc.obj
 0002:00000374       ??_C@_0N@BKPJDMCO@ecma_gc_mark?$AA@ 00438074     ecma-gc.obj
 0002:00000384       ??_C@_0CF@LLGILIBN@ecma_gc_is_object_visited?5?$CIobjec@ 00438084     ecma-gc.obj
 0002:000003ac       ??_C@_0BA@GDEHKCIK@args_length?5?$DO?50?$AA@ 004380ac     ecma-gc.obj
 0002:000003c0       ??_C@_0GE@IBLOLMJJ@prop_iter_p?9?$DOtypes?$FL0?$FN?5?$DN?$DN?5ECMA_PR@ 004380c0     ecma-gc.obj
 0002:00000424       ??_C@_0O@OCNPMOOA@ecma_gc_sweep?$AA@ 00438124     ecma-gc.obj
 0002:00000438       ??_C@_0GN@HENCFDH@object_p?5?$CB?$DN?5NULL?5?$CG?$CG?5?$CBecma_gc_is_@ 00438138     ecma-gc.obj
 0002:000004a8       ??_C@_0N@JCKCCIM@is_retrieved?$AA@ 004381a8     ecma-gc.obj
 0002:000004b8       ??_C@_0CN@JKBNEPCE@ECMA_PROPERTY_IS_PROPERTY_PAIR?5?$CI@ 004381b8     ecma-gc.obj
 0002:000004e8       ??_C@_0GL@OAPMCIMK@prop_iter_p?9?$DOtypes?$FL0?$FN?5?$CB?$DN?5ECMA_PR@ 004381e8     ecma-gc.obj
 0002:00000558       ??_C@_0GL@MBLFBKKG@prop_iter_p?9?$DOtypes?$FL0?$FN?5?$DN?$DN?5ECMA_PR@ 00438258     ecma-gc.obj
 0002:000005c4       ??_C@_0CL@PEMGPMJF@JERRY_CONTEXT?5?$CIecma_gc_objects_n@ 004382c4     ecma-gc.obj
 0002:000005f0       ??_C@_0M@MKKPKPM@ecma_gc_run?$AA@ 004382f0     ecma-gc.obj
 0002:00000600       ??_C@_0EE@IAKKOODA@JERRY_CONTEXT?5?$CIecma_gc_objects_l@ 00438300     ecma-gc.obj
 0002:00000644       ??_C@_0CI@GFCOJPHF@?$CBecma_gc_is_object_visited?5?$CIobj_@ 00438344     ecma-gc.obj
 0002:0000066c       ??_C@_0DD@HHLNLEHP@ecma_gc_get_object_next?5?$CIobj_pre@ 0043836c     ecma-gc.obj
 0002:000006a0       ??_C@_0CH@JBMLMFBO@ecma_gc_is_object_visited?5?$CIobj_i@ 004383a0     ecma-gc.obj
 0002:000006c8       ??_C@_0BI@DOLKBKAG@ecma_free_unused_memory?$AA@ 004383c8     ecma-gc.obj
 0002:000006e0       ??_C@_0DC@LMAGLLEC@severity?5?$DN?$DN?5JMEM_FREE_UNUSED_MEM@ 004383e0     ecma-gc.obj
 0002:00000714       ??_C@_0BL@FAEINABE@ecma_utf8_string_to_number?$AA@ 00438414     ecma-helpers-conversion.obj
 0002:00000730       ??_C@_0CE@PLIFEFDP@ecma?2base?2ecma?9helpers?9conversio@ 00438430     ecma-helpers-conversion.obj
 0002:00000754       ??_C@_0BF@JBHEMMID@begin_p?5?$DN?$DN?5end_p?5?$CL?51?$AA@ 00438454     ecma-helpers-conversion.obj
 0002:0000076c       ??_C@_0CC@CMIIIGNE@fraction_uint128?$FL0?$FN?5?$DM?$DN?5UINT32_MA@ 0043846c     ecma-helpers-conversion.obj
 0002:00000790       ??_C@_0CC@KLCOENJH@fraction_uint128?$FL1?$FN?5?$DM?$DN?5UINT32_MA@ 00438490     ecma-helpers-conversion.obj
 0002:000007b4       ??_C@_0CC@PILEBGBD@fraction_uint128?$FL2?$FN?5?$DM?$DN?5UINT32_MA@ 004384b4     ecma-helpers-conversion.obj
 0002:000007d8       ??_C@_0CC@HPBCNNFA@fraction_uint128?$FL3?$FN?5?$DM?$DN?5UINT32_MA@ 004384d8     ecma-helpers-conversion.obj
 0002:00000800       ??_C@_0FE@PDAMKHLI@ECMA_NUMBER_CONVERSION_128BIT_IN@ 00438500     ecma-helpers-conversion.obj
 0002:00000858       ??_C@_0EC@MOBHKNHP@?$CBECMA_NUMBER_CONVERSION_128BIT_I@ 00438558     ecma-helpers-conversion.obj
 0002:0000089c       ??_C@_06EHOKBAHN@e?5?$DO?$DN?50?$AA@ 0043859c     ecma-helpers-conversion.obj
 0002:000008a4       ??_C@_0CG@EGMPBJPL@fraction_uint128_tmp?$FL0?$FN?5?$DM?$DN?5UINT3@ 004385a4     ecma-helpers-conversion.obj
 0002:000008cc       ??_C@_0CG@MBGJNCLI@fraction_uint128_tmp?$FL1?$FN?5?$DM?$DN?5UINT3@ 004385cc     ecma-helpers-conversion.obj
 0002:000008f4       ??_C@_0CG@JCPDIJDM@fraction_uint128_tmp?$FL2?$FN?5?$DM?$DN?5UINT3@ 004385f4     ecma-helpers-conversion.obj
 0002:0000091c       ??_C@_0CG@BFFFECHP@fraction_uint128_tmp?$FL3?$FN?5?$DM?$DN?5UINT3@ 0043861c     ecma-helpers-conversion.obj
 0002:00000944       ??_C@_06KFFKBACO@e?5?$CB?$DN?50?$AA@ 00438644     ecma-helpers-conversion.obj
 0002:00000950       ??_C@_0FI@MFCDCHFP@ECMA_NUMBER_CONVERSION_128BIT_IN@ 00438650     ecma-helpers-conversion.obj
 0002:000009a8       ??_C@_0BL@FMHECEAD@ecma_uint32_to_utf8_string?$AA@ 004386a8     ecma-helpers-conversion.obj
 0002:000009c4       ??_C@_0BG@IIMHPIE@buf_p?5?$DO?$DN?5out_buffer_p?$AA@ 004386c4     ecma-helpers-conversion.obj
 0002:000009dc       ??_C@_0BG@BNJCLOFB@ecma_number_to_uint32?$AA@ 004386dc     ecma-helpers-conversion.obj
 0002:000009f4       ??_C@_0CG@OFIMCP@num_in_uint32_range?5?$DM?5uint64_2_p@ 004386f4     ecma-helpers-conversion.obj
 0002:00000a1c       ??_C@_0CE@GHFDHKOH@ret?5?$DN?$DN?5uint64_2_pow_32?5?9?5uint32_@ 0043871c     ecma-helpers-conversion.obj
 0002:00000a40       ??_C@_0BC@DJBPLNPI@ret?5?$DN?$DN?5uint32_num?$AA@ 00438740     ecma-helpers-conversion.obj
 0002:00000a54       ??_C@_0BF@HICHGHJP@ecma_number_to_int32?$AA@ 00438754     ecma-helpers-conversion.obj
 0002:00000a6c       ??_C@_0P@GMFEKPMJ@int64_num?5?$DO?$DN?50?$AA@ 0043876c     ecma-helpers-conversion.obj
 0002:00000a7c       ??_C@_0CC@IHLHOLJG@ret?5?$DN?$DN?5int64_num?5?9?5int64_2_pow_3@ 0043877c     ecma-helpers-conversion.obj
 0002:00000aa0       ??_C@_0BB@OOEJKKFC@ret?5?$DN?$DN?5int64_num?$AA@ 004387a0     ecma-helpers-conversion.obj
 0002:00000ab4       ??_C@_0BH@MDEOCECD@ecma_number_to_decimal?$AA@ 004387b4     ecma-helpers-conversion.obj
 0002:00000acc       ??_C@_0BK@KCLNKHIB@?$CBecma_number_is_nan?5?$CInum?$CJ?$AA@ 004387cc     ecma-helpers-conversion.obj
 0002:00000ae8       ??_C@_0BL@GMDGLMAE@?$CBecma_number_is_zero?5?$CInum?$CJ?$AA@ 004387e8     ecma-helpers-conversion.obj
 0002:00000b04       ??_C@_0BP@ELHJBID@?$CBecma_number_is_infinity?5?$CInum?$CJ?$AA@ 00438804     ecma-helpers-conversion.obj
 0002:00000b24       ??_C@_0BP@ECKPJKKC@?$CBecma_number_is_negative?5?$CInum?$CJ?$AA@ 00438824     ecma-helpers-conversion.obj
 0002:00000b44       ??_C@_0BL@OPHEHCPJ@ecma_number_to_utf8_string?$AA@ 00438844     ecma-helpers-conversion.obj
 0002:00000b60       ??_C@_0BB@KGHDGHOG@1?5?$DM?$DN?5buffer_size?$AA@ 00438860     ecma-helpers-conversion.obj
 0002:00000b74       ??_C@_0CA@CDMCIHFA@dst_p?5?$DM?$DN?5buffer_p?5?$CL?5buffer_size?$AA@ 00438874     ecma-helpers-conversion.obj
 0002:00000b94       ??_C@_0DJ@MJNBIBHL@ecma_number_get_next?5?$CIecma_numbe@ 00438894     ecma-helpers-conversion.obj
 0002:00000bd0       __real@0000000000000000    004388d0     ecma-helpers-conversion.obj
 0002:00000bd8       __real@4030000000000000    004388d8     ecma-helpers-conversion.obj
 0002:00000be0       __real@41f0000000000000    004388e0     ecma-helpers-conversion.obj
 0002:00000be8       __real@8000000000000000    004388e8     ecma-helpers-conversion.obj
 0002:00000bf0       __real@3fe0000000000000    004388f0     ecma-helpers-errol.obj
 0002:00000bf8       __real@3ff0000000000000    004388f8     ecma-helpers-errol.obj
 0002:00000c00       __real@400000000d6bf94d    00438900     ecma-helpers-errol.obj
 0002:00000c08       __real@4020000000000000    00438908     ecma-helpers-errol.obj
 0002:00000c10       __real@4024000000000000    00438910     ecma-helpers-errol.obj
 0002:00000c18       __real@7ff0000000000000    00438918     ecma-helpers-errol.obj
 0002:00000c20       __real@fff0000000000000    00438920     ecma-helpers-errol.obj
 0002:00000c28       ??_C@_0CL@MLLNDKOB@ecma?2base?2ecma?9helpers?9external?9@ 00438928     ecma-helpers-external-pointers.obj
 0002:00000c58       ??_C@_0FJ@PAEMIBID@id?5?$DN?$DN?5ECMA_INTERNAL_PROPERTY_NAT@ 00438958     ecma-helpers-external-pointers.obj
 0002:00000cb4       ??_C@_0CA@IMJABMAF@ecma_get_external_pointer_value?$AA@ 004389b4     ecma-helpers-external-pointers.obj
 0002:00000cd4       ??_C@_0CH@KLDPELAO@ecma_free_external_pointer_in_pr@ 004389d4     ecma-helpers-external-pointers.obj
 0002:00000d00       ??_C@_0LH@JEAECGNM@ECMA_PROPERTY_GET_INTERNAL_PROPE@ 00438a00     ecma-helpers-external-pointers.obj
 0002:00000db8       _ecma_number_exponent_bias 00438ab8     ecma-helpers-number.obj
 0002:00000dbc       ??_C@_0BB@JAKEDCEH@ecma_number_pack?$AA@ 00438abc     ecma-helpers-number.obj
 0002:00000dd0       ??_C@_0CA@CJBEFDBO@ecma?2base?2ecma?9helpers?9number?4c?$AA@ 00438ad0     ecma-helpers-number.obj
 0002:00000df0       ??_C@_0EA@MJCFNIOK@?$CIbiased_exp?5?$CG?5?$HO?$CI?$CI1u?5?$DM?$DM?5ECMA_NUMB@ 00438af0     ecma-helpers-number.obj
 0002:00000e30       ??_C@_0DO@INAAOJKE@?$CIfraction?5?$CG?5?$HO?$CI?$CI1ull?5?$DM?$DM?5ECMA_NUMB@ 00438b30     ecma-helpers-number.obj
 0002:00000e70       ??_C@_0BD@CKNDCAOA@ecma_number_is_nan?$AA@ 00438b70     ecma-helpers-number.obj
 0002:00000e84       ??_C@_0BJ@JFFCMCPK@is_nan?5?$DN?$DN?5is_nan_ieee754?$AA@ 00438b84     ecma-helpers-number.obj
 0002:00000ea0       ??_C@_0BI@LILCMNPA@ecma_number_is_negative?$AA@ 00438ba0     ecma-helpers-number.obj
 0002:00000eb8       ??_C@_0BE@ENHLLKDB@ecma_number_is_zero?$AA@ 00438bb8     ecma-helpers-number.obj
 0002:00000ecc       ??_C@_0BL@FLGLGGHI@is_zero?5?$DN?$DN?5is_zero_ieee754?$AA@ 00438bcc     ecma-helpers-number.obj
 0002:00000ee8       ??_C@_0BI@EDODDKG@ecma_number_is_infinity?$AA@ 00438be8     ecma-helpers-number.obj
 0002:00000f00       ??_C@_0CG@JOFGHKKO@ecma_number_get_fraction_and_exp@ 00438c00     ecma-helpers-number.obj
 0002:00000f28       ??_C@_0O@DJFFJPGJ@fraction?5?$CB?$DN?50?$AA@ 00438c28     ecma-helpers-number.obj
 0002:00000f38       ??_C@_0DH@EPFKPIKL@?$CIfraction?5?$CG?5?$CI1ull?5?$DM?$DM?5ECMA_NUMBER@ 00438c38     ecma-helpers-number.obj
 0002:00000f70       ??_C@_0EI@BNHEPMDD@biased_exp?5?$DO?50?5?$CG?$CG?5biased_exp?5?$DM?5?$CI@ 00438c70     ecma-helpers-number.obj
 0002:00000fb8       ??_C@_0DM@GCMGFHLN@ecma_number_make_normal_positive@ 00438cb8     ecma-helpers-number.obj
 0002:00000ff8       ??_C@_0EE@LOECMLLK@?$CIfraction?5?$CG?5?$HO?$CI?$CI1ull?5?$DM?$DM?5?$CIECMA_NUM@ 00438cf8     ecma-helpers-number.obj
 0002:0000103c       ??_C@_0DH@OKEKICCI@?$CIfraction?5?$CG?5?$CI1ull?5?$DM?$DM?5ECMA_NUMBER@ 00438d3c     ecma-helpers-number.obj
 0002:00001074       ??_C@_0DB@LIJNMGCB@ecma_number_make_from_sign_manti@ 00438d74     ecma-helpers-number.obj
 0002:000010a8       ??_C@_0IC@IKENHCKM@?$CI?$CImantissa?5?$CG?5?$HO?$CI?$CI1ull?5?$DM?$DM?5?$CIECMA_NU@ 00438da8     ecma-helpers-number.obj
 0002:0000112c       ??_C@_0DO@JBCKDEOE@?$CImantissa?5?$CG?5?$HO?$CI?$CI1ull?5?$DM?$DM?5ECMA_NUMB@ 00438e2c     ecma-helpers-number.obj
 0002:0000116c       ??_C@_0BF@GFKMCCAJ@ecma_number_get_prev?$AA@ 00438e6c     ecma-helpers-number.obj
 0002:00001184       ??_C@_0BF@FBHKDGGN@ecma_number_get_next?$AA@ 00438e84     ecma-helpers-number.obj
 0002:0000119c       ??_C@_0DA@DDCLDNDG@fraction?5?$CG?5?$CI1ull?5?$DM?$DM?5ECMA_NUMBER_@ 00438e9c     ecma-helpers-number.obj
 0002:000011cc       ??_C@_0BD@KNAKEKJ@ecma_number_negate?$AA@ 00438ecc     ecma-helpers-number.obj
 0002:000011e0       ??_C@_0GF@FIMLCBNK@negated?5?$DN?$DN?5negated_ieee754?5?$HM?$HM?5?$CIe@ 00438ee0     ecma-helpers-number.obj
 0002:00001248       ??_C@_0BC@GJJACNIJ@ecma_number_trunc?$AA@ 00438f48     ecma-helpers-number.obj
 0002:0000125c       ??_C@_0BL@EOIEJCPI@ecma_number_calc_remainder?$AA@ 00438f5c     ecma-helpers-number.obj
 0002:00001278       ??_C@_0GJ@CAEIADL@?$CBecma_number_is_nan?5?$CIleft_num?$CJ?5?$CG@ 00438f78     ecma-helpers-number.obj
 0002:000012e8       ??_C@_0GM@KBPJOLK@?$CBecma_number_is_nan?5?$CIright_num?$CJ?5@ 00438fe8     ecma-helpers-number.obj
 0002:00001380       ??_C@_0BL@KDDIMHD@ecma_string_to_array_index?$AA@ 00439080     ecma-helpers-string.obj
 0002:0000139c       ??_C@_0CA@FDHHHMPO@ecma?2base?2ecma?9helpers?9string?4c?$AA@ 0043909c     ecma-helpers-string.obj
 0002:000013c0       ??_C@_0EG@HEHJLGPC@string_size?5?$DO?50?5?$CG?$CG?5?$CKstring_p?5?$DO?$DN?5@ 004390c0     ecma-helpers-string.obj
 0002:00001408       ??_C@_0BP@DNHPEIHN@ecma_new_ecma_string_from_utf8?$AA@ 00439108     ecma-helpers-string.obj
 0002:00001428       ??_C@_0CF@HLIGDENI@string_p?5?$CB?$DN?5NULL?5?$HM?$HM?5string_size?5@ 00439128     ecma-helpers-string.obj
 0002:00001450       ??_C@_0DC@DKNEOCMN@lit_is_cesu8_string_valid?5?$CIstrin@ 00439150     ecma-helpers-string.obj
 0002:00001484       ??_C@_0BA@DLKLMPDB@string_size?5?$DO?50?$AA@ 00439184     ecma-helpers-string.obj
 0002:00001494       ??_C@_0BF@JMGHJLHG@character?5?$DO?$DN?50x10000?$AA@ 00439194     ecma-helpers-string.obj
 0002:000014ac       ??_C@_0CB@MMGGCEJP@ecma_new_ecma_string_from_number@ 004391ac     ecma-helpers-string.obj
 0002:000014d0       ??_C@_0N@BODNKAMC@str_size?5?$DO?50?$AA@ 004391d0     ecma-helpers-string.obj
 0002:000014e0       ??_C@_0JP@ODHPCHEF@lit_is_utf8_string_magic?5?$CIstr_bu@ 004391e0     ecma-helpers-string.obj
 0002:00001580       ??_C@_0CK@BKDOLNJD@ecma_new_ecma_string_from_magic_@ 00439280     ecma-helpers-string.obj
 0002:000015ac       ??_C@_0BN@HJMLKLAJ@id?5?$DM?5LIT_MAGIC_STRING__COUNT?$AA@ 004392ac     ecma-helpers-string.obj
 0002:000015cc       ??_C@_0CN@GIHEDAON@ecma_new_ecma_string_from_magic_@ 004392cc     ecma-helpers-string.obj
 0002:000015fc       ??_C@_0CG@GDMHNLHL@id?5?$DM?5lit_get_magic_string_ex_cou@ 004392fc     ecma-helpers-string.obj
 0002:00001624       ??_C@_0BJ@NLCNLBMD@ecma_concat_ecma_strings?$AA@ 00439324     ecma-helpers-string.obj
 0002:00001640       ??_C@_0CH@OFHNIPOB@string1_p?5?$CB?$DN?5NULL?5?$CG?$CG?5string2_p?5?$CB@ 00439340     ecma-helpers-string.obj
 0002:00001668       ??_C@_0EP@DEMJCHLL@ECMA_STRING_GET_CONTAINER?5?$CIstrin@ 00439368     ecma-helpers-string.obj
 0002:000016b8       ??_C@_0EP@LEJDILAO@ECMA_STRING_GET_CONTAINER?5?$CIstrin@ 004393b8     ecma-helpers-string.obj
 0002:00001708       ??_C@_0BG@KBMFGHGD@utf8_string1_size?5?$DO?50?$AA@ 00439408     ecma-helpers-string.obj
 0002:00001720       ??_C@_0BG@DICHABGC@utf8_string2_size?5?$DO?50?$AA@ 00439420     ecma-helpers-string.obj
 0002:00001738       ??_C@_0CJ@JADOEEFL@utf8_string1_length?5?$DM?$DN?5utf8_stri@ 00439438     ecma-helpers-string.obj
 0002:00001764       ??_C@_0CJ@OFHHHLNO@utf8_string2_length?5?$DM?$DN?5utf8_stri@ 00439464     ecma-helpers-string.obj
 0002:00001790       ??_C@_0BF@BFHBNOJ@ecma_ref_ecma_string?$AA@ 00439490     ecma-helpers-string.obj
 0002:000017a8       ??_C@_0DE@LCGKOENH@string_p?9?$DOrefs_and_container?5?$DO?$DN?5@ 004394a8     ecma-helpers-string.obj
 0002:000017dc       ??_C@_0BH@JEDAJPKB@ecma_deref_ecma_string?$AA@ 004394dc     ecma-helpers-string.obj
 0002:000017f8       ??_C@_0FC@PJCFBKOA@?$CBecma_string_to_array_index?5?$CIcha@ 004394f8     ecma-helpers-string.obj
 0002:0000184c       ??_C@_0CP@KBGHDDG@string_p?9?$DOu?4long_utf8_string_siz@ 0043954c     ecma-helpers-string.obj
 0002:0000187c       ??_C@_0BG@CBOCDCJP@ecma_string_to_number?$AA@ 0043957c     ecma-helpers-string.obj
 0002:00001894       ??_C@_0O@FABAPJHP@str_p?5?$CB?$DN?5NULL?$AA@ 00439594     ecma-helpers-string.obj
 0002:000018a4       ??_C@_0BF@JFNKDHCK@str_buffer_p?5?$CB?$DN?5NULL?$AA@ 004395a4     ecma-helpers-string.obj
 0002:000018bc       ??_C@_0CB@IGJPOLBK@ecma_string_copy_to_cesu8_buffer@ 004395bc     ecma-helpers-string.obj
 0002:000018e0       ??_C@_0BG@CGPFJNCF@string_desc_p?5?$CB?$DN?5NULL?$AA@ 004395e0     ecma-helpers-string.obj
 0002:000018f8       ??_C@_0DJ@BIDPADEO@string_desc_p?9?$DOrefs_and_containe@ 004395f8     ecma-helpers-string.obj
 0002:00001934       ??_C@_0CF@LECKGNOK@buffer_p?5?$CB?$DN?5NULL?5?$HM?$HM?5buffer_size?5@ 00439634     ecma-helpers-string.obj
 0002:0000195c       ??_C@_0DE@PMICMKGB@ecma_string_get_size?5?$CIstring_des@ 0043965c     ecma-helpers-string.obj
 0002:00001990       ??_C@_0FD@GMLMFLLD@ECMA_STRING_GET_CONTAINER?5?$CIstrin@ 00439690     ecma-helpers-string.obj
 0002:000019e4       ??_C@_0BE@FHBPJGEE@size?5?$DM?$DN?5buffer_size?$AA@ 004396e4     ecma-helpers-string.obj
 0002:000019f8       ??_C@_0BK@JDBPHGFC@ecma_string_to_utf8_bytes?$AA@ 004396f8     ecma-helpers-string.obj
 0002:00001a14       ??_C@_0BE@OOOEENKM@size?5?$DN?$DN?5buffer_size?$AA@ 00439714     ecma-helpers-string.obj
 0002:00001a28       ??_C@_0BG@MPBBALOD@ecma_string_raw_chars?$AA@ 00439728     ecma-helpers-string.obj
 0002:00001a40       ??_C@_0CK@FNODBCKG@ecma_string_get_length?5?$CIstring_p@ 00439740     ecma-helpers-string.obj
 0002:00001a6c       ??_C@_0CG@DMDPLJGK@ECMA_STRING_IS_ASCII?5?$CIresult_p?0?5@ 0043976c     ecma-helpers-string.obj
 0002:00001a98       ??_C@_0EO@MBEIEHCF@ECMA_STRING_GET_CONTAINER?5?$CIstrin@ 00439798     ecma-helpers-string.obj
 0002:00001ae8       ??_C@_0BP@KAKFPLPG@ecma_string_from_property_name?$AA@ 004397e8     ecma-helpers-string.obj
 0002:00001b08       ??_C@_0EJ@CIBNHBL@ECMA_PROPERTY_GET_NAME_TYPE?5?$CIpro@ 00439808     ecma-helpers-string.obj
 0002:00001b54       ??_C@_0CF@ELIEIJHG@ecma_string_compare_to_property_@ 00439854     ecma-helpers-string.obj
 0002:00001b7c       ??_C@_0DF@PDNPKAEJ@property_name_type?5?$DN?$DN?5ECMA_PROPE@ 0043987c     ecma-helpers-string.obj
 0002:00001bb4       ??_C@_0CD@KHIGBMCC@ecma_compare_ecma_strings_longpa@ 004398b4     ecma-helpers-string.obj
 0002:00001bd8       ??_C@_0EP@FOPLFAAH@ECMA_STRING_GET_CONTAINER?5?$CIstrin@ 004398d8     ecma-helpers-string.obj
 0002:00001c28       ??_C@_0FF@KHEONAKH@ECMA_STRING_GET_CONTAINER?5?$CIstrin@ 00439928     ecma-helpers-string.obj
 0002:00001c80       ??_C@_0BK@GFDNLDCE@ecma_compare_ecma_strings?$AA@ 00439980     ecma-helpers-string.obj
 0002:00001c9c       ??_C@_0CF@BKJCDJGB@ecma_compare_ecma_strings_relati@ 0043999c     ecma-helpers-string.obj
 0002:00001cc4       ??_C@_0BH@NBCBPCJO@ecma_string_get_length?$AA@ 004399c4     ecma-helpers-string.obj
 0002:00001ce0       ??_C@_0II@ODKFDJKH@ECMA_STRING_IS_ASCII?5?$CIlit_get_ma@ 004399e0     ecma-helpers-string.obj
 0002:00001d68       ??_C@_0BF@PMMLHBAJ@ecma_string_get_size?$AA@ 00439a68     ecma-helpers-string.obj
 0002:00001d80       ??_C@_0BM@HKHLDLLL@ecma_string_get_char_at_pos?$AA@ 00439a80     ecma-helpers-string.obj
 0002:00001d9c       ??_C@_0CK@PGKPLGM@index?5?$DM?5ecma_string_get_length?5?$CI@ 00439a9c     ecma-helpers-string.obj
 0002:00001dc8       ??_C@_0EN@PAMDGPNF@ECMA_STRING_GET_CONTAINER?5?$CIstrin@ 00439ac8     ecma-helpers-string.obj
 0002:00001e18       ??_C@_08LJAEONMP@is_ascii?$AA@ 00439b18     ecma-helpers-string.obj
 0002:00001e24       ??_C@_0BH@IINEHCIM@utf8_str_p___size?5?$CB?$DN?50?$AA@ 00439b24     ecma-helpers-string.obj
 0002:00001e3c       ??_C@_0BH@CNMEAIAP@utf8_str_p___size?5?$DN?$DN?50?$AA@ 00439b3c     ecma-helpers-string.obj
 0002:00001e54       ??_C@_0BD@HHLIFDHM@ecma_string_substr?$AA@ 00439b54     ecma-helpers-string.obj
 0002:00001e68       ??_C@_0BL@ILGCHDMB@start_pos?5?$DM?$DN?5string_length?$AA@ 00439b68     ecma-helpers-string.obj
 0002:00001e84       ??_C@_0BJ@HOBLFPIL@end_pos?5?$DM?$DN?5string_length?$AA@ 00439b84     ecma-helpers-string.obj
 0002:00001ea0       ??_C@_0BB@BDAAJGPD@ecma_string_trim?$AA@ 00439ba0     ecma-helpers-string.obj
 0002:00001eb4       ??_C@_0BD@FDOMDLBA@utf8_str_p?5?$CB?$DN?5NULL?$AA@ 00439bb4     ecma-helpers-string.obj
 0002:00001ec8       ??_C@_0BL@JNJJIGPE@ecma_pointer_to_ecma_value?$AA@ 00439bc8     ecma-helpers-value.obj
 0002:00001ee4       ??_C@_0BP@BMADFKHD@ecma?2base?2ecma?9helpers?9value?4c?$AA@ 00439be4     ecma-helpers-value.obj
 0002:00001f04       ??_C@_0CH@MPLKCOKP@?$CIuint_ptr?5?$CG?5ECMA_VALUE_FULL_MASK@ 00439c04     ecma-helpers-value.obj
 0002:00001f2c       ??_C@_0CG@MDLIDCPG@ecma_check_value_type_is_spec_de@ 00439c2c     ecma-helpers-value.obj
 0002:00001f58       ??_C@_0LP@LBAKHLHE@ecma_is_value_undefined?5?$CIvalue?$CJ?5@ 00439c58     ecma-helpers-value.obj
 0002:00002018       ??_C@_0BI@HPNDGJOA@ecma_make_integer_value?$AA@ 00439d18     ecma-helpers-value.obj
 0002:00002030       ??_C@_0CH@OKGAAONI@ECMA_IS_INTEGER_NUMBER?5?$CIinteger_@ 00439d30     ecma-helpers-value.obj
 0002:00002058       ??_C@_0BH@HJCIFFC@ecma_make_string_value?$AA@ 00439d58     ecma-helpers-value.obj
 0002:00002070       ??_C@_0BG@EDECEECB@ecma_string_p?5?$CB?$DN?5NULL?$AA@ 00439d70     ecma-helpers-value.obj
 0002:00002088       ??_C@_0BH@MHHIMGPA@ecma_make_object_value?$AA@ 00439d88     ecma-helpers-value.obj
 0002:000020a0       ??_C@_0BG@FDLHKHEI@ecma_make_error_value?$AA@ 00439da0     ecma-helpers-value.obj
 0002:000020b8       ??_C@_0BN@MCBDHJKB@?$CBECMA_IS_VALUE_ERROR?5?$CIvalue?$CJ?$AA@ 00439db8     ecma-helpers-value.obj
 0002:000020d8       ??_C@_0BM@ONLLBPAG@ecma_get_integer_from_value?$AA@ 00439dd8     ecma-helpers-value.obj
 0002:000020f4       ??_C@_0CF@FHMFMCCG@ecma_is_value_integer_number?5?$CIva@ 00439df4     ecma-helpers-value.obj
 0002:0000211c       ??_C@_0BK@LIPOEBDP@ecma_get_float_from_value?$AA@ 00439e1c     ecma-helpers-value.obj
 0002:00002138       ??_C@_0DF@IDCFJKME@ecma_get_value_type_field?5?$CIvalue@ 00439e38     ecma-helpers-value.obj
[...]
 0001:00014392       _ecma_builtin_json_stringify 00414692 f   ecma-builtin-json.obj
 0001:0001498e       _ecma_builtin_json_walk    00414c8e f   ecma-builtin-json.obj
 0001:00014f44       $LN96                      00415244     ecma-builtin-math.obj
 0001:00014f80       _ecma_builtin_math_object_max_min 00415280 f   ecma-builtin-math.obj
 0001:0001514a       _ecma_builtin_number_prototype_helper_round 0041544a f   ecma-builtin-number-prototype.obj
 0001:000151b0       _ecma_builtin_number_prototype_helper_to_string 004154b0 f   ecma-builtin-number-prototype.obj
 0001:000152a4       _ecma_builtin_number_prototype_object_to_exponential 004155a4 f   ecma-builtin-number-prototype.obj
 0001:00015609       _ecma_builtin_number_prototype_object_to_fixed 00415909 f   ecma-builtin-number-prototype.obj
 0001:0001597c       _ecma_builtin_number_prototype_object_to_precision 00415c7c f   ecma-builtin-number-prototype.obj
 0001:00015d25       _ecma_builtin_number_prototype_object_to_string 00416025 f   ecma-builtin-number-prototype.obj
 0001:000162da       _ecma_builtin_number_prototype_object_value_of 004165da f   ecma-builtin-number-prototype.obj
 0001:000164a6       _ecma_builtin_object_prototype_object_has_own_property 004167a6 f   ecma-builtin-object-prototype.obj
 0001:00016550       _ecma_builtin_object_prototype_object_is_prototype_of 00416850 f   ecma-builtin-object-prototype.obj
 0001:0001661f       _ecma_builtin_object_prototype_object_property_is_enumerable 0041691f f   ecma-builtin-object-prototype.obj
 0001:000166ec       _ecma_builtin_object_prototype_object_to_locale_string 004169ec f   ecma-builtin-object-prototype.obj
 0001:00016b2f       $LN77                      00416e2f     ecma-builtin-object.obj
 0001:00016b63       _ecma_builtin_object_object_create 00416e63 f   ecma-builtin-object.obj
 0001:00016c35       _ecma_builtin_object_object_define_properties 00416f35 f   ecma-builtin-object.obj
 0001:00016ecb       _ecma_builtin_object_object_define_property 004171cb f   ecma-builtin-object.obj
 0001:00016fe5       _ecma_builtin_object_object_freeze 004172e5 f   ecma-builtin-object.obj
 0001:0001711f       _ecma_builtin_object_object_get_own_property_descriptor 0041741f f   ecma-builtin-object.obj
 0001:000171de       _ecma_builtin_object_object_get_prototype_of 004174de f   ecma-builtin-object.obj
 0001:0001723a       _ecma_builtin_object_object_is_extensible 0041753a f   ecma-builtin-object.obj
 0001:0001727e       _ecma_builtin_object_object_is_frozen 0041757e f   ecma-builtin-object.obj
 0001:00017358       _ecma_builtin_object_object_is_sealed 00417658 f   ecma-builtin-object.obj
 0001:0001741e       _ecma_builtin_object_object_seal 0041771e f   ecma-builtin-object.obj
 0001:000175d1       _ecma_builtin_regexp_prototype_compile 004178d1 f   ecma-builtin-regexp-prototype.obj
 0001:00017aad       _ecma_builtin_regexp_prototype_exec 00417dad f   ecma-builtin-regexp-prototype.obj
 0001:00017bda       _ecma_builtin_regexp_prototype_test 00417eda f   ecma-builtin-regexp-prototype.obj
 0001:00017c49       _ecma_builtin_regexp_prototype_to_string 00417f49 f   ecma-builtin-regexp-prototype.obj
 0001:0001805c       _ecma_builtin_helper_split_match 0041835c f   ecma-builtin-string-prototype.obj
 0001:0001857f       $LN88                      0041887f     ecma-builtin-string-prototype.obj
 0001:000185cf       _ecma_builtin_string_prototype_object_char_at 004188cf f   ecma-builtin-string-prototype.obj
 0001:00018786       _ecma_builtin_string_prototype_object_char_code_at 00418a86 f   ecma-builtin-string-prototype.obj
 0001:000189be       _ecma_builtin_string_prototype_object_concat 00418cbe f   ecma-builtin-string-prototype.obj
 0001:00018af5       _ecma_builtin_string_prototype_object_conversion_helper 00418df5 f   ecma-builtin-string-prototype.obj
 0001:00018dab       _ecma_builtin_string_prototype_object_locale_compare 004190ab f   ecma-builtin-string-prototype.obj
 0001:00018ec0       _ecma_builtin_string_prototype_object_match 004191c0 f   ecma-builtin-string-prototype.obj
 0001:000193b5       _ecma_builtin_string_prototype_object_replace 004196b5 f   ecma-builtin-string-prototype.obj
 0001:000195f2       _ecma_builtin_string_prototype_object_replace_append_substr 004198f2 f   ecma-builtin-string-prototype.obj
 0001:00019689       _ecma_builtin_string_prototype_object_replace_get_string 00419989 f   ecma-builtin-string-prototype.obj
 0001:00019c9e       _ecma_builtin_string_prototype_object_replace_loop 00419f9e f   ecma-builtin-string-prototype.obj
 0001:00019ee7       _ecma_builtin_string_prototype_object_replace_main 0041a1e7 f   ecma-builtin-string-prototype.obj
 0001:0001a002       _ecma_builtin_string_prototype_object_replace_match 0041a302 f   ecma-builtin-string-prototype.obj
 0001:0001a2c1       _ecma_builtin_string_prototype_object_search 0041a5c1 f   ecma-builtin-string-prototype.obj
 0001:0001a50f       _ecma_builtin_string_prototype_object_slice 0041a80f f   ecma-builtin-string-prototype.obj
 0001:0001a77b       _ecma_builtin_string_prototype_object_split 0041aa7b f   ecma-builtin-string-prototype.obj
 0001:0001aef5       _ecma_builtin_string_prototype_object_substr 0041b1f5 f   ecma-builtin-string-prototype.obj
 0001:0001b247       _ecma_builtin_string_prototype_object_substring 0041b547 f   ecma-builtin-string-prototype.obj
 0001:0001b4d8       _ecma_builtin_string_prototype_object_to_string 0041b7d8 f   ecma-builtin-string-prototype.obj
 0001:0001b547       _ecma_builtin_string_prototype_object_trim 0041b847 f   ecma-builtin-string-prototype.obj
 0001:0001b698       _ecma_builtin_string_object_from_char_code 0041b998 f   ecma-builtin-string.obj
 0001:0001bbcb       $LN107                     0041becb     ecma-builtins.obj
 0001:0001bc1b       $LN99                      0041bf1b     ecma-builtins.obj
 0001:0001be00       $LN104                     0041c100     ecma-builtins.obj
 0001:0001be50       $LN97                      0041c150     ecma-builtins.obj
 0001:0001be75       _ecma_builtin_dispatch_routine 0041c175 f   ecma-builtins.obj
 0001:0001c1ad       $LN56                      0041c4ad     ecma-builtins.obj
 0001:0001c2e5       _ecma_builtin_get_property_count 0041c5e5 f   ecma-builtins.obj
 0001:0001c311       _ecma_builtin_init_object  0041c611 f   ecma-builtins.obj
 0001:0001c6d1       _ecma_builtin_make_function_object_for_routine 0041c9d1 f   ecma-builtins.obj
 0001:0001cad6       _ecma_instantiate_builtin  0041cdd6 f   ecma-builtins.obj
 0001:0001d7a6       $LN485                     0041daa6     ecma-builtins.obj
 0001:0001fe40       _ecma_op_function_construct_simple_or_external 00420140 f   ecma-function-object.obj
 0001:0002380e       _re_match_regexp           00423b0e f   ecma-regexp-object.obj
 0001:0002458e       $LN318                     0042488e     ecma-regexp-object.obj
 0001:0002470c       _re_set_data_property      00424a0c f   ecma-regexp-object.obj
 0001:00024a3a       _get_user_script           00424d3a f   entry.obj
 0001:00024b67       _print_value               00424e67 f   entry.obj
 0001:00026a5a       _eaddr                     00426d5a f   stdio.obj
 0001:00026b02       _iaddr                     00426e02 f   stdio.obj
 0001:00026bd3       _number                    00426ed3 f   stdio.obj
 0001:00026d6d       _skip_atoi                 0042706d f   stdio.obj
 0001:00026de5       __hx_aligned_free          004270e5 f   sysmem.obj
 0001:00026f71       ___ieee754_rem_pio2        00427271 f   trig.obj
 0001:000271f1       ___kernel_cos              004274f1 f   trig.obj
 0001:000272b6       ___kernel_rem_pio2         004275b6 f   trig.obj
 0001:00027834       ___kernel_sin              00427b34 f   trig.obj
 0001:000278bb       ___kernel_tan              00427bbb f   trig.obj
 0001:00027c32       _jerry_assert_api_available 00427f32 f   jerry.obj
 0001:00027fb5       _jmem_heap_alloc_block_internal 004282b5 f   jmem-heap.obj
 0001:000282e1       _jmem_heap_gc_and_alloc_block 004285e1 f   jmem-heap.obj
 0001:0002872a       _lit_char_is_unicode_letter 00428a2a f   lit-char-helpers.obj
 0001:000289a7       _search_char_in_char_array 00428ca7 f   lit-char-helpers.obj
 0001:000289e6       _search_char_in_interval_array 00428ce6 f   lit-char-helpers.obj
 0001:00028d13       _convert_code_point_to_high_surrogate 00429013 f   lit-strings.obj
 0001:0002a71d       $LN77                      0042aa1d     js-lexer.obj
 0001:0002a749       _lexer_parse_identifier    0042aa49 f   js-lexer.obj
 0001:0002a90b       _lexer_parse_number        0042ac0b f   js-lexer.obj
 0001:0002aaa8       _lexer_parse_string        0042ada8 f   js-lexer.obj
 0001:0002ad4a       _lexer_process_char_literal 0042b04a f   js-lexer.obj
 0001:0002af8b       _skip_spaces               0042b28b f   js-lexer.obj
 0001:0002b17c       _parser_append_binary_token 0042b47c f   js-parser-expr.obj
 0001:0002b635       _parser_append_object_literal_item 0042b935 f   js-parser-expr.obj
 0001:0002b700       _parser_emit_unary_lvalue_opcode 0042ba00 f   js-parser-expr.obj
 0001:0002b9ac       _parser_parse_array_literal 0042bcac f   js-parser-expr.obj
 0001:0002bde6       _parser_parse_object_literal 0042c0e6 f   js-parser-expr.obj
 0001:0002bf7d       _parser_parse_unary_expression 0042c27d f   js-parser-expr.obj
 0001:0002c30a       _parser_process_binary_opcodes 0042c60a f   js-parser-expr.obj
 0001:0002c530       _parser_process_unary_expression 0042c830 f   js-parser-expr.obj
 0001:0002ca8d       _parser_push_result        0042cd8d f   js-parser-expr.obj
 0001:0002cba2       _parser_data_free          0042cea2 f   js-parser-mem.obj
 0001:0002d3d2       _parser_scan_primary_expression 0042d6d2 f   js-parser-scanner.obj
 0001:0002d522       _parser_scan_primary_expression_end 0042d822 f   js-parser-scanner.obj
 0001:0002d649       _parser_scan_statement     0042d949 f   js-parser-scanner.obj
 0001:0002d821       $LN35                      0042db21     js-parser-scanner.obj
 0001:0002d851       $LN31                      0042db51     js-parser-scanner.obj
 0001:0002dc9b       _parser_parse_break_statement 0042df9b f   js-parser-statm.obj
 0001:0002de37       _parser_parse_case_statement 0042e137 f   js-parser-statm.obj
 0001:0002deeb       _parser_parse_continue_statement 0042e1eb f   js-parser-statm.obj
 0001:0002e0e1       _parser_parse_default_statement 0042e3e1 f   js-parser-statm.obj
 0001:0002e16e       _parser_parse_do_while_statement_end 0042e46e f   js-parser-statm.obj
 0001:0002e240       _parser_parse_enclosed_expr 0042e540 f   js-parser-statm.obj
 0001:0002e289       _parser_parse_for_statement_end 0042e589 f   js-parser-statm.obj
 0001:0002e3e0       _parser_parse_for_statement_start 0042e6e0 f   js-parser-statm.obj
 0001:0002e737       _parser_parse_function_statement 0042ea37 f   js-parser-statm.obj
 0001:0002e8e0       _parser_parse_if_statement_end 0042ebe0 f   js-parser-statm.obj
 0001:0002e9b6       _parser_parse_if_statement_start 0042ecb6 f   js-parser-statm.obj
 0001:0002e9ff       _parser_parse_label        0042ecff f   js-parser-statm.obj
 0001:0002f261       $LN210                     0042f561     js-parser-statm.obj
 0001:0002f285       $LN211                     0042f585     js-parser-statm.obj
 0001:0002f2ad       _parser_parse_switch_statement_start 0042f5ad f   js-parser-statm.obj
 0001:0002f4eb       _parser_parse_try_statement_end 0042f7eb f   js-parser-statm.obj
 0001:0002f72f       _parser_parse_var_statement 0042fa2f f   js-parser-statm.obj
 0001:0002f7fe       _parser_parse_while_statement_end 0042fafe f   js-parser-statm.obj
 0001:0002f912       _parser_parse_while_statement_start 0042fc12 f   js-parser-statm.obj
 0001:0002f9e1       _parser_parse_with_statement_end 0042fce1 f   js-parser-statm.obj
 0001:0002fab0       _parser_parse_with_statement_start 0042fdb0 f   js-parser-statm.obj
 0001:0002fb1b       _parser_save_range         0042fe1b f   js-parser-statm.obj
 0001:0002fb43       _parser_set_range          0042fe43 f   js-parser-statm.obj
 0001:0002fb6e       _parser_stack_change_last_uint8 0042fe6e f   js-parser-statm.obj
 0001:0002fbbb       _parser_stack_iterator_read_uint8 0042febb f   js-parser-statm.obj
 0001:0002fbef       _parser_statement_length   0042feef f   js-parser-statm.obj
 0001:00030300       _parser_emit_two_bytes     00430600 f   js-parser-util.obj
 0001:00030693       _parse_update_branches     00430993 f   js-parser.obj
 0001:0003085a       _parser_compute_indicies   00430b5a f   js-parser.obj
 0001:00030ed2       _parser_encode_literal     004311d2 f   js-parser.obj
 0001:00030f0d       _parser_free_literals      0043120d f   js-parser.obj
 0001:00030f4f       _parser_generate_initializers 0043124f f   js-parser.obj
 0001:0003163d       _parser_parse_source       0043193d f   js-parser.obj
 0001:00031836       _parser_post_processing    00431b36 f   js-parser.obj
 0001:000320e1       _parser_update_backward_branch 004323e1 f   js-parser.obj
 0001:00032150       _parser_update_forward_branch 00432450 f   js-parser.obj
 0001:000321f1       _re_bytecode_list_append   004324f1 f   re-bytecode.obj
 0001:00032367       _re_realloc_regexp_bytecode_block 00432667 f   re-bytecode.obj
 0001:00032425       _re_append_char_class      00432725 f   re-compiler.obj
 0001:00032768       _re_insert_into_group      00432a68 f   re-compiler.obj
 0001:00032892       _re_insert_into_group_with_jump 00432b92 f   re-compiler.obj
 0001:000328c5       _re_insert_simple_iterator 00432bc5 f   re-compiler.obj
 0001:00032949       _re_parse_alternative      00432c49 f   re-compiler.obj
 0001:00032d15       $LN69                      00433015     re-compiler.obj
 0001:00032d6d       _re_count_num_of_groups    0043306d f   re-parser.obj
 0001:00032dcb       _re_hex_lookup             004330cb f   re-parser.obj
 0001:00033262       _re_parse_iterator         00433562 f   re-parser.obj
 0001:00033829       _re_parse_non_greedy_char  00433b29 f   re-parser.obj
 0001:00033849       _re_parse_octal            00433b49 f   re-parser.obj
 0001:00034b22       _vm_decode_branch_offset   00434e22 f   vm-stack.obj
 0001:00034e20       _opfunc_call               00435120 f   vm.obj
 0001:00034f32       _opfunc_construct          00435232 f   vm.obj
 0001:00034fbc       _vm_construct_literal_object 004352bc f   vm.obj
 0001:0003500a       _vm_execute                0043530a f   vm.obj
 0001:0003512d       _vm_get_implicit_this_value 0043542d f   vm.obj
 0001:00035188       _vm_init_loop              00435488 f   vm.obj
 0001:000353c7       _vm_loop                   004356c7 f   vm.obj
 0001:00037257       $LN810                     00437557     vm.obj
 0001:000373b3       _vm_op_get_value           004376b3 f   vm.obj
 0001:000374a3       _vm_op_set_value           004377a3 f   vm.obj
 0001:000376c0       $$000000                   004379c0     MSVCRT:llmul.obj
 0001:00037700       $$000000                   00437a00     MSVCRT:ftol2.obj
 0001:000377b0       $$000000                   00437ab0     MSVCRT:llshl.obj
 0001:000377d0       $$000000                   00437ad0     MSVCRT:ulldvrm.obj
 0002:00001354       _nums_with_ascending_length 00439054     ecma-helpers-string.obj
 0002:0000137c       _max_uint32_len            0043907c     ecma-helpers-string.obj
 0002:00003784       _ecma_property_hashmap_steps 0043b484     ecma-property-hashmap.obj
 0002:00005300       _unescaped_uri_set         0043d000     ecma-builtin-global.obj
 0002:00005310       _unescaped_uri_component_set 0043d010     ecma-builtin-global.obj
 0002:00005320       _ecma_escape_set           0043d020     ecma-builtin-global.obj
 0002:000064e0       ?digit_chars@?7??ecma_builtin_number_prototype_object_to_string@@9@9 0043e1e0     ecma-builtin-number-prototype.obj
 0002:00007db8       ?builtin_number_list@?BF@??ecma_builtin_try_to_instantiate_property@@9@9 0043fab8     ecma-builtins.obj
 0002:00007e08       _ecma_builtin_property_list_references 0043fb08     ecma-builtins.obj
 0002:000097e8       ?prototype_str_p@?1??ecma_op_function_try_lazy_instantiate_property@@9@9 004414e8     ecma-function-object.obj
 0002:0000b580       _atanhi                    00443280     atan.obj
 0002:0000b5a0       _atanlo                    004432a0     atan.obj
 0002:0000b650       _halF                      00443350     exp.obj
 0002:0000b660       _ln2HI                     00443360     exp.obj
 0002:0000b670       _ln2LO                     00443370     exp.obj
 0002:0000b710       _Zero                      00443410     math.obj
 0002:0000b720       _bp                        00443420     pow.obj
 0002:0000b730       _dp_h                      00443430     pow.obj
 0002:0000b740       _dp_l                      00443440     pow.obj
 0002:0000b898       _init_jk                   00443598     trig.obj
 0002:0000b8a8       _PIo2                      004435a8     trig.obj
 0002:0000b8e8       _ipio2                     004435e8     trig.obj
 0002:0000b9f0       _npio2_hw                  004436f0     trig.obj
 0002:0000c200       _unicode_letter_interv_sps 00443f00     lit-char-helpers.obj
 0002:0000c3a8       _unicode_letter_interv_lens 004440a8     lit-char-helpers.obj
 0002:0000c47c       _unicode_separator_char_interv_sps 0044417c     lit-char-helpers.obj
 0002:0000c47e       _unicode_separator_char_interv_lens 0044417e     lit-char-helpers.obj
 0002:0000c480       _unicode_letter_chars      00444180     lit-char-helpers.obj
 0002:0000c4f0       _unicode_non_letter_ident_part_interv_sps 004441f0     lit-char-helpers.obj
 0002:0000c5b8       _unicode_non_letter_ident_part_interv_lens 004442b8     lit-char-helpers.obj
 0002:0000c61c       _unicode_non_letter_ident_part_chars 0044431c     lit-char-helpers.obj
 0002:0000c654       _unicode_separator_chars   00444354     lit-char-helpers.obj
 0002:0000c7c0       ?lit_magic_strings@?1??lit_get_magic_string_utf8@@9@9 004444c0     lit-magic-strings.obj
 0002:0000cb68       ?lit_magic_string_sizes@?1??lit_get_magic_string_size@@9@9 00444868     lit-magic-strings.obj
 0002:0000cc58       ?lit_magic_string_size_block_starts@?1??lit_get_magic_string_size_block_start@@9@9 00444958     lit-magic-strings.obj
 0002:0000dcc0       _lexer_get_literal         004459c0     js-lexer.obj
 0002:0000dcc8       _lexer_set_literal         004459c8     js-lexer.obj
 0002:0000dcd0       _keyword_length_2          004459d0     js-lexer.obj
 0002:0000dcf0       _keyword_length_3          004459f0     js-lexer.obj
 0002:0000dd20       _keyword_length_4          00445a20     js-lexer.obj
 0002:0000dd68       _keyword_length_5          00445a68     js-lexer.obj
 0002:0000ddb8       _keyword_length_6          00445ab8     js-lexer.obj
 0002:0000de00       _keyword_length_7          00445b00     js-lexer.obj
 0002:0000de30       _keyword_length_8          00445b30     js-lexer.obj
 0002:0000de50       _keyword_length_9          00445b50     js-lexer.obj
 0002:0000de68       _keyword_length_10         00445b68     js-lexer.obj
 0002:0000de80       _keyword_string_list       00445b80     js-lexer.obj
 0002:0000e4f8       _parser_binary_precedence_table 004461f8     js-parser-expr.obj
 0002:0000f2f0       ?statement_lengths@?1??parser_statement_length@@9@9 00446ff0     js-parser-statm.obj
 0002:000113a8       _vm_decode_table           004490a8     vm.obj
 0002:00011d38       .idata$6                   00449a38     kernel32:KERNEL32.dll
 0003:00000000       __ctype                    00449a80     ctype.obj
 0003:00000008       _next                      00449a88     rand.obj
 0003:0000000c       _digits                    00449a8c     stdio.obj
 0003:00000010       _upper_digits              00449a90     stdio.obj
 0003:000000a4       _tb                        00449b24     time.obj
 0004:00000000       _pinit                     004ca480     MSVCRT:cpu_disp.obj
 0005:00000060       $R000000                   004ca520     * linker generated manifest res *
